[Fri Nov 06 04:59:42.335803 2015] [ssl:info] [pid 20004:tid 140657855211264] SSL Library Error: error:140760FC:SSL routines:SSL23_GET_CLIENT_HELLO:unknown protocol -- speaking not SSL to HTTPS port!?
[Fri Nov 06 04:59:42.335809 2015] [ssl:info] [pid 20004:tid 140657855211264] [client 203.67.9.77:60000] AH01998: Connection closed to child 85 with abortive shutdown (server ec2-54-183-138-254.us-west-1.compute.amazonaws.com:443)
[Fri Nov 06 06:03:59.108044 2015] [ssl:info] [pid 20003:tid 140658014672640] [client 182.118.60.35:46212] AH01964: Connection to child 2 established (server ec2-54-183-138-254.us-west-1.compute.amazonaws.com:443)
[Fri Nov 06 06:03:59.365635 2015] [ssl:info] [pid 20003:tid 140658014672640] [client 182.118.60.35:46212] AH02008: SSL library error 1 in handshake (server ec2-54-183-138-254.us-west-1.compute.amazonaws.com:443)
[Fri Nov 06 06:03:59.365667 2015] [ssl:info] [pid 20003:tid 140658014672640] SSL Library Error: error:14094412:SSL routines:SSL3_READ_BYTES:sslv3 alert bad certificate (SSL alert number 42) -- Subject CN in certificate not server name or identical to CA!?
[Fri Nov 06 06:03:59.365679 2015] [ssl:info] [pid 20003:tid 140658014672640] [client 182.118.60.35:46212] AH01998: Connection closed to child 2 with abortive shutdown (server ec2-54-183-138-254.us-west-1.compute.amazonaws.com:443)
[Fri Nov 06 07:45:08.883382 2015] [ssl:info] [pid 20000:tid 140658216019840] AH02200: Loading certificate & private key of SSL-aware server 'ec2-54-183-138-254.us-west-1.compute.amazonaws.com:443'
[Fri Nov 06 07:45:08.883660 2015] [ssl:info] [pid 20000:tid 140658216019840] AH01914: Configuring server ec2-54-183-138-254.us-west-1.compute.amazonaws.com:443 for SSL protocol
[Fri Nov 06 07:45:08.883969 2015] [ssl:warn] [pid 20000:tid 140658216019840] AH01906: RSA server certificate is a CA certificate (BasicConstraints: CA == TRUE !?)
[Fri Nov 06 07:45:08.883983 2015] [ssl:warn] [pid 20000:tid 140658216019840] AH01909: RSA certificate configured for ec2-54-183-138-254.us-west-1.compute.amazonaws.com:443 does NOT include an ID which matches the server name
[Fri Nov 06 13:17:14.035073 2015] [ssl:info] [pid 21489:tid 140658014672640] [client 141.212.122.128:1601] AH01964: Connection to child 130 established (server ec2-54-183-138-254.us-west-1.compute.amazonaws.com:443)
[Fri Nov 06 13:17:14.035449 2015] [ssl:info] [pid 21489:tid 140658014672640] [client 141.212.122.128:1601] AH02008: SSL library error 1 in handshake (server ec2-54-183-138-254.us-west-1.compute.amazonaws.com:443)
[Fri Nov 06 13:17:14.035479 2015] [ssl:info] [pid 21489:tid 140658014672640] SSL Library Error: error:1408A0C1:SSL routines:SSL3_GET_CLIENT_HELLO:no shared cipher -- Too restrictive SSLCipherSuite or using DSA server certificate?
[Fri Nov 06 13:17:14.035486 2015] [ssl:info] [pid 21489:tid 140658014672640] [client 141.212.122.128:1601] AH01998: Connection closed to child 130 with abortive shutdown (server ec2-54-183-138-254.us-west-1.compute.amazonaws.com:443)
[Sat Nov 07 03:30:33.359456 2015] [ssl:info] [pid 21489:tid 140657880389376] [client 216.218.206.68:55381] AH01964: Connection to child 146 established (server ec2-54-183-138-254.us-west-1.compute.amazonaws.com:443)
[Sat Nov 07 03:30:40.404403 2015] [ssl:info] [pid 21489:tid 140657871996672] (104)Connection reset by peer: [client 216.218.206.68:55381] AH01991: SSL input filter read failed.
[Sat Nov 07 03:41:01.935384 2015] [ssl:info] [pid 21490:tid 140657981101824] [client 216.218.206.68:55376] AH01964: Connection to child 198 established (server ec2-54-183-138-254.us-west-1.compute.amazonaws.com:443)
[Sat Nov 07 03:41:04.313064 2015] [:info] [pid 21490:tid 140657981101824] [client 216.218.206.68:55376] mod_wsgi (pid=21490, process='', application='ec2-54-183-138-254.us-west-1.compute.amazonaws.com|'): Loading WSGI script '/var/www/lunchroll/lunchroll.wsgi'.
[Sat Nov 07 03:41:06.331511 2015] [ssl:info] [pid 21490:tid 140657972709120] (104)Connection reset by peer: [client 216.218.206.68:55376] AH01991: SSL input filter read failed.
[Sat Nov 07 03:42:26.180286 2015] [ssl:info] [pid 21490:tid 140657964316416] [client 216.218.206.68:54364] AH01964: Connection to child 200 established (server ec2-54-183-138-254.us-west-1.compute.amazonaws.com:443)
[Sat Nov 07 03:42:26.180605 2015] [ssl:info] [pid 21490:tid 140657964316416] [client 216.218.206.68:54364] AH02008: SSL library error 1 in handshake (server ec2-54-183-138-254.us-west-1.compute.amazonaws.com:443)
[Sat Nov 07 03:42:26.180634 2015] [ssl:info] [pid 21490:tid 140657964316416] SSL Library Error: error:1408A0C1:SSL routines:SSL3_GET_CLIENT_HELLO:no shared cipher -- Too restrictive SSLCipherSuite or using DSA server certificate?
[Sat Nov 07 03:42:26.180652 2015] [ssl:info] [pid 21490:tid 140657964316416] [client 216.218.206.68:54364] AH01998: Connection closed to child 200 with abortive shutdown (server ec2-54-183-138-254.us-west-1.compute.amazonaws.com:443)
[Sat Nov 07 04:49:20.042550 2015] [ssl:info] [pid 21490:tid 140657947531008] [client 203.67.9.77:60000] AH01964: Connection to child 202 established (server ec2-54-183-138-254.us-west-1.compute.amazonaws.com:443)
[Sat Nov 07 04:49:20.042786 2015] [ssl:info] [pid 21490:tid 140657947531008] [client 203.67.9.77:60000] AH02008: SSL library error 1 in handshake (server ec2-54-183-138-254.us-west-1.compute.amazonaws.com:443)
[Sat Nov 07 04:49:20.042802 2015] [ssl:info] [pid 21490:tid 140657947531008] SSL Library Error: error:140760FC:SSL routines:SSL23_GET_CLIENT_HELLO:unknown protocol -- speaking not SSL to HTTPS port!?
[Sat Nov 07 04:49:20.042808 2015] [ssl:info] [pid 21490:tid 140657947531008] [client 203.67.9.77:60000] AH01998: Connection closed to child 202 with abortive shutdown (server ec2-54-183-138-254.us-west-1.compute.amazonaws.com:443)
[Sat Nov 07 12:44:44.305578 2015] [ssl:info] [pid 21489:tid 140657838425856] [client 141.212.121.208:58186] AH01964: Connection to child 151 established (server ec2-54-183-138-254.us-west-1.compute.amazonaws.com:443)
[Sat Nov 07 12:44:44.766734 2015] [ssl:info] [pid 21489:tid 140657838425856] (70014)End of file found: [client 141.212.121.208:58186] AH01991: SSL input filter read failed.
[Sat Nov 07 13:23:03.216551 2015] [ssl:info] [pid 21490:tid 140657913960192] [client 141.212.122.144:45151] AH01964: Connection to child 206 established (server ec2-54-183-138-254.us-west-1.compute.amazonaws.com:443)
[Sat Nov 07 13:23:03.645125 2015] [ssl:info] [pid 21490:tid 140657913960192] (70014)End of file found: [client 141.212.122.144:45151] AH01991: SSL input filter read failed.
[Sat Nov 07 14:47:01.297785 2015] [ssl:info] [pid 21489:tid 140657989494528] [client 199.115.117.88:45607] AH01964: Connection to child 133 established (server ec2-54-183-138-254.us-west-1.compute.amazonaws.com:443)
[Sat Nov 07 14:47:03.102727 2015] [ssl:info] [pid 21489:tid 140657922352896] (70014)End of file found: [client 199.115.117.88:45607] AH01991: SSL input filter read failed.
[Sat Nov 07 18:13:06.132132 2015] [ssl:info] [pid 21489:tid 140658031458048] [client 46.237.207.196:55334] AH01964: Connection to child 128 established (server ec2-54-183-138-254.us-west-1.compute.amazonaws.com:443)
[Sat Nov 07 18:13:06.480587 2015] [ssl:info] [pid 21489:tid 140658031458048] (70014)End of file found: [client 46.237.207.196:55334] AH01991: SSL input filter read failed.
[Sat Nov 07 20:36:04.041272 2015] [ssl:info] [pid 21489:tid 140658023065344] [client 46.237.207.196:42877] AH01964: Connection to child 129 established (server ec2-54-183-138-254.us-west-1.compute.amazonaws.com:443)
[Sat Nov 07 20:36:04.379729 2015] [ssl:info] [pid 21489:tid 140658023065344] (70014)End of file found: [client 46.237.207.196:42877] AH01991: SSL input filter read failed.
[Sat Nov 07 20:50:35.823426 2015] [ssl:info] [pid 21490:tid 140657905567488] [client 141.212.122.160:56820] AH01964: Connection to child 207 established (server ec2-54-183-138-254.us-west-1.compute.amazonaws.com:443)
[Sat Nov 07 20:50:36.117656 2015] [ssl:info] [pid 21490:tid 140657905567488] (70014)End of file found: [client 141.212.122.160:56820] AH01991: SSL input filter read failed.
[Sun Nov 08 01:27:21.198938 2015] [ssl:info] [pid 21489:tid 140658014672640] [client 46.237.207.196:49912] AH01964: Connection to child 130 established (server ec2-54-183-138-254.us-west-1.compute.amazonaws.com:443)
[Sun Nov 08 01:27:21.987442 2015] [ssl:info] [pid 21489:tid 140658014672640] (70014)End of file found: [client 46.237.207.196:49912] AH01991: SSL input filter read failed.
[Sun Nov 08 03:18:06.885818 2015] [ssl:info] [pid 21489:tid 140658006279936] [client 46.237.207.196:40364] AH01964: Connection to child 131 established (server ec2-54-183-138-254.us-west-1.compute.amazonaws.com:443)
[Sun Nov 08 03:18:11.724883 2015] [ssl:info] [pid 21489:tid 140658006279936] (70014)End of file found: [client 46.237.207.196:40364] AH01991: SSL input filter read failed.
[Sun Nov 08 05:19:05.202451 2015] [ssl:info] [pid 21489:tid 140657880389376] [client 46.237.207.196:36729] AH01964: Connection to child 146 established (server ec2-54-183-138-254.us-west-1.compute.amazonaws.com:443)
[Sun Nov 08 05:19:05.548078 2015] [ssl:info] [pid 21489:tid 140657880389376] (70014)End of file found: [client 46.237.207.196:36729] AH01991: SSL input filter read failed.
[Sun Nov 08 06:56:15.606299 2015] [ssl:info] [pid 21490:tid 140657838425856] [client 46.237.207.196:33042] AH01964: Connection to child 215 established (server ec2-54-183-138-254.us-west-1.compute.amazonaws.com:443)
[Sun Nov 08 06:56:16.415237 2015] [ssl:info] [pid 21490:tid 140657838425856] (70014)End of file found: [client 46.237.207.196:33042] AH01991: SSL input filter read failed.
[Sun Nov 08 08:03:19.725047 2015] [ssl:info] [pid 20000:tid 140658216019840] AH02200: Loading certificate & private key of SSL-aware server 'ec2-54-183-138-254.us-west-1.compute.amazonaws.com:443'
[Sun Nov 08 08:03:19.725288 2015] [ssl:info] [pid 20000:tid 140658216019840] AH01914: Configuring server ec2-54-183-138-254.us-west-1.compute.amazonaws.com:443 for SSL protocol
[Sun Nov 08 08:03:19.725554 2015] [ssl:warn] [pid 20000:tid 140658216019840] AH01906: RSA server certificate is a CA certificate (BasicConstraints: CA == TRUE !?)
[Sun Nov 08 08:03:19.725567 2015] [ssl:warn] [pid 20000:tid 140658216019840] AH01909: RSA certificate configured for ec2-54-183-138-254.us-west-1.compute.amazonaws.com:443 does NOT include an ID which matches the server name
[Sun Nov 08 08:57:26.533045 2015] [ssl:info] [pid 26925:tid 140657905567488] [client 46.237.207.196:46496] AH01964: Connection to child 15 established (server ec2-54-183-138-254.us-west-1.compute.amazonaws.com:443)
[Sun Nov 08 08:57:27.345480 2015] [ssl:info] [pid 26925:tid 140657905567488] (70014)End of file found: [client 46.237.207.196:46496] AH01991: SSL input filter read failed.
[Sun Nov 08 10:51:08.012446 2015] [ssl:info] [pid 26925:tid 140657997887232] [client 46.237.207.196:45441] AH01964: Connection to child 4 established (server ec2-54-183-138-254.us-west-1.compute.amazonaws.com:443)
[Sun Nov 08 10:51:08.825351 2015] [ssl:info] [pid 26925:tid 140657997887232] (70014)End of file found: [client 46.237.207.196:45441] AH01991: SSL input filter read failed.
[Sun Nov 08 12:43:08.619488 2015] [ssl:info] [pid 26926:tid 140657989494528] [client 46.237.207.196:46080] AH01964: Connection to child 69 established (server ec2-54-183-138-254.us-west-1.compute.amazonaws.com:443)
[Sun Nov 08 12:43:09.471840 2015] [ssl:info] [pid 26926:tid 140657989494528] (70014)End of file found: [client 46.237.207.196:46080] AH01991: SSL input filter read failed.
[Sun Nov 08 13:04:43.950732 2015] [ssl:info] [pid 26925:tid 140657981101824] [client 195.154.200.47:60422] AH01964: Connection to child 6 established (server ec2-54-183-138-254.us-west-1.compute.amazonaws.com:443)
[Sun Nov 08 13:04:43.950958 2015] [ssl:info] [pid 26925:tid 140657981101824] [client 195.154.200.47:60422] AH01998: Connection closed to child 6 with abortive shutdown (server ec2-54-183-138-254.us-west-1.compute.amazonaws.com:443)
[Sun Nov 08 13:06:06.576112 2015] [ssl:info] [pid 26925:tid 140657930745600] [client 89.248.160.196:21188] AH01964: Connection to child 12 established (server ec2-54-183-138-254.us-west-1.compute.amazonaws.com:443)
[Sun Nov 08 13:06:07.108225 2015] [ssl:info] [pid 26925:tid 140657930745600] [client 89.248.160.196:21188] AH01998: Connection closed to child 12 with abortive shutdown (server ec2-54-183-138-254.us-west-1.compute.amazonaws.com:443)
[Sun Nov 08 13:06:51.664591 2015] [ssl:info] [pid 26926:tid 140657972709120] [client 195.154.200.88:34985] AH01964: Connection to child 71 established (server ec2-54-183-138-254.us-west-1.compute.amazonaws.com:443)
[Sun Nov 08 13:06:51.664843 2015] [ssl:info] [pid 26926:tid 140657972709120] [client 195.154.200.88:34985] AH01998: Connection closed to child 71 with abortive shutdown (server ec2-54-183-138-254.us-west-1.compute.amazonaws.com:443)
[Sun Nov 08 14:25:36.207186 2015] [ssl:info] [pid 26925:tid 140657880389376] [client 74.82.47.4:33344] AH01964: Connection to child 18 established (server ec2-54-183-138-254.us-west-1.compute.amazonaws.com:443)
[Sun Nov 08 14:25:41.197110 2015] [ssl:info] [pid 26925:tid 140657871996672] (104)Connection reset by peer: [client 74.82.47.4:33344] AH01991: SSL input filter read failed.
[Sun Nov 08 14:27:33.750238 2015] [ssl:info] [pid 26925:tid 140657955923712] [client 46.237.207.196:35045] AH01964: Connection to child 9 established (server ec2-54-183-138-254.us-west-1.compute.amazonaws.com:443)
[Sun Nov 08 14:27:34.578319 2015] [ssl:info] [pid 26925:tid 140657955923712] (70014)End of file found: [client 46.237.207.196:35045] AH01991: SSL input filter read failed.
[Sun Nov 08 14:29:26.982018 2015] [ssl:info] [pid 26925:tid 140658031458048] [client 74.82.47.4:47570] AH01964: Connection to child 0 established (server ec2-54-183-138-254.us-west-1.compute.amazonaws.com:443)
[Sun Nov 08 14:29:31.660865 2015] [ssl:info] [pid 26925:tid 140657964316416] (104)Connection reset by peer: [client 74.82.47.4:47570] AH01991: SSL input filter read failed.
[Sun Nov 08 14:30:50.373822 2015] [ssl:info] [pid 26926:tid 140657955923712] [client 74.82.47.4:45810] AH01964: Connection to child 73 established (server ec2-54-183-138-254.us-west-1.compute.amazonaws.com:443)
[Sun Nov 08 14:30:50.374179 2015] [ssl:info] [pid 26926:tid 140657955923712] [client 74.82.47.4:45810] AH02008: SSL library error 1 in handshake (server ec2-54-183-138-254.us-west-1.compute.amazonaws.com:443)
[Sun Nov 08 14:30:50.374235 2015] [ssl:info] [pid 26926:tid 140657955923712] SSL Library Error: error:1408A0C1:SSL routines:SSL3_GET_CLIENT_HELLO:no shared cipher -- Too restrictive SSLCipherSuite or using DSA server certificate?
[Sun Nov 08 14:30:50.374243 2015] [ssl:info] [pid 26926:tid 140657955923712] [client 74.82.47.4:45810] AH01998: Connection closed to child 73 with abortive shutdown (server ec2-54-183-138-254.us-west-1.compute.amazonaws.com:443)
[Sun Nov 08 16:18:00.643540 2015] [ssl:info] [pid 26925:tid 140657838425856] [client 46.237.207.196:51832] AH01964: Connection to child 23 established (server ec2-54-183-138-254.us-west-1.compute.amazonaws.com:443)
[Sun Nov 08 16:18:01.441158 2015] [ssl:info] [pid 26925:tid 140657838425856] (70014)End of file found: [client 46.237.207.196:51832] AH01991: SSL input filter read failed.
[Sun Nov 08 18:07:09.718693 2015] [ssl:info] [pid 26926:tid 140657939138304] [client 46.237.207.196:40489] AH01964: Connection to child 75 established (server ec2-54-183-138-254.us-west-1.compute.amazonaws.com:443)
[Sun Nov 08 18:07:10.052178 2015] [ssl:info] [pid 26926:tid 140657939138304] (70014)End of file found: [client 46.237.207.196:40489] AH01991: SSL input filter read failed.
[Sun Nov 08 20:01:56.716297 2015] [ssl:info] [pid 26926:tid 140657930745600] [client 182.118.55.244:43820] AH01964: Connection to child 76 established (server ec2-54-183-138-254.us-west-1.compute.amazonaws.com:443)
[Sun Nov 08 20:01:56.908144 2015] [ssl:info] [pid 26926:tid 140657930745600] [client 182.118.55.244:43820] AH02008: SSL library error 1 in handshake (server ec2-54-183-138-254.us-west-1.compute.amazonaws.com:443)
[Sun Nov 08 20:01:56.908172 2015] [ssl:info] [pid 26926:tid 140657930745600] SSL Library Error: error:14094412:SSL routines:SSL3_READ_BYTES:sslv3 alert bad certificate (SSL alert number 42) -- Subject CN in certificate not server name or identical to CA!?
[Sun Nov 08 20:01:56.908181 2015] [ssl:info] [pid 26926:tid 140657930745600] [client 182.118.55.244:43820] AH01998: Connection closed to child 76 with abortive shutdown (server ec2-54-183-138-254.us-west-1.compute.amazonaws.com:443)
[Sun Nov 08 20:11:48.312035 2015] [ssl:info] [pid 26925:tid 140657939138304] [client 46.237.207.196:47356] AH01964: Connection to child 11 established (server ec2-54-183-138-254.us-west-1.compute.amazonaws.com:443)
[Sun Nov 08 20:11:50.123450 2015] [ssl:info] [pid 26925:tid 140657939138304] (70014)End of file found: [client 46.237.207.196:47356] AH01991: SSL input filter read failed.
[Mon Nov 09 08:17:47.795746 2015] [ssl:info] [pid 26925:tid 140658023065344] [client 74.82.47.3:42919] AH01964: Connection to child 1 established (server ec2-54-183-138-254.us-west-1.compute.amazonaws.com:443)
[Mon Nov 09 08:17:52.988349 2015] [ssl:info] [pid 26925:tid 140658014672640] (104)Connection reset by peer: [client 74.82.47.3:42919] AH01991: SSL input filter read failed.
[Mon Nov 09 08:28:37.319309 2015] [ssl:info] [pid 26926:tid 140657913960192] [client 74.82.47.3:36228] AH01964: Connection to child 78 established (server ec2-54-183-138-254.us-west-1.compute.amazonaws.com:443)
[Mon Nov 09 08:28:40.798814 2015] [ssl:info] [pid 26926:tid 140657905567488] (104)Connection reset by peer: [client 74.82.47.3:36228] AH01991: SSL input filter read failed.
[Mon Nov 09 08:29:54.106228 2015] [ssl:info] [pid 26925:tid 140658006279936] [client 74.82.47.3:34694] AH01964: Connection to child 3 established (server ec2-54-183-138-254.us-west-1.compute.amazonaws.com:443)
[Mon Nov 09 08:29:54.106549 2015] [ssl:info] [pid 26925:tid 140658006279936] [client 74.82.47.3:34694] AH02008: SSL library error 1 in handshake (server ec2-54-183-138-254.us-west-1.compute.amazonaws.com:443)
[Mon Nov 09 08:29:54.106580 2015] [ssl:info] [pid 26925:tid 140658006279936] SSL Library Error: error:1408A0C1:SSL routines:SSL3_GET_CLIENT_HELLO:no shared cipher -- Too restrictive SSLCipherSuite or using DSA server certificate?
[Mon Nov 09 08:29:54.106587 2015] [ssl:info] [pid 26925:tid 140658006279936] [client 74.82.47.3:34694] AH01998: Connection closed to child 3 with abortive shutdown (server ec2-54-183-138-254.us-west-1.compute.amazonaws.com:443)
[Mon Nov 09 10:43:27.838493 2015] [ssl:info] [pid 26926:tid 140658006279936] [client 141.212.122.160:5180] AH01964: Connection to child 67 established (server ec2-54-183-138-254.us-west-1.compute.amazonaws.com:443)
[Mon Nov 09 10:43:31.883537 2015] [ssl:info] [pid 26926:tid 140658006279936] (70014)End of file found: [client 141.212.122.160:5180] AH01991: SSL input filter read failed.
[Mon Nov 09 15:49:15.848706 2015] [ssl:info] [pid 26926:tid 140657830033152] [client 52.30.125.12:59293] AH01964: Connection to child 88 established (server ec2-54-183-138-254.us-west-1.compute.amazonaws.com:443)
[Mon Nov 09 15:49:17.310738 2015] [ssl:info] [pid 26926:tid 140657830033152] [client 52.30.125.12:59293] AH01998: Connection closed to child 88 with abortive shutdown (server ec2-54-183-138-254.us-west-1.compute.amazonaws.com:443)
[Mon Nov 09 22:14:18.560209 2015] [ssl:info] [pid 26925:tid 140657871996672] [client 54.80.195.9:53505] AH01964: Connection to child 19 established (server ec2-54-183-138-254.us-west-1.compute.amazonaws.com:443)
[Mon Nov 09 22:14:18.708218 2015] [ssl:error] [pid 26925:tid 140657871996672] AH02032: Hostname 52.8.67.183 provided via SNI and hostname andrew mcclain provided via HTTP are different
[Tue Nov 10 09:30:44.671071 2015] [ssl:info] [pid 26925:tid 140657947531008] [client 184.105.247.196:45774] AH01964: Connection to child 10 established (server ec2-54-183-138-254.us-west-1.compute.amazonaws.com:443)
[Tue Nov 10 09:30:49.409854 2015] [ssl:info] [pid 26925:tid 140657913960192] (104)Connection reset by peer: [client 184.105.247.196:45774] AH01991: SSL input filter read failed.
[Tue Nov 10 09:36:02.104270 2015] [ssl:info] [pid 26926:tid 140657997887232] [client 184.105.247.196:33728] AH01964: Connection to child 68 established (server ec2-54-183-138-254.us-west-1.compute.amazonaws.com:443)
[Tue Nov 10 09:36:06.917184 2015] [ssl:info] [pid 26926:tid 140657930745600] (104)Connection reset by peer: [client 184.105.247.196:33728] AH01991: SSL input filter read failed.
[Tue Nov 10 09:37:22.626385 2015] [ssl:info] [pid 26926:tid 140657922352896] [client 184.105.247.196:59494] AH01964: Connection to child 77 established (server ec2-54-183-138-254.us-west-1.compute.amazonaws.com:443)
[Tue Nov 10 09:37:22.626722 2015] [ssl:info] [pid 26926:tid 140657922352896] [client 184.105.247.196:59494] AH02008: SSL library error 1 in handshake (server ec2-54-183-138-254.us-west-1.compute.amazonaws.com:443)
[Tue Nov 10 09:37:22.626761 2015] [ssl:info] [pid 26926:tid 140657922352896] SSL Library Error: error:1408A0C1:SSL routines:SSL3_GET_CLIENT_HELLO:no shared cipher -- Too restrictive SSLCipherSuite or using DSA server certificate?
[Tue Nov 10 09:37:22.626767 2015] [ssl:info] [pid 26926:tid 140657922352896] [client 184.105.247.196:59494] AH01998: Connection closed to child 77 with abortive shutdown (server ec2-54-183-138-254.us-west-1.compute.amazonaws.com:443)
[Tue Nov 10 15:34:52.848703 2015] [ssl:info] [pid 26925:tid 140657939138304] [client 46.237.207.196:34949] AH01964: Connection to child 11 established (server ec2-54-183-138-254.us-west-1.compute.amazonaws.com:443)
[Tue Nov 10 15:34:53.188270 2015] [ssl:info] [pid 26925:tid 140657939138304] (70014)End of file found: [client 46.237.207.196:34949] AH01991: SSL input filter read failed.
[Tue Nov 10 17:05:41.203476 2015] [ssl:info] [pid 26925:tid 140657989494528] [client 14.215.176.20:58408] AH01964: Connection to child 5 established (server ec2-54-183-138-254.us-west-1.compute.amazonaws.com:443)
[Tue Nov 10 17:05:41.203713 2015] [ssl:info] [pid 26925:tid 140657989494528] [client 14.215.176.20:58408] AH02008: SSL library error 1 in handshake (server ec2-54-183-138-254.us-west-1.compute.amazonaws.com:443)
[Tue Nov 10 17:05:41.203742 2015] [ssl:info] [pid 26925:tid 140657989494528] SSL Library Error: error:140760FC:SSL routines:SSL23_GET_CLIENT_HELLO:unknown protocol -- speaking not SSL to HTTPS port!?
[Tue Nov 10 17:05:41.203748 2015] [ssl:info] [pid 26925:tid 140657989494528] [client 14.215.176.20:58408] AH01998: Connection closed to child 5 with abortive shutdown (server ec2-54-183-138-254.us-west-1.compute.amazonaws.com:443)
[Tue Nov 10 17:05:41.954282 2015] [ssl:info] [pid 26926:tid 140657855211264] [client 14.215.176.20:58409] AH01964: Connection to child 85 established (server ec2-54-183-138-254.us-west-1.compute.amazonaws.com:443)
[Tue Nov 10 17:05:42.330333 2015] [ssl:info] [pid 26926:tid 140657855211264] [client 14.215.176.20:58409] AH01998: Connection closed to child 85 with abortive shutdown (server ec2-54-183-138-254.us-west-1.compute.amazonaws.com:443)
[Tue Nov 10 17:05:42.726046 2015] [ssl:info] [pid 26925:tid 140657922352896] [client 14.215.176.20:58410] AH01964: Connection to child 13 established (server ec2-54-183-138-254.us-west-1.compute.amazonaws.com:443)
[Tue Nov 10 17:05:50.454543 2015] [ssl:info] [pid 26926:tid 140657846818560] [client 14.215.176.149:13800] AH01964: Connection to child 86 established (server ec2-54-183-138-254.us-west-1.compute.amazonaws.com:443)
[Tue Nov 10 17:06:01.861454 2015] [ssl:info] [pid 26926:tid 140657838425856] [client 14.215.176.148:16168] AH01964: Connection to child 87 established (server ec2-54-183-138-254.us-west-1.compute.amazonaws.com:443)
[Tue Nov 10 17:06:01.861696 2015] [ssl:info] [pid 26926:tid 140657838425856] [client 14.215.176.148:16168] AH01998: Connection closed to child 87 with abortive shutdown (server ec2-54-183-138-254.us-west-1.compute.amazonaws.com:443)
[Tue Nov 10 20:40:35.008719 2015] [ssl:info] [pid 26926:tid 140658023065344] [client 182.118.60.101:64289] AH01964: Connection to child 65 established (server ec2-54-183-138-254.us-west-1.compute.amazonaws.com:443)
[Tue Nov 10 20:40:35.196585 2015] [ssl:info] [pid 26926:tid 140658023065344] [client 182.118.60.101:64289] AH02008: SSL library error 1 in handshake (server ec2-54-183-138-254.us-west-1.compute.amazonaws.com:443)
[Tue Nov 10 20:40:35.196615 2015] [ssl:info] [pid 26926:tid 140658023065344] SSL Library Error: error:14094412:SSL routines:SSL3_READ_BYTES:sslv3 alert bad certificate (SSL alert number 42) -- Subject CN in certificate not server name or identical to CA!?
[Tue Nov 10 20:40:35.196622 2015] [ssl:info] [pid 26926:tid 140658023065344] [client 182.118.60.101:64289] AH01998: Connection closed to child 65 with abortive shutdown (server ec2-54-183-138-254.us-west-1.compute.amazonaws.com:443)
[Tue Nov 10 23:35:57.543205 2015] [ssl:info] [pid 26925:tid 140657846818560] [client 199.115.117.88:51973] AH01964: Connection to child 22 established (server ec2-54-183-138-254.us-west-1.compute.amazonaws.com:443)
[Tue Nov 10 23:35:57.888804 2015] [ssl:info] [pid 26925:tid 140657905567488] (70014)End of file found: [client 199.115.117.88:51973] AH01991: SSL input filter read failed.
[Tue Nov 10 23:54:51.865056 2015] [ssl:info] [pid 26926:tid 140657972709120] [client 203.67.9.74:60000] AH01964: Connection to child 71 established (server ec2-54-183-138-254.us-west-1.compute.amazonaws.com:443)
[Tue Nov 10 23:54:51.865283 2015] [ssl:info] [pid 26926:tid 140657972709120] [client 203.67.9.74:60000] AH02008: SSL library error 1 in handshake (server ec2-54-183-138-254.us-west-1.compute.amazonaws.com:443)
[Tue Nov 10 23:54:51.865311 2015] [ssl:info] [pid 26926:tid 140657972709120] SSL Library Error: error:140760FC:SSL routines:SSL23_GET_CLIENT_HELLO:unknown protocol -- speaking not SSL to HTTPS port!?
[Tue Nov 10 23:54:51.865317 2015] [ssl:info] [pid 26926:tid 140657972709120] [client 203.67.9.74:60000] AH01998: Connection closed to child 71 with abortive shutdown (server ec2-54-183-138-254.us-west-1.compute.amazonaws.com:443)
[Wed Nov 11 08:08:21.015673 2015] [ssl:info] [pid 26925:tid 140657888782080] [client 137.116.71.170:61688] AH01964: Connection to child 17 established (server ec2-54-183-138-254.us-west-1.compute.amazonaws.com:443)
[Wed Nov 11 09:21:05.127584 2015] [ssl:info] [pid 26925:tid 140657830033152] [client 95.156.251.10:55325] AH01964: Connection to child 24 established (server ec2-54-183-138-254.us-west-1.compute.amazonaws.com:443)
[Wed Nov 11 09:21:05.684266 2015] [ssl:info] [pid 26925:tid 140657830033152] [client 95.156.251.10:55325] AH01998: Connection closed to child 24 with abortive shutdown (server ec2-54-183-138-254.us-west-1.compute.amazonaws.com:443)
[Wed Nov 11 12:24:04.683005 2015] [ssl:info] [pid 26925:tid 140657981101824] [client 203.67.9.74:60000] AH01964: Connection to child 6 established (server ec2-54-183-138-254.us-west-1.compute.amazonaws.com:443)
[Wed Nov 11 12:24:04.683249 2015] [ssl:info] [pid 26925:tid 140657981101824] [client 203.67.9.74:60000] AH02008: SSL library error 1 in handshake (server ec2-54-183-138-254.us-west-1.compute.amazonaws.com:443)
[Wed Nov 11 12:24:04.683266 2015] [ssl:info] [pid 26925:tid 140657981101824] SSL Library Error: error:140760FC:SSL routines:SSL23_GET_CLIENT_HELLO:unknown protocol -- speaking not SSL to HTTPS port!?
[Wed Nov 11 12:24:04.683272 2015] [ssl:info] [pid 26925:tid 140657981101824] [client 203.67.9.74:60000] AH01998: Connection closed to child 6 with abortive shutdown (server ec2-54-183-138-254.us-west-1.compute.amazonaws.com:443)
[Wed Nov 11 14:29:08.231924 2015] [ssl:info] [pid 26926:tid 140657939138304] [client 184.105.139.67:41122] AH01964: Connection to child 75 established (server ec2-54-183-138-254.us-west-1.compute.amazonaws.com:443)
[Wed Nov 11 14:29:12.149904 2015] [ssl:info] [pid 26926:tid 140657997887232] (104)Connection reset by peer: [client 184.105.139.67:41122] AH01991: SSL input filter read failed.
[Wed Nov 11 14:33:23.506822 2015] [ssl:info] [pid 26925:tid 140657871996672] [client 184.105.139.67:33964] AH01964: Connection to child 19 established (server ec2-54-183-138-254.us-west-1.compute.amazonaws.com:443)
[Wed Nov 11 14:33:27.262173 2015] [ssl:info] [pid 26925:tid 140657955923712] (104)Connection reset by peer: [client 184.105.139.67:33964] AH01991: SSL input filter read failed.
[Wed Nov 11 14:34:44.965747 2015] [ssl:info] [pid 26926:tid 140657930745600] [client 184.105.139.67:57573] AH01964: Connection to child 76 established (server ec2-54-183-138-254.us-west-1.compute.amazonaws.com:443)
[Wed Nov 11 14:34:44.966054 2015] [ssl:info] [pid 26926:tid 140657930745600] [client 184.105.139.67:57573] AH02008: SSL library error 1 in handshake (server ec2-54-183-138-254.us-west-1.compute.amazonaws.com:443)
[Wed Nov 11 14:34:44.966086 2015] [ssl:info] [pid 26926:tid 140657930745600] SSL Library Error: error:1408A0C1:SSL routines:SSL3_GET_CLIENT_HELLO:no shared cipher -- Too restrictive SSLCipherSuite or using DSA server certificate?
[Wed Nov 11 14:34:44.966106 2015] [ssl:info] [pid 26926:tid 140657930745600] [client 184.105.139.67:57573] AH01998: Connection closed to child 76 with abortive shutdown (server ec2-54-183-138-254.us-west-1.compute.amazonaws.com:443)
[Wed Nov 11 17:23:28.904309 2015] [ssl:info] [pid 26925:tid 140658031458048] [client 80.82.65.219:33739] AH01964: Connection to child 0 established (server ec2-54-183-138-254.us-west-1.compute.amazonaws.com:443)
[Wed Nov 11 17:23:30.457933 2015] [ssl:error] [pid 26925:tid 140658031458048] AH02031: Hostname 52.8.67.183 provided via SNI, but no hostname provided in HTTP request
[Wed Nov 11 22:32:40.887024 2015] [ssl:info] [pid 26926:tid 140657922352896] [client 141.212.121.192:45396] AH01964: Connection to child 77 established (server ec2-54-183-138-254.us-west-1.compute.amazonaws.com:443)
[Thu Nov 12 11:09:14.013046 2015] [ssl:info] [pid 26926:tid 140657846818560] [client 203.67.9.74:60000] AH01964: Connection to child 86 established (server ec2-54-183-138-254.us-west-1.compute.amazonaws.com:443)
[Thu Nov 12 11:09:14.013298 2015] [ssl:info] [pid 26926:tid 140657846818560] [client 203.67.9.74:60000] AH02008: SSL library error 1 in handshake (server ec2-54-183-138-254.us-west-1.compute.amazonaws.com:443)
[Thu Nov 12 11:09:14.013315 2015] [ssl:info] [pid 26926:tid 140657846818560] SSL Library Error: error:140760FC:SSL routines:SSL23_GET_CLIENT_HELLO:unknown protocol -- speaking not SSL to HTTPS port!?
[Thu Nov 12 11:09:14.013320 2015] [ssl:info] [pid 26926:tid 140657846818560] [client 203.67.9.74:60000] AH01998: Connection closed to child 86 with abortive shutdown (server ec2-54-183-138-254.us-west-1.compute.amazonaws.com:443)
[Thu Nov 12 13:46:04.252663 2015] [ssl:info] [pid 26925:tid 140658023065344] [client 85.17.239.155:55325] AH01964: Connection to child 1 established (server ec2-54-183-138-254.us-west-1.compute.amazonaws.com:443)
[Thu Nov 12 13:46:04.764043 2015] [ssl:info] [pid 26925:tid 140658023065344] [client 85.17.239.155:55325] AH01998: Connection closed to child 1 with abortive shutdown (server ec2-54-183-138-254.us-west-1.compute.amazonaws.com:443)
[Thu Nov 12 14:27:53.906212 2015] [ssl:info] [pid 26925:tid 140658014672640] [client 184.105.247.195:45842] AH01964: Connection to child 2 established (server ec2-54-183-138-254.us-west-1.compute.amazonaws.com:443)
[Thu Nov 12 14:27:59.717675 2015] [ssl:info] [pid 26925:tid 140658006279936] (104)Connection reset by peer: [client 184.105.247.195:45842] AH01991: SSL input filter read failed.
[Thu Nov 12 14:34:36.073753 2015] [ssl:info] [pid 26925:tid 140657989494528] [client 184.105.247.195:38325] AH01964: Connection to child 5 established (server ec2-54-183-138-254.us-west-1.compute.amazonaws.com:443)
[Thu Nov 12 14:34:39.762147 2015] [ssl:info] [pid 26925:tid 140657922352896] (104)Connection reset by peer: [client 184.105.247.195:38325] AH01991: SSL input filter read failed.
[Thu Nov 12 14:35:56.021721 2015] [ssl:info] [pid 26926:tid 140657830033152] [client 184.105.247.195:37492] AH01964: Connection to child 88 established (server ec2-54-183-138-254.us-west-1.compute.amazonaws.com:443)
[Thu Nov 12 14:35:56.022045 2015] [ssl:info] [pid 26926:tid 140657830033152] [client 184.105.247.195:37492] AH02008: SSL library error 1 in handshake (server ec2-54-183-138-254.us-west-1.compute.amazonaws.com:443)
[Thu Nov 12 14:35:56.022069 2015] [ssl:info] [pid 26926:tid 140657830033152] SSL Library Error: error:1408A0C1:SSL routines:SSL3_GET_CLIENT_HELLO:no shared cipher -- Too restrictive SSLCipherSuite or using DSA server certificate?
[Thu Nov 12 14:35:56.022075 2015] [ssl:info] [pid 26926:tid 140657830033152] [client 184.105.247.195:37492] AH01998: Connection closed to child 88 with abortive shutdown (server ec2-54-183-138-254.us-west-1.compute.amazonaws.com:443)
[Thu Nov 12 14:43:58.951354 2015] [ssl:info] [pid 26925:tid 140657897174784] [client 46.237.207.196:35165] AH01964: Connection to child 16 established (server ec2-54-183-138-254.us-west-1.compute.amazonaws.com:443)
[Thu Nov 12 14:48:59.000116 2015] [ssl:info] [pid 26925:tid 140657897174784] [client 46.237.207.196:35165] AH01998: Connection closed to child 16 with abortive shutdown (server ec2-54-183-138-254.us-west-1.compute.amazonaws.com:443)
[Thu Nov 12 20:58:20.143855 2015] [ssl:info] [pid 26926:tid 140658006279936] [client 141.212.122.128:32250] AH01964: Connection to child 67 established (server ec2-54-183-138-254.us-west-1.compute.amazonaws.com:443)
[Thu Nov 12 20:58:20.144193 2015] [ssl:info] [pid 26926:tid 140658006279936] [client 141.212.122.128:32250] AH02008: SSL library error 1 in handshake (server ec2-54-183-138-254.us-west-1.compute.amazonaws.com:443)
[Thu Nov 12 20:58:20.144212 2015] [ssl:info] [pid 26926:tid 140658006279936] SSL Library Error: error:1408A0C1:SSL routines:SSL3_GET_CLIENT_HELLO:no shared cipher -- Too restrictive SSLCipherSuite or using DSA server certificate?
[Thu Nov 12 20:58:20.144219 2015] [ssl:info] [pid 26926:tid 140658006279936] [client 141.212.122.128:32250] AH01998: Connection closed to child 67 with abortive shutdown (server ec2-54-183-138-254.us-west-1.compute.amazonaws.com:443)
[Fri Nov 13 00:23:42.827430 2015] [ssl:info] [pid 26926:tid 140657838425856] [client 141.212.122.96:33221] AH01964: Connection to child 87 established (server ec2-54-183-138-254.us-west-1.compute.amazonaws.com:443)
[Fri Nov 13 00:23:42.827724 2015] [ssl:info] [pid 26926:tid 140657838425856] [client 141.212.122.96:33221] AH02008: SSL library error 1 in handshake (server ec2-54-183-138-254.us-west-1.compute.amazonaws.com:443)
[Fri Nov 13 00:23:42.827749 2015] [ssl:info] [pid 26926:tid 140657838425856] SSL Library Error: error:1408A0C1:SSL routines:SSL3_GET_CLIENT_HELLO:no shared cipher -- Too restrictive SSLCipherSuite or using DSA server certificate?
[Fri Nov 13 00:23:42.827756 2015] [ssl:info] [pid 26926:tid 140657838425856] [client 141.212.122.96:33221] AH01998: Connection closed to child 87 with abortive shutdown (server ec2-54-183-138-254.us-west-1.compute.amazonaws.com:443)
[Fri Nov 13 08:28:02.288361 2015] [ssl:info] [pid 26925:tid 140657830033152] [client 193.174.89.19:59753] AH01964: Connection to child 24 established (server ec2-54-183-138-254.us-west-1.compute.amazonaws.com:443)
[Fri Nov 13 08:28:02.288584 2015] [ssl:info] [pid 26925:tid 140657830033152] [client 193.174.89.19:59753] AH02008: SSL library error 1 in handshake (server ec2-54-183-138-254.us-west-1.compute.amazonaws.com:443)
[Fri Nov 13 08:28:02.288600 2015] [ssl:info] [pid 26925:tid 140657830033152] SSL Library Error: error:140760FC:SSL routines:SSL23_GET_CLIENT_HELLO:unknown protocol -- speaking not SSL to HTTPS port!?
[Fri Nov 13 08:28:02.288606 2015] [ssl:info] [pid 26925:tid 140657830033152] [client 193.174.89.19:59753] AH01998: Connection closed to child 24 with abortive shutdown (server ec2-54-183-138-254.us-west-1.compute.amazonaws.com:443)
[Fri Nov 13 08:28:02.607859 2015] [ssl:info] [pid 26926:tid 140658023065344] [client 193.174.89.19:59778] AH01964: Connection to child 65 established (server ec2-54-183-138-254.us-west-1.compute.amazonaws.com:443)
[Fri Nov 13 08:28:02.608079 2015] [ssl:info] [pid 26926:tid 140658023065344] [client 193.174.89.19:59778] AH02008: SSL library error 1 in handshake (server ec2-54-183-138-254.us-west-1.compute.amazonaws.com:443)
[Fri Nov 13 08:28:02.608096 2015] [ssl:info] [pid 26926:tid 140658023065344] SSL Library Error: error:140760FC:SSL routines:SSL23_GET_CLIENT_HELLO:unknown protocol -- speaking not SSL to HTTPS port!?
[Fri Nov 13 08:28:02.608115 2015] [ssl:info] [pid 26926:tid 140658023065344] [client 193.174.89.19:59778] AH01998: Connection closed to child 65 with abortive shutdown (server ec2-54-183-138-254.us-west-1.compute.amazonaws.com:443)
[Fri Nov 13 08:28:02.927559 2015] [ssl:info] [pid 26925:tid 140657997887232] [client 193.174.89.19:59809] AH01964: Connection to child 4 established (server ec2-54-183-138-254.us-west-1.compute.amazonaws.com:443)
[Fri Nov 13 08:28:02.927804 2015] [ssl:info] [pid 26925:tid 140657997887232] [client 193.174.89.19:59809] AH02008: SSL library error 1 in handshake (server ec2-54-183-138-254.us-west-1.compute.amazonaws.com:443)
[Fri Nov 13 08:28:02.927847 2015] [ssl:info] [pid 26925:tid 140657997887232] SSL Library Error: error:140760FC:SSL routines:SSL23_GET_CLIENT_HELLO:unknown protocol -- speaking not SSL to HTTPS port!?
[Fri Nov 13 08:28:02.927853 2015] [ssl:info] [pid 26925:tid 140657997887232] [client 193.174.89.19:59809] AH01998: Connection closed to child 4 with abortive shutdown (server ec2-54-183-138-254.us-west-1.compute.amazonaws.com:443)
[Fri Nov 13 08:47:35.102017 2015] [ssl:info] [pid 26926:tid 140658031458048] [client 199.115.117.88:43569] AH01964: Connection to child 64 established (server ec2-54-183-138-254.us-west-1.compute.amazonaws.com:443)
[Fri Nov 13 08:47:35.444133 2015] [ssl:info] [pid 26926:tid 140657989494528] (70014)End of file found: [client 199.115.117.88:43569] AH01991: SSL input filter read failed.
[Fri Nov 13 12:03:48.258293 2015] [ssl:info] [pid 26925:tid 140657981101824] [client 216.218.206.68:54839] AH01964: Connection to child 6 established (server ec2-54-183-138-254.us-west-1.compute.amazonaws.com:443)
[Fri Nov 13 12:03:54.977810 2015] [ssl:info] [pid 26925:tid 140657930745600] (104)Connection reset by peer: [client 216.218.206.68:54839] AH01991: SSL input filter read failed.
[Fri Nov 13 12:07:49.831422 2015] [ssl:info] [pid 26926:tid 140657955923712] [client 216.218.206.68:53581] AH01964: Connection to child 73 established (server ec2-54-183-138-254.us-west-1.compute.amazonaws.com:443)
[Fri Nov 13 12:07:54.352971 2015] [ssl:info] [pid 26926:tid 140657947531008] (104)Connection reset by peer: [client 216.218.206.68:53581] AH01991: SSL input filter read failed.
[Fri Nov 13 12:09:10.155041 2015] [ssl:info] [pid 26925:tid 140657880389376] [client 216.218.206.68:50778] AH01964: Connection to child 18 established (server ec2-54-183-138-254.us-west-1.compute.amazonaws.com:443)
[Fri Nov 13 12:09:10.155333 2015] [ssl:info] [pid 26925:tid 140657880389376] [client 216.218.206.68:50778] AH02008: SSL library error 1 in handshake (server ec2-54-183-138-254.us-west-1.compute.amazonaws.com:443)
[Fri Nov 13 12:09:10.155359 2015] [ssl:info] [pid 26925:tid 140657880389376] SSL Library Error: error:1408A0C1:SSL routines:SSL3_GET_CLIENT_HELLO:no shared cipher -- Too restrictive SSLCipherSuite or using DSA server certificate?
[Fri Nov 13 12:09:10.155366 2015] [ssl:info] [pid 26925:tid 140657880389376] [client 216.218.206.68:50778] AH01998: Connection closed to child 18 with abortive shutdown (server ec2-54-183-138-254.us-west-1.compute.amazonaws.com:443)
[Fri Nov 13 15:00:06.748748 2015] [ssl:info] [pid 26926:tid 140657922352896] [client 81.169.237.146:42559] AH01964: Connection to child 77 established (server ec2-54-183-138-254.us-west-1.compute.amazonaws.com:443)
[Fri Nov 13 15:00:06.918156 2015] [ssl:info] [pid 26926:tid 140657922352896] [client 81.169.237.146:42559] AH01998: Connection closed to child 77 with abortive shutdown (server ec2-54-183-138-254.us-west-1.compute.amazonaws.com:443)
[Fri Nov 13 18:41:13.815082 2015] [ssl:info] [pid 26926:tid 140657913960192] [client 61.240.144.67:60000] AH01964: Connection to child 78 established (server ec2-54-183-138-254.us-west-1.compute.amazonaws.com:443)
[Fri Nov 13 18:41:14.393168 2015] [ssl:info] [pid 26926:tid 140657913960192] [client 61.240.144.67:60000] AH01998: Connection closed to child 78 with abortive shutdown (server ec2-54-183-138-254.us-west-1.compute.amazonaws.com:443)
[Fri Nov 13 18:41:42.671960 2015] [ssl:info] [pid 26925:tid 140657871996672] [client 81.169.237.146:51076] AH01964: Connection to child 19 established (server ec2-54-183-138-254.us-west-1.compute.amazonaws.com:443)
[Fri Nov 13 18:41:42.846947 2015] [ssl:info] [pid 26925:tid 140657871996672] [client 81.169.237.146:51076] AH01998: Connection closed to child 19 with abortive shutdown (server ec2-54-183-138-254.us-west-1.compute.amazonaws.com:443)
[Fri Nov 13 21:26:17.797888 2015] [ssl:info] [pid 26926:tid 140657905567488] [client 81.169.237.146:43079] AH01964: Connection to child 79 established (server ec2-54-183-138-254.us-west-1.compute.amazonaws.com:443)
[Fri Nov 13 21:26:17.982786 2015] [ssl:info] [pid 26926:tid 140657905567488] [client 81.169.237.146:43079] AH01998: Connection closed to child 79 with abortive shutdown (server ec2-54-183-138-254.us-west-1.compute.amazonaws.com:443)
[Fri Nov 13 23:42:54.337804 2015] [ssl:info] [pid 26925:tid 140657922352896] [client 81.169.237.146:51179] AH01964: Connection to child 13 established (server ec2-54-183-138-254.us-west-1.compute.amazonaws.com:443)
[Fri Nov 13 23:42:54.520825 2015] [ssl:info] [pid 26925:tid 140657922352896] [client 81.169.237.146:51179] AH01998: Connection closed to child 13 with abortive shutdown (server ec2-54-183-138-254.us-west-1.compute.amazonaws.com:443)
[Sat Nov 14 01:04:44.698994 2015] [ssl:info] [pid 26926:tid 140657972709120] [client 81.169.237.146:60363] AH01964: Connection to child 71 established (server ec2-54-183-138-254.us-west-1.compute.amazonaws.com:443)
[Sat Nov 14 01:04:44.879985 2015] [ssl:info] [pid 26926:tid 140657972709120] [client 81.169.237.146:60363] AH01998: Connection closed to child 71 with abortive shutdown (server ec2-54-183-138-254.us-west-1.compute.amazonaws.com:443)
[Sat Nov 14 02:21:53.193043 2015] [ssl:info] [pid 26926:tid 140657964316416] [client 81.169.237.146:58069] AH01964: Connection to child 72 established (server ec2-54-183-138-254.us-west-1.compute.amazonaws.com:443)
[Sat Nov 14 02:21:53.494859 2015] [ssl:info] [pid 26926:tid 140657964316416] [client 81.169.237.146:58069] AH01998: Connection closed to child 72 with abortive shutdown (server ec2-54-183-138-254.us-west-1.compute.amazonaws.com:443)
[Sat Nov 14 03:44:43.683630 2015] [ssl:info] [pid 26925:tid 140657888782080] [client 81.169.237.146:49161] AH01964: Connection to child 17 established (server ec2-54-183-138-254.us-west-1.compute.amazonaws.com:443)
[Sat Nov 14 03:44:43.875744 2015] [ssl:info] [pid 26925:tid 140657888782080] [client 81.169.237.146:49161] AH01998: Connection closed to child 17 with abortive shutdown (server ec2-54-183-138-254.us-west-1.compute.amazonaws.com:443)
[Sat Nov 14 05:07:30.814687 2015] [ssl:info] [pid 26926:tid 140657955923712] [client 81.169.237.146:33293] AH01964: Connection to child 73 established (server ec2-54-183-138-254.us-west-1.compute.amazonaws.com:443)
[Sat Nov 14 05:07:30.987375 2015] [ssl:info] [pid 26926:tid 140657955923712] [client 81.169.237.146:33293] AH01998: Connection closed to child 73 with abortive shutdown (server ec2-54-183-138-254.us-west-1.compute.amazonaws.com:443)
[Sat Nov 14 06:31:03.127627 2015] [ssl:info] [pid 26925:tid 140657830033152] [client 81.169.237.146:43589] AH01964: Connection to child 24 established (server ec2-54-183-138-254.us-west-1.compute.amazonaws.com:443)
[Sat Nov 14 06:31:03.322607 2015] [ssl:info] [pid 26925:tid 140657830033152] [client 81.169.237.146:43589] AH01998: Connection closed to child 24 with abortive shutdown (server ec2-54-183-138-254.us-west-1.compute.amazonaws.com:443)
[Sat Nov 14 06:39:47.086641 2015] [ssl:info] [pid 26925:tid 140657997887232] [client 208.100.26.229:60664] AH01964: Connection to child 4 established (server ec2-54-183-138-254.us-west-1.compute.amazonaws.com:443)
[Sat Nov 14 06:39:47.086893 2015] [ssl:info] [pid 26925:tid 140657997887232] [client 208.100.26.229:60664] AH02008: SSL library error 1 in handshake (server ec2-54-183-138-254.us-west-1.compute.amazonaws.com:443)
[Sat Nov 14 06:39:47.086909 2015] [ssl:info] [pid 26925:tid 140657997887232] SSL Library Error: error:140760FC:SSL routines:SSL23_GET_CLIENT_HELLO:unknown protocol -- speaking not SSL to HTTPS port!?
[Sat Nov 14 06:39:47.086928 2015] [ssl:info] [pid 26925:tid 140657997887232] [client 208.100.26.229:60664] AH01998: Connection closed to child 4 with abortive shutdown (server ec2-54-183-138-254.us-west-1.compute.amazonaws.com:443)
[Sat Nov 14 06:39:47.233862 2015] [ssl:info] [pid 26926:tid 140657947531008] [client 208.100.26.229:41879] AH01964: Connection to child 74 established (server ec2-54-183-138-254.us-west-1.compute.amazonaws.com:443)
[Sat Nov 14 06:39:47.297476 2015] [ssl:info] [pid 26926:tid 140657947531008] [client 208.100.26.229:41879] AH01998: Connection closed to child 74 with abortive shutdown (server ec2-54-183-138-254.us-west-1.compute.amazonaws.com:443)
[Sat Nov 14 06:39:47.364686 2015] [ssl:info] [pid 26926:tid 140657939138304] [client 208.100.26.229:42115] AH01964: Connection to child 75 established (server ec2-54-183-138-254.us-west-1.compute.amazonaws.com:443)
[Sat Nov 14 06:41:33.496928 2015] [ssl:info] [pid 26926:tid 140657997887232] [client 208.100.26.229:44186] AH01964: Connection to child 68 established (server ec2-54-183-138-254.us-west-1.compute.amazonaws.com:443)
[Sat Nov 14 07:26:21.789570 2015] [ssl:info] [pid 26925:tid 140657981101824] [client 184.105.247.196:37290] AH01964: Connection to child 6 established (server ec2-54-183-138-254.us-west-1.compute.amazonaws.com:443)
[Sat Nov 14 07:26:27.475447 2015] [ssl:info] [pid 26925:tid 140657930745600] (104)Connection reset by peer: [client 184.105.247.196:37290] AH01991: SSL input filter read failed.
[Sat Nov 14 07:32:11.877278 2015] [ssl:info] [pid 26925:tid 140657880389376] [client 184.105.247.196:40299] AH01964: Connection to child 18 established (server ec2-54-183-138-254.us-west-1.compute.amazonaws.com:443)
[Sat Nov 14 07:32:15.381128 2015] [ssl:info] [pid 26925:tid 140657871996672] (104)Connection reset by peer: [client 184.105.247.196:40299] AH01991: SSL input filter read failed.
[Sat Nov 14 07:33:30.713423 2015] [ssl:info] [pid 26926:tid 140657930745600] [client 184.105.247.196:38592] AH01964: Connection to child 76 established (server ec2-54-183-138-254.us-west-1.compute.amazonaws.com:443)
[Sat Nov 14 07:33:30.713665 2015] [ssl:info] [pid 26926:tid 140657930745600] [client 184.105.247.196:38592] AH02008: SSL library error 1 in handshake (server ec2-54-183-138-254.us-west-1.compute.amazonaws.com:443)
[Sat Nov 14 07:33:30.713688 2015] [ssl:info] [pid 26926:tid 140657930745600] SSL Library Error: error:1408A0C1:SSL routines:SSL3_GET_CLIENT_HELLO:no shared cipher -- Too restrictive SSLCipherSuite or using DSA server certificate?
[Sat Nov 14 07:33:30.713695 2015] [ssl:info] [pid 26926:tid 140657930745600] [client 184.105.247.196:38592] AH01998: Connection closed to child 76 with abortive shutdown (server ec2-54-183-138-254.us-west-1.compute.amazonaws.com:443)
[Sat Nov 14 07:51:39.090930 2015] [ssl:info] [pid 26926:tid 140657922352896] [client 81.169.237.146:40554] AH01964: Connection to child 77 established (server ec2-54-183-138-254.us-west-1.compute.amazonaws.com:443)
[Sat Nov 14 07:51:39.255332 2015] [ssl:info] [pid 26926:tid 140657922352896] [client 81.169.237.146:40554] AH01998: Connection closed to child 77 with abortive shutdown (server ec2-54-183-138-254.us-west-1.compute.amazonaws.com:443)
[Sat Nov 14 09:17:00.991784 2015] [ssl:info] [pid 26926:tid 140657913960192] [client 81.169.237.146:51665] AH01964: Connection to child 78 established (server ec2-54-183-138-254.us-west-1.compute.amazonaws.com:443)
[Sat Nov 14 09:17:01.174001 2015] [ssl:info] [pid 26926:tid 140657913960192] [client 81.169.237.146:51665] AH01998: Connection closed to child 78 with abortive shutdown (server ec2-54-183-138-254.us-west-1.compute.amazonaws.com:443)
[Sat Nov 14 09:48:14.237447 2015] [ssl:info] [pid 26926:tid 140657905567488] [client 46.237.207.196:55534] AH01964: Connection to child 79 established (server ec2-54-183-138-254.us-west-1.compute.amazonaws.com:443)
[Sat Nov 14 09:48:14.413953 2015] [ssl:info] [pid 26926:tid 140657905567488] [client 46.237.207.196:55534] AH01998: Connection closed to child 79 with abortive shutdown (server ec2-54-183-138-254.us-west-1.compute.amazonaws.com:443)
[Sat Nov 14 11:04:43.100345 2015] [ssl:info] [pid 26926:tid 140657888782080] [client 81.169.237.146:40584] AH01964: Connection to child 81 established (server ec2-54-183-138-254.us-west-1.compute.amazonaws.com:443)
[Sat Nov 14 11:04:43.300592 2015] [ssl:info] [pid 26926:tid 140657888782080] [client 81.169.237.146:40584] AH01998: Connection closed to child 81 with abortive shutdown (server ec2-54-183-138-254.us-west-1.compute.amazonaws.com:443)
[Sat Nov 14 12:49:30.630872 2015] [ssl:info] [pid 26926:tid 140657880389376] [client 81.169.237.146:49971] AH01964: Connection to child 82 established (server ec2-54-183-138-254.us-west-1.compute.amazonaws.com:443)
