150.135.210.82 - - [05/Nov/2015:03:30:54 +0000] "POST /user/updateUser HTTP/1.1" 500 462 "-" "Mozilla/5.0 (Windows NT 10.0; WOW64) AppleWebKit/537.36 (KHTML, like Gecko) Chrome/46.0.2490.80 Safari/537.36"
150.135.210.82 - - [05/Nov/2015:03:30:55 +0000] "POST /user/updateUser HTTP/1.1" 500 462 "-" "Mozilla/5.0 (Windows NT 10.0; WOW64) AppleWebKit/537.36 (KHTML, like Gecko) Chrome/46.0.2490.80 Safari/537.36"
150.135.210.82 - - [05/Nov/2015:03:30:56 +0000] "POST /user/updateUser HTTP/1.1" 500 462 "-" "Mozilla/5.0 (Windows NT 10.0; WOW64) AppleWebKit/537.36 (KHTML, like Gecko) Chrome/46.0.2490.80 Safari/537.36"
150.135.210.90 - - [05/Nov/2015:03:30:58 +0000] "GET / HTTP/1.1" 200 1310 "-" "Mozilla/5.0 (Windows NT 10.0; WOW64; rv:42.0) Gecko/20100101 Firefox/42.0"
150.135.210.90 - - [05/Nov/2015:03:31:01 +0000] "GET /help/client/nearbyAny HTTP/1.1" 200 1831 "http://52.8.67.183/" "Mozilla/5.0 (Windows NT 10.0; WOW64; rv:42.0) Gecko/20100101 Firefox/42.0"
150.135.210.82 - - [05/Nov/2015:03:33:21 +0000] "POST /user/updateUser HTTP/1.1" 500 462 "-" "Mozilla/5.0 (Windows NT 10.0; WOW64) AppleWebKit/537.36 (KHTML, like Gecko) Chrome/46.0.2490.80 Safari/537.36"
150.135.210.82 - - [05/Nov/2015:03:34:19 +0000] "POST /user/updateUser HTTP/1.1" 500 462 "-" "Mozilla/5.0 (Windows NT 10.0; WOW64) AppleWebKit/537.36 (KHTML, like Gecko) Chrome/46.0.2490.80 Safari/537.36"
150.135.210.90 - - [05/Nov/2015:03:34:21 +0000] "GET /help/client/nearbyAny HTTP/1.1" 200 1832 "-" "Mozilla/5.0 (Windows NT 10.0; WOW64; rv:42.0) Gecko/20100101 Firefox/42.0"
150.135.210.82 - - [05/Nov/2015:03:34:23 +0000] "POST /user/updateUser HTTP/1.1" 500 462 "-" "Mozilla/5.0 (Windows NT 10.0; WOW64) AppleWebKit/537.36 (KHTML, like Gecko) Chrome/46.0.2490.80 Safari/537.36"
150.135.210.90 - - [05/Nov/2015:03:34:33 +0000] "GET / HTTP/1.1" 200 1310 "-" "Mozilla/5.0 (Windows NT 10.0; WOW64; rv:42.0) Gecko/20100101 Firefox/42.0"
150.135.210.90 - - [05/Nov/2015:03:34:37 +0000] "GET /help/client/nearbyAny HTTP/1.1" 200 1831 "http://52.8.67.183/" "Mozilla/5.0 (Windows NT 10.0; WOW64; rv:42.0) Gecko/20100101 Firefox/42.0"
150.135.210.82 - - [05/Nov/2015:03:35:01 +0000] "GET / HTTP/1.1" 200 1310 "-" "Mozilla/5.0 (Windows NT 10.0; WOW64) AppleWebKit/537.36 (KHTML, like Gecko) Chrome/46.0.2490.80 Safari/537.36"
150.135.210.82 - - [05/Nov/2015:03:35:02 +0000] "GET /static/apipage.css HTTP/1.1" 200 1223 "http://52.8.67.183/" "Mozilla/5.0 (Windows NT 10.0; WOW64) AppleWebKit/537.36 (KHTML, like Gecko) Chrome/46.0.2490.80 Safari/537.36"
150.135.210.82 - - [05/Nov/2015:03:35:02 +0000] "GET /favicon.ico HTTP/1.1" 404 428 "http://52.8.67.183/" "Mozilla/5.0 (Windows NT 10.0; WOW64) AppleWebKit/537.36 (KHTML, like Gecko) Chrome/46.0.2490.80 Safari/537.36"
150.135.210.82 - - [05/Nov/2015:03:35:03 +0000] "GET /help/client/nearbyAny HTTP/1.1" 200 1831 "http://52.8.67.183/" "Mozilla/5.0 (Windows NT 10.0; WOW64) AppleWebKit/537.36 (KHTML, like Gecko) Chrome/46.0.2490.80 Safari/537.36"
150.135.210.82 - - [05/Nov/2015:03:35:21 +0000] "POST /client/nearbyAny HTTP/1.1" 200 22540 "-" "Mozilla/5.0 (Windows NT 10.0; WOW64) AppleWebKit/537.36 (KHTML, like Gecko) Chrome/46.0.2490.80 Safari/537.36"
150.135.210.82 - - [05/Nov/2015:03:36:34 +0000] "POST /user/updateUser HTTP/1.1" 500 462 "-" "Mozilla/5.0 (Windows NT 10.0; WOW64) AppleWebKit/537.36 (KHTML, like Gecko) Chrome/46.0.2490.80 Safari/537.36"
150.135.210.82 - - [05/Nov/2015:03:38:03 +0000] "POST /user/updateUser HTTP/1.1" 500 462 "-" "Mozilla/5.0 (Windows NT 10.0; WOW64) AppleWebKit/537.36 (KHTML, like Gecko) Chrome/46.0.2490.80 Safari/537.36"
150.135.210.82 - - [05/Nov/2015:03:40:22 +0000] "POST /user/updateUser HTTP/1.1" 500 462 "-" "Mozilla/5.0 (Windows NT 10.0; WOW64) AppleWebKit/537.36 (KHTML, like Gecko) Chrome/46.0.2490.80 Safari/537.36"
150.135.210.82 - - [05/Nov/2015:03:40:42 +0000] "POST /user/updateUser HTTP/1.1" 500 462 "-" "Mozilla/5.0 (Windows NT 10.0; WOW64) AppleWebKit/537.36 (KHTML, like Gecko) Chrome/46.0.2490.80 Safari/537.36"
150.135.210.82 - - [05/Nov/2015:03:41:25 +0000] "POST /user/updateUser HTTP/1.1" 500 462 "-" "Mozilla/5.0 (Windows NT 10.0; WOW64) AppleWebKit/537.36 (KHTML, like Gecko) Chrome/46.0.2490.80 Safari/537.36"
24.251.21.155 - - [05/Nov/2015:03:41:52 +0000] "GET /help HTTP/1.1" 200 1310 "-" "Mozilla/5.0 (Windows NT 10.0; WOW64) AppleWebKit/537.36 (KHTML, like Gecko) Chrome/46.0.2490.80 Safari/537.36"
24.251.21.155 - - [05/Nov/2015:03:41:53 +0000] "GET /static/apipage.css HTTP/1.1" 200 1223 "http://52.8.67.183/help" "Mozilla/5.0 (Windows NT 10.0; WOW64) AppleWebKit/537.36 (KHTML, like Gecko) Chrome/46.0.2490.80 Safari/537.36"
24.251.21.155 - - [05/Nov/2015:03:41:53 +0000] "GET /favicon.ico HTTP/1.1" 404 428 "http://52.8.67.183/help" "Mozilla/5.0 (Windows NT 10.0; WOW64) AppleWebKit/537.36 (KHTML, like Gecko) Chrome/46.0.2490.80 Safari/537.36"
150.135.210.82 - - [05/Nov/2015:03:43:03 +0000] "POST /user/updateUser HTTP/1.1" 400 353 "-" "Mozilla/5.0 (Windows NT 10.0; WOW64) AppleWebKit/537.36 (KHTML, like Gecko) Chrome/46.0.2490.80 Safari/537.36"
150.135.210.82 - - [05/Nov/2015:03:45:43 +0000] "POST /user/updateUser HTTP/1.1" 500 462 "-" "Mozilla/5.0 (Windows NT 10.0; WOW64) AppleWebKit/537.36 (KHTML, like Gecko) Chrome/46.0.2490.80 Safari/537.36"
150.135.210.82 - - [05/Nov/2015:03:47:05 +0000] "POST /user/updateUser HTTP/1.1" 400 353 "-" "Mozilla/5.0 (Windows NT 10.0; WOW64) AppleWebKit/537.36 (KHTML, like Gecko) Chrome/46.0.2490.80 Safari/537.36"
150.135.210.82 - - [05/Nov/2015:03:47:16 +0000] "POST /user/updateUser HTTP/1.1" 400 353 "-" "Mozilla/5.0 (Windows NT 10.0; WOW64) AppleWebKit/537.36 (KHTML, like Gecko) Chrome/46.0.2490.80 Safari/537.36"
150.135.210.82 - - [05/Nov/2015:03:47:22 +0000] "POST /user/updateUser HTTP/1.1" 500 462 "-" "Mozilla/5.0 (Windows NT 10.0; WOW64) AppleWebKit/537.36 (KHTML, like Gecko) Chrome/46.0.2490.80 Safari/537.36"
150.135.210.82 - - [05/Nov/2015:03:48:18 +0000] "POST /user/updateUser HTTP/1.1" 500 462 "-" "Mozilla/5.0 (Windows NT 10.0; WOW64) AppleWebKit/537.36 (KHTML, like Gecko) Chrome/46.0.2490.80 Safari/537.36"
150.135.210.82 - - [05/Nov/2015:03:48:19 +0000] "POST /user/updateUser HTTP/1.1" 500 462 "-" "Mozilla/5.0 (Windows NT 10.0; WOW64) AppleWebKit/537.36 (KHTML, like Gecko) Chrome/46.0.2490.80 Safari/537.36"
150.135.210.82 - - [05/Nov/2015:03:48:21 +0000] "POST /user/updateUser HTTP/1.1" 500 462 "-" "Mozilla/5.0 (Windows NT 10.0; WOW64) AppleWebKit/537.36 (KHTML, like Gecko) Chrome/46.0.2490.80 Safari/537.36"
150.135.210.82 - - [05/Nov/2015:03:48:22 +0000] "POST /user/updateUser HTTP/1.1" 500 462 "-" "Mozilla/5.0 (Windows NT 10.0; WOW64) AppleWebKit/537.36 (KHTML, like Gecko) Chrome/46.0.2490.80 Safari/537.36"
150.135.210.82 - - [05/Nov/2015:03:48:24 +0000] "POST /user/updateUser HTTP/1.1" 500 462 "-" "Mozilla/5.0 (Windows NT 10.0; WOW64) AppleWebKit/537.36 (KHTML, like Gecko) Chrome/46.0.2490.80 Safari/537.36"
150.135.210.82 - - [05/Nov/2015:03:50:47 +0000] "POST /user/updateUser HTTP/1.1" 500 462 "-" "Mozilla/5.0 (Windows NT 10.0; WOW64) AppleWebKit/537.36 (KHTML, like Gecko) Chrome/46.0.2490.80 Safari/537.36"
150.135.210.82 - - [05/Nov/2015:03:53:17 +0000] "POST /user/updateUser HTTP/1.1" 500 462 "-" "Mozilla/5.0 (Windows NT 10.0; WOW64) AppleWebKit/537.36 (KHTML, like Gecko) Chrome/46.0.2490.80 Safari/537.36"
150.135.210.82 - - [05/Nov/2015:03:54:08 +0000] "POST /user/updateUser HTTP/1.1" 500 462 "-" "Mozilla/5.0 (Windows NT 10.0; WOW64) AppleWebKit/537.36 (KHTML, like Gecko) Chrome/46.0.2490.80 Safari/537.36"
150.135.210.82 - - [05/Nov/2015:03:54:40 +0000] "POST /user/updateUser HTTP/1.1" 500 462 "-" "Mozilla/5.0 (Windows NT 10.0; WOW64) AppleWebKit/537.36 (KHTML, like Gecko) Chrome/46.0.2490.80 Safari/537.36"
150.135.210.82 - - [05/Nov/2015:03:56:30 +0000] "POST /user/updateUser HTTP/1.1" 500 462 "-" "Mozilla/5.0 (Windows NT 10.0; WOW64) AppleWebKit/537.36 (KHTML, like Gecko) Chrome/46.0.2490.80 Safari/537.36"
150.135.210.82 - - [05/Nov/2015:03:58:27 +0000] "POST /user/updateUser HTTP/1.1" 500 462 "-" "Mozilla/5.0 (Windows NT 10.0; WOW64) AppleWebKit/537.36 (KHTML, like Gecko) Chrome/46.0.2490.80 Safari/537.36"
150.135.210.82 - - [05/Nov/2015:03:59:57 +0000] "POST /user/updateUser HTTP/1.1" 500 462 "-" "Mozilla/5.0 (Windows NT 10.0; WOW64) AppleWebKit/537.36 (KHTML, like Gecko) Chrome/46.0.2490.80 Safari/537.36"
150.135.210.82 - - [05/Nov/2015:03:59:58 +0000] "POST /user/updateUser HTTP/1.1" 500 462 "-" "Mozilla/5.0 (Windows NT 10.0; WOW64) AppleWebKit/537.36 (KHTML, like Gecko) Chrome/46.0.2490.80 Safari/537.36"
150.135.210.82 - - [05/Nov/2015:04:00:01 +0000] "POST /user/updateUser HTTP/1.1" 500 462 "-" "Mozilla/5.0 (Windows NT 10.0; WOW64) AppleWebKit/537.36 (KHTML, like Gecko) Chrome/46.0.2490.80 Safari/537.36"
150.135.210.90 - - [05/Nov/2015:04:00:15 +0000] "GET /help HTTP/1.1" 200 1310 "http://52.8.67.183/help/client/nearbyAny" "Mozilla/5.0 (Windows NT 10.0; WOW64; rv:42.0) Gecko/20100101 Firefox/42.0"
150.135.210.82 - - [05/Nov/2015:04:00:29 +0000] "POST /client/nearbyAny HTTP/1.1" 200 22545 "-" "Mozilla/5.0 (Windows NT 10.0; WOW64) AppleWebKit/537.36 (KHTML, like Gecko) Chrome/46.0.2490.80 Safari/537.36"
150.135.210.82 - - [05/Nov/2015:04:01:02 +0000] "POST /user/updateUser HTTP/1.1" 500 462 "-" "Mozilla/5.0 (Windows NT 10.0; WOW64) AppleWebKit/537.36 (KHTML, like Gecko) Chrome/46.0.2490.80 Safari/537.36"
150.135.210.82 - - [05/Nov/2015:04:02:14 +0000] "POST /user/updateUser HTTP/1.1" 500 462 "-" "Mozilla/5.0 (Windows NT 10.0; WOW64) AppleWebKit/537.36 (KHTML, like Gecko) Chrome/46.0.2490.80 Safari/537.36"
150.135.210.82 - - [05/Nov/2015:04:02:16 +0000] "POST /user/updateUser HTTP/1.1" 500 462 "-" "Mozilla/5.0 (Windows NT 10.0; WOW64) AppleWebKit/537.36 (KHTML, like Gecko) Chrome/46.0.2490.80 Safari/537.36"
150.135.210.82 - - [05/Nov/2015:04:02:17 +0000] "POST /user/updateUser HTTP/1.1" 500 462 "-" "Mozilla/5.0 (Windows NT 10.0; WOW64) AppleWebKit/537.36 (KHTML, like Gecko) Chrome/46.0.2490.80 Safari/537.36"
150.135.210.82 - - [05/Nov/2015:04:02:18 +0000] "POST /user/updateUser HTTP/1.1" 500 462 "-" "Mozilla/5.0 (Windows NT 10.0; WOW64) AppleWebKit/537.36 (KHTML, like Gecko) Chrome/46.0.2490.80 Safari/537.36"
150.135.210.82 - - [05/Nov/2015:04:02:19 +0000] "POST /user/updateUser HTTP/1.1" 500 462 "-" "Mozilla/5.0 (Windows NT 10.0; WOW64) AppleWebKit/537.36 (KHTML, like Gecko) Chrome/46.0.2490.80 Safari/537.36"
150.135.210.82 - - [05/Nov/2015:04:02:26 +0000] "POST /user/updateUser HTTP/1.1" 500 462 "-" "Mozilla/5.0 (Windows NT 10.0; WOW64) AppleWebKit/537.36 (KHTML, like Gecko) Chrome/46.0.2490.80 Safari/537.36"
150.135.210.82 - - [05/Nov/2015:04:03:56 +0000] "POST /user/updateUser HTTP/1.1" 500 462 "-" "Mozilla/5.0 (Windows NT 10.0; WOW64) AppleWebKit/537.36 (KHTML, like Gecko) Chrome/46.0.2490.80 Safari/537.36"
150.135.210.82 - - [05/Nov/2015:04:06:00 +0000] "POST /user/updateUser HTTP/1.1" 500 462 "-" "Mozilla/5.0 (Windows NT 10.0; WOW64) AppleWebKit/537.36 (KHTML, like Gecko) Chrome/46.0.2490.80 Safari/537.36"
150.135.210.82 - - [05/Nov/2015:04:08:23 +0000] "POST /user/updateUser HTTP/1.1" 500 462 "-" "Mozilla/5.0 (Macintosh; Intel Mac OS X 10_10_5) AppleWebKit/537.36 (KHTML, like Gecko) Chrome/46.0.2490.80 Safari/537.36"
150.135.210.82 - - [05/Nov/2015:04:08:54 +0000] "POST /user/updateUser HTTP/1.1" 500 798 "-" "Mozilla/5.0 (Macintosh; Intel Mac OS X 10_10_5) AppleWebKit/537.36 (KHTML, like Gecko) Chrome/46.0.2490.80 Safari/537.36"
150.135.210.82 - - [05/Nov/2015:04:09:09 +0000] "POST /user/updateUser HTTP/1.1" 500 798 "-" "Mozilla/5.0 (Macintosh; Intel Mac OS X 10_10_5) AppleWebKit/537.36 (KHTML, like Gecko) Chrome/46.0.2490.80 Safari/537.36"
150.135.210.82 - - [05/Nov/2015:04:09:27 +0000] "POST /user/updateUser HTTP/1.1" 500 798 "-" "Mozilla/5.0 (Macintosh; Intel Mac OS X 10_10_5) AppleWebKit/537.36 (KHTML, like Gecko) Chrome/46.0.2490.80 Safari/537.36"
150.135.210.82 - - [05/Nov/2015:04:09:31 +0000] "POST /client/nearbyAny HTTP/1.1" 500 798 "-" "Mozilla/5.0 (Macintosh; Intel Mac OS X 10_10_5) AppleWebKit/537.36 (KHTML, like Gecko) Chrome/46.0.2490.80 Safari/537.36"
150.135.210.82 - - [05/Nov/2015:04:09:34 +0000] "POST /client/nearbyAny HTTP/1.1" 500 798 "-" "Mozilla/5.0 (Macintosh; Intel Mac OS X 10_10_5) AppleWebKit/537.36 (KHTML, like Gecko) Chrome/46.0.2490.80 Safari/537.36"
150.135.210.82 - - [05/Nov/2015:04:09:35 +0000] "POST /client/nearbyAny HTTP/1.1" 500 798 "-" "Mozilla/5.0 (Macintosh; Intel Mac OS X 10_10_5) AppleWebKit/537.36 (KHTML, like Gecko) Chrome/46.0.2490.80 Safari/537.36"
150.135.210.82 - - [05/Nov/2015:04:09:54 +0000] "POST /client/nearbyAny HTTP/1.1" 500 798 "-" "Mozilla/5.0 (Macintosh; Intel Mac OS X 10_10_5) AppleWebKit/537.36 (KHTML, like Gecko) Chrome/46.0.2490.80 Safari/537.36"
150.135.210.90 - - [05/Nov/2015:04:09:58 +0000] "GET /help HTTP/1.1" 500 798 "http://52.8.67.183/help/client/nearbyAny" "Mozilla/5.0 (Windows NT 10.0; WOW64; rv:42.0) Gecko/20100101 Firefox/42.0"
150.135.210.82 - - [05/Nov/2015:04:10:20 +0000] "POST /client/nearbyAny HTTP/1.1" 500 798 "-" "Mozilla/5.0 (Macintosh; Intel Mac OS X 10_10_5) AppleWebKit/537.36 (KHTML, like Gecko) Chrome/46.0.2490.80 Safari/537.36"
150.135.210.82 - - [05/Nov/2015:04:10:30 +0000] "POST /client/nearbyAny HTTP/1.1" 500 798 "-" "Mozilla/5.0 (Macintosh; Intel Mac OS X 10_10_5) AppleWebKit/537.36 (KHTML, like Gecko) Chrome/46.0.2490.80 Safari/537.36"
150.135.210.82 - - [05/Nov/2015:04:10:31 +0000] "POST /client/nearbyAny HTTP/1.1" 500 798 "-" "Mozilla/5.0 (Macintosh; Intel Mac OS X 10_10_5) AppleWebKit/537.36 (KHTML, like Gecko) Chrome/46.0.2490.80 Safari/537.36"
150.135.210.82 - - [05/Nov/2015:04:10:32 +0000] "POST /client/nearbyAny HTTP/1.1" 500 798 "-" "Mozilla/5.0 (Macintosh; Intel Mac OS X 10_10_5) AppleWebKit/537.36 (KHTML, like Gecko) Chrome/46.0.2490.80 Safari/537.36"
150.135.210.82 - - [05/Nov/2015:04:10:33 +0000] "POST /client/nearbyAny HTTP/1.1" 500 798 "-" "Mozilla/5.0 (Macintosh; Intel Mac OS X 10_10_5) AppleWebKit/537.36 (KHTML, like Gecko) Chrome/46.0.2490.80 Safari/537.36"
150.135.210.82 - - [05/Nov/2015:04:10:34 +0000] "POST /client/nearbyAny HTTP/1.1" 500 798 "-" "Mozilla/5.0 (Macintosh; Intel Mac OS X 10_10_5) AppleWebKit/537.36 (KHTML, like Gecko) Chrome/46.0.2490.80 Safari/537.36"
150.135.210.82 - - [05/Nov/2015:04:10:34 +0000] "POST /client/nearbyAny HTTP/1.1" 500 798 "-" "Mozilla/5.0 (Macintosh; Intel Mac OS X 10_10_5) AppleWebKit/537.36 (KHTML, like Gecko) Chrome/46.0.2490.80 Safari/537.36"
150.135.210.90 - - [05/Nov/2015:04:10:35 +0000] "GET /help HTTP/1.1" 500 798 "-" "Mozilla/5.0 (Windows NT 10.0; WOW64; rv:42.0) Gecko/20100101 Firefox/42.0"
150.135.210.82 - - [05/Nov/2015:04:10:36 +0000] "POST /client/nearbyAny HTTP/1.1" 500 798 "-" "Mozilla/5.0 (Macintosh; Intel Mac OS X 10_10_5) AppleWebKit/537.36 (KHTML, like Gecko) Chrome/46.0.2490.80 Safari/537.36"
150.135.210.82 - - [05/Nov/2015:04:10:37 +0000] "POST /client/nearbyAny HTTP/1.1" 500 798 "-" "Mozilla/5.0 (Macintosh; Intel Mac OS X 10_10_5) AppleWebKit/537.36 (KHTML, like Gecko) Chrome/46.0.2490.80 Safari/537.36"
150.135.210.82 - - [05/Nov/2015:04:11:38 +0000] "POST /client/nearbyAny HTTP/1.1" 200 22545 "-" "Mozilla/5.0 (Macintosh; Intel Mac OS X 10_10_5) AppleWebKit/537.36 (KHTML, like Gecko) Chrome/46.0.2490.80 Safari/537.36"
150.135.210.82 - - [05/Nov/2015:04:11:47 +0000] "POST /user/updateUser HTTP/1.1" 500 462 "-" "Mozilla/5.0 (Macintosh; Intel Mac OS X 10_10_5) AppleWebKit/537.36 (KHTML, like Gecko) Chrome/46.0.2490.80 Safari/537.36"
150.135.210.82 - - [05/Nov/2015:04:11:49 +0000] "POST /user/updateUser HTTP/1.1" 500 462 "-" "Mozilla/5.0 (Macintosh; Intel Mac OS X 10_10_5) AppleWebKit/537.36 (KHTML, like Gecko) Chrome/46.0.2490.80 Safari/537.36"
150.135.210.82 - - [05/Nov/2015:04:11:55 +0000] "POST /client/nearbyAny HTTP/1.1" 200 22545 "-" "Mozilla/5.0 (Macintosh; Intel Mac OS X 10_10_5) AppleWebKit/537.36 (KHTML, like Gecko) Chrome/46.0.2490.80 Safari/537.36"
150.135.210.82 - - [05/Nov/2015:04:12:03 +0000] "POST /user/updateUser HTTP/1.1" 500 462 "-" "Mozilla/5.0 (Macintosh; Intel Mac OS X 10_10_5) AppleWebKit/537.36 (KHTML, like Gecko) Chrome/46.0.2490.80 Safari/537.36"
150.135.210.82 - - [05/Nov/2015:04:13:01 +0000] "POST /user/updateUser HTTP/1.1" 500 462 "-" "Mozilla/5.0 (Macintosh; Intel Mac OS X 10_10_5) AppleWebKit/537.36 (KHTML, like Gecko) Chrome/46.0.2490.80 Safari/537.36"
150.135.210.82 - - [05/Nov/2015:04:13:36 +0000] "POST /user/updateUser HTTP/1.1" 400 353 "-" "Mozilla/5.0 (Macintosh; Intel Mac OS X 10_10_5) AppleWebKit/537.36 (KHTML, like Gecko) Chrome/46.0.2490.80 Safari/537.36"
150.135.210.82 - - [05/Nov/2015:04:13:38 +0000] "POST /user/updateUser HTTP/1.1" 400 353 "-" "Mozilla/5.0 (Macintosh; Intel Mac OS X 10_10_5) AppleWebKit/537.36 (KHTML, like Gecko) Chrome/46.0.2490.80 Safari/537.36"
150.135.210.82 - - [05/Nov/2015:04:15:14 +0000] "POST /user/updateUser HTTP/1.1" 400 353 "-" "Mozilla/5.0 (Macintosh; Intel Mac OS X 10_10_5) AppleWebKit/537.36 (KHTML, like Gecko) Chrome/46.0.2490.80 Safari/537.36"
150.135.210.82 - - [05/Nov/2015:04:16:13 +0000] "POST /user/updateUser HTTP/1.1" 500 798 "-" "Mozilla/5.0 (Macintosh; Intel Mac OS X 10_10_5) AppleWebKit/537.36 (KHTML, like Gecko) Chrome/46.0.2490.80 Safari/537.36"
150.135.210.82 - - [05/Nov/2015:04:16:44 +0000] "POST /user/updateUser HTTP/1.1" 400 353 "-" "Mozilla/5.0 (Macintosh; Intel Mac OS X 10_10_5) AppleWebKit/537.36 (KHTML, like Gecko) Chrome/46.0.2490.80 Safari/537.36"
150.135.210.82 - - [05/Nov/2015:04:17:09 +0000] "POST /user/updateUser HTTP/1.1" 400 353 "-" "Mozilla/5.0 (Macintosh; Intel Mac OS X 10_10_5) AppleWebKit/537.36 (KHTML, like Gecko) Chrome/46.0.2490.80 Safari/537.36"
150.135.210.82 - - [05/Nov/2015:04:17:13 +0000] "POST /user/updateUser HTTP/1.1" 400 353 "-" "Mozilla/5.0 (Macintosh; Intel Mac OS X 10_10_5) AppleWebKit/537.36 (KHTML, like Gecko) Chrome/46.0.2490.80 Safari/537.36"
150.135.210.82 - - [05/Nov/2015:04:17:50 +0000] "POST /user/updateUser HTTP/1.1" 500 462 "-" "Mozilla/5.0 (Macintosh; Intel Mac OS X 10_10_5) AppleWebKit/537.36 (KHTML, like Gecko) Chrome/46.0.2490.80 Safari/537.36"
150.135.210.82 - - [05/Nov/2015:04:19:46 +0000] "POST /user/updateUser HTTP/1.1" 500 462 "-" "Mozilla/5.0 (Macintosh; Intel Mac OS X 10_10_5) AppleWebKit/537.36 (KHTML, like Gecko) Chrome/46.0.2490.80 Safari/537.36"
150.135.210.82 - - [05/Nov/2015:04:25:34 +0000] "POST /user/updateUser HTTP/1.1" 500 462 "-" "Mozilla/5.0 (Macintosh; Intel Mac OS X 10_10_5) AppleWebKit/537.36 (KHTML, like Gecko) Chrome/46.0.2490.80 Safari/537.36"
150.135.210.82 - - [05/Nov/2015:04:27:00 +0000] "POST /user/updateUser HTTP/1.1" 500 462 "-" "Mozilla/5.0 (Macintosh; Intel Mac OS X 10_10_5) AppleWebKit/537.36 (KHTML, like Gecko) Chrome/46.0.2490.80 Safari/537.36"
150.135.210.90 - - [05/Nov/2015:04:27:42 +0000] "GET /help HTTP/1.1" 200 1310 "-" "Mozilla/5.0 (Windows NT 10.0; WOW64; rv:42.0) Gecko/20100101 Firefox/42.0"
150.135.210.90 - - [05/Nov/2015:04:27:42 +0000] "GET /static/apipage.css HTTP/1.1" 200 1223 "http://52.8.67.183/help" "Mozilla/5.0 (Windows NT 10.0; WOW64; rv:42.0) Gecko/20100101 Firefox/42.0"
150.135.210.82 - - [05/Nov/2015:04:27:47 +0000] "POST /client/nearbyAny HTTP/1.1" 200 22545 "-" "Mozilla/5.0 (Macintosh; Intel Mac OS X 10_10_5) AppleWebKit/537.36 (KHTML, like Gecko) Chrome/46.0.2490.80 Safari/537.36"
150.135.210.82 - - [05/Nov/2015:04:33:18 +0000] "-" 408 0 "-" "-"
150.135.210.82 - - [05/Nov/2015:04:38:07 +0000] "POST /user/updateUser HTTP/1.1" 401 538 "-" "Mozilla/5.0 (Macintosh; Intel Mac OS X 10_10_5) AppleWebKit/537.36 (KHTML, like Gecko) Chrome/46.0.2490.80 Safari/537.36"
150.135.210.82 - - [05/Nov/2015:04:38:51 +0000] "POST /user/updateUser HTTP/1.1" 500 462 "-" "Mozilla/5.0 (Macintosh; Intel Mac OS X 10_10_5) AppleWebKit/537.36 (KHTML, like Gecko) Chrome/46.0.2490.80 Safari/537.36"
150.135.210.82 - - [05/Nov/2015:04:41:04 +0000] "POST /user/updateUser HTTP/1.1" 500 462 "-" "Mozilla/5.0 (Macintosh; Intel Mac OS X 10_10_5) AppleWebKit/537.36 (KHTML, like Gecko) Chrome/46.0.2490.80 Safari/537.36"
150.135.210.82 - - [05/Nov/2015:04:41:40 +0000] "POST /user/updateUser HTTP/1.1" 500 462 "-" "Mozilla/5.0 (Macintosh; Intel Mac OS X 10_10_5) AppleWebKit/537.36 (KHTML, like Gecko) Chrome/46.0.2490.80 Safari/537.36"
150.135.210.82 - - [05/Nov/2015:04:42:24 +0000] "POST /user/updateUser HTTP/1.1" 500 462 "-" "Mozilla/5.0 (Macintosh; Intel Mac OS X 10_10_5) AppleWebKit/537.36 (KHTML, like Gecko) Chrome/46.0.2490.80 Safari/537.36"
150.135.210.82 - - [05/Nov/2015:04:44:07 +0000] "POST /user/updateUser HTTP/1.1" 400 353 "-" "Mozilla/5.0 (Macintosh; Intel Mac OS X 10_10_5) AppleWebKit/537.36 (KHTML, like Gecko) Chrome/46.0.2490.80 Safari/537.36"
150.135.210.82 - - [05/Nov/2015:04:44:32 +0000] "POST /user/updateUser HTTP/1.1" 400 353 "-" "Mozilla/5.0 (Macintosh; Intel Mac OS X 10_10_5) AppleWebKit/537.36 (KHTML, like Gecko) Chrome/46.0.2490.80 Safari/537.36"
150.135.210.82 - - [05/Nov/2015:04:44:35 +0000] "POST /user/updateUser HTTP/1.1" 400 353 "-" "Mozilla/5.0 (Macintosh; Intel Mac OS X 10_10_5) AppleWebKit/537.36 (KHTML, like Gecko) Chrome/46.0.2490.80 Safari/537.36"
150.135.210.82 - - [05/Nov/2015:04:44:36 +0000] "POST /user/updateUser HTTP/1.1" 400 353 "-" "Mozilla/5.0 (Macintosh; Intel Mac OS X 10_10_5) AppleWebKit/537.36 (KHTML, like Gecko) Chrome/46.0.2490.80 Safari/537.36"
150.135.210.82 - - [05/Nov/2015:04:44:37 +0000] "POST /user/updateUser HTTP/1.1" 400 353 "-" "Mozilla/5.0 (Macintosh; Intel Mac OS X 10_10_5) AppleWebKit/537.36 (KHTML, like Gecko) Chrome/46.0.2490.80 Safari/537.36"
150.135.210.82 - - [05/Nov/2015:04:44:38 +0000] "POST /user/updateUser HTTP/1.1" 400 353 "-" "Mozilla/5.0 (Macintosh; Intel Mac OS X 10_10_5) AppleWebKit/537.36 (KHTML, like Gecko) Chrome/46.0.2490.80 Safari/537.36"
150.135.210.82 - - [05/Nov/2015:04:45:23 +0000] "POST /user/updateUser HTTP/1.1" 400 353 "-" "Mozilla/5.0 (Macintosh; Intel Mac OS X 10_10_5) AppleWebKit/537.36 (KHTML, like Gecko) Chrome/46.0.2490.80 Safari/537.36"
150.135.210.82 - - [05/Nov/2015:04:45:25 +0000] "POST /user/updateUser HTTP/1.1" 400 353 "-" "Mozilla/5.0 (Macintosh; Intel Mac OS X 10_10_5) AppleWebKit/537.36 (KHTML, like Gecko) Chrome/46.0.2490.80 Safari/537.36"
150.135.210.82 - - [05/Nov/2015:04:45:26 +0000] "POST /user/updateUser HTTP/1.1" 400 353 "-" "Mozilla/5.0 (Macintosh; Intel Mac OS X 10_10_5) AppleWebKit/537.36 (KHTML, like Gecko) Chrome/46.0.2490.80 Safari/537.36"
150.135.210.82 - - [05/Nov/2015:04:45:27 +0000] "POST /user/updateUser HTTP/1.1" 400 353 "-" "Mozilla/5.0 (Macintosh; Intel Mac OS X 10_10_5) AppleWebKit/537.36 (KHTML, like Gecko) Chrome/46.0.2490.80 Safari/537.36"
150.135.210.82 - - [05/Nov/2015:04:49:55 +0000] "POST /user/updateUser HTTP/1.1" 400 353 "-" "Mozilla/5.0 (Macintosh; Intel Mac OS X 10_10_5) AppleWebKit/537.36 (KHTML, like Gecko) Chrome/46.0.2490.80 Safari/537.36"
150.135.210.82 - - [05/Nov/2015:04:50:37 +0000] "POST /user/updateUser HTTP/1.1" 500 462 "-" "Mozilla/5.0 (Macintosh; Intel Mac OS X 10_10_5) AppleWebKit/537.36 (KHTML, like Gecko) Chrome/46.0.2490.80 Safari/537.36"
150.135.210.82 - - [05/Nov/2015:04:51:02 +0000] "POST /user/updateUser HTTP/1.1" 500 462 "-" "Mozilla/5.0 (Macintosh; Intel Mac OS X 10_10_5) AppleWebKit/537.36 (KHTML, like Gecko) Chrome/46.0.2490.80 Safari/537.36"
150.135.210.82 - - [05/Nov/2015:04:51:03 +0000] "POST /user/updateUser HTTP/1.1" 500 462 "-" "Mozilla/5.0 (Macintosh; Intel Mac OS X 10_10_5) AppleWebKit/537.36 (KHTML, like Gecko) Chrome/46.0.2490.80 Safari/537.36"
150.135.210.82 - - [05/Nov/2015:04:51:04 +0000] "POST /user/updateUser HTTP/1.1" 500 462 "-" "Mozilla/5.0 (Macintosh; Intel Mac OS X 10_10_5) AppleWebKit/537.36 (KHTML, like Gecko) Chrome/46.0.2490.80 Safari/537.36"
150.135.210.82 - - [05/Nov/2015:04:51:04 +0000] "POST /user/updateUser HTTP/1.1" 500 462 "-" "Mozilla/5.0 (Macintosh; Intel Mac OS X 10_10_5) AppleWebKit/537.36 (KHTML, like Gecko) Chrome/46.0.2490.80 Safari/537.36"
150.135.210.82 - - [05/Nov/2015:04:51:05 +0000] "POST /user/updateUser HTTP/1.1" 500 462 "-" "Mozilla/5.0 (Macintosh; Intel Mac OS X 10_10_5) AppleWebKit/537.36 (KHTML, like Gecko) Chrome/46.0.2490.80 Safari/537.36"
150.135.210.82 - - [05/Nov/2015:04:51:06 +0000] "POST /user/updateUser HTTP/1.1" 500 462 "-" "Mozilla/5.0 (Macintosh; Intel Mac OS X 10_10_5) AppleWebKit/537.36 (KHTML, like Gecko) Chrome/46.0.2490.80 Safari/537.36"
150.135.210.82 - - [05/Nov/2015:04:51:06 +0000] "POST /user/updateUser HTTP/1.1" 500 462 "-" "Mozilla/5.0 (Macintosh; Intel Mac OS X 10_10_5) AppleWebKit/537.36 (KHTML, like Gecko) Chrome/46.0.2490.80 Safari/537.36"
150.135.210.82 - - [05/Nov/2015:04:51:41 +0000] "POST /user/updateUser HTTP/1.1" 500 462 "-" "Mozilla/5.0 (Macintosh; Intel Mac OS X 10_10_5) AppleWebKit/537.36 (KHTML, like Gecko) Chrome/46.0.2490.80 Safari/537.36"
150.135.210.82 - - [05/Nov/2015:05:03:53 +0000] "POST /user/updateUser HTTP/1.1" 500 798 "-" "Mozilla/5.0 (Macintosh; Intel Mac OS X 10_10_5) AppleWebKit/537.36 (KHTML, like Gecko) Chrome/46.0.2490.80 Safari/537.36"
150.135.210.82 - - [05/Nov/2015:05:04:09 +0000] "POST /user/updateUser HTTP/1.1" 500 798 "-" "Mozilla/5.0 (Macintosh; Intel Mac OS X 10_10_5) AppleWebKit/537.36 (KHTML, like Gecko) Chrome/46.0.2490.80 Safari/537.36"
150.135.210.82 - - [05/Nov/2015:05:04:16 +0000] "POST /client/nearbyAny HTTP/1.1" 500 798 "-" "Mozilla/5.0 (Macintosh; Intel Mac OS X 10_10_5) AppleWebKit/537.36 (KHTML, like Gecko) Chrome/46.0.2490.80 Safari/537.36"
150.135.210.82 - - [05/Nov/2015:05:04:23 +0000] "POST /client/nearbyAny HTTP/1.1" 500 798 "-" "Mozilla/5.0 (Macintosh; Intel Mac OS X 10_10_5) AppleWebKit/537.36 (KHTML, like Gecko) Chrome/46.0.2490.80 Safari/537.36"
150.135.210.82 - - [05/Nov/2015:05:04:37 +0000] "POST /client/nearbyAny HTTP/1.1" 500 798 "-" "Mozilla/5.0 (Macintosh; Intel Mac OS X 10_10_5) AppleWebKit/537.36 (KHTML, like Gecko) Chrome/46.0.2490.80 Safari/537.36"
150.135.210.82 - - [05/Nov/2015:05:05:10 +0000] "POST /client/nearbyAny HTTP/1.1" 500 798 "-" "Mozilla/5.0 (Macintosh; Intel Mac OS X 10_10_5) AppleWebKit/537.36 (KHTML, like Gecko) Chrome/46.0.2490.80 Safari/537.36"
150.135.210.82 - - [05/Nov/2015:05:05:14 +0000] "POST /client/nearbyAny HTTP/1.1" 500 798 "-" "Mozilla/5.0 (Macintosh; Intel Mac OS X 10_10_5) AppleWebKit/537.36 (KHTML, like Gecko) Chrome/46.0.2490.80 Safari/537.36"
150.135.210.82 - - [05/Nov/2015:05:05:52 +0000] "POST /client/nearbyAny HTTP/1.1" 200 22548 "-" "Mozilla/5.0 (Macintosh; Intel Mac OS X 10_10_5) AppleWebKit/537.36 (KHTML, like Gecko) Chrome/46.0.2490.80 Safari/537.36"
150.135.210.82 - - [05/Nov/2015:05:05:58 +0000] "POST /user/updateUser HTTP/1.1" 500 462 "-" "Mozilla/5.0 (Macintosh; Intel Mac OS X 10_10_5) AppleWebKit/537.36 (KHTML, like Gecko) Chrome/46.0.2490.80 Safari/537.36"
150.135.210.82 - - [05/Nov/2015:05:06:04 +0000] "POST /client/nearbyAny HTTP/1.1" 200 22548 "-" "Mozilla/5.0 (Macintosh; Intel Mac OS X 10_10_5) AppleWebKit/537.36 (KHTML, like Gecko) Chrome/46.0.2490.80 Safari/537.36"
150.135.210.82 - - [05/Nov/2015:05:06:07 +0000] "POST /client/nearbyAny HTTP/1.1" 200 22547 "-" "Mozilla/5.0 (Macintosh; Intel Mac OS X 10_10_5) AppleWebKit/537.36 (KHTML, like Gecko) Chrome/46.0.2490.80 Safari/537.36"
150.135.210.82 - - [05/Nov/2015:05:06:12 +0000] "POST /user/updateUser HTTP/1.1" 500 462 "-" "Mozilla/5.0 (Macintosh; Intel Mac OS X 10_10_5) AppleWebKit/537.36 (KHTML, like Gecko) Chrome/46.0.2490.80 Safari/537.36"
150.135.210.82 - - [05/Nov/2015:05:08:36 +0000] "POST /user/updateUser HTTP/1.1" 400 353 "-" "Mozilla/5.0 (Macintosh; Intel Mac OS X 10_10_5) AppleWebKit/537.36 (KHTML, like Gecko) Chrome/46.0.2490.80 Safari/537.36"
150.135.210.82 - - [05/Nov/2015:05:09:56 +0000] "POST /user/updateUser HTTP/1.1" 500 462 "-" "Mozilla/5.0 (Macintosh; Intel Mac OS X 10_10_5) AppleWebKit/537.36 (KHTML, like Gecko) Chrome/46.0.2490.80 Safari/537.36"
150.135.210.82 - - [05/Nov/2015:05:10:01 +0000] "POST /user/updateUser HTTP/1.1" 500 462 "-" "Mozilla/5.0 (Macintosh; Intel Mac OS X 10_10_5) AppleWebKit/537.36 (KHTML, like Gecko) Chrome/46.0.2490.80 Safari/537.36"
150.135.210.82 - - [05/Nov/2015:05:12:41 +0000] "POST /user/updateUser HTTP/1.1" 400 353 "-" "Mozilla/5.0 (Macintosh; Intel Mac OS X 10_10_5) AppleWebKit/537.36 (KHTML, like Gecko) Chrome/46.0.2490.80 Safari/537.36"
150.135.210.82 - - [05/Nov/2015:05:13:17 +0000] "POST /user/updateUser HTTP/1.1" 500 462 "-" "Mozilla/5.0 (Macintosh; Intel Mac OS X 10_10_5) AppleWebKit/537.36 (KHTML, like Gecko) Chrome/46.0.2490.80 Safari/537.36"
150.135.210.82 - - [05/Nov/2015:05:13:25 +0000] "POST /client/nearbyAny HTTP/1.1" 200 22548 "-" "Mozilla/5.0 (Macintosh; Intel Mac OS X 10_10_5) AppleWebKit/537.36 (KHTML, like Gecko) Chrome/46.0.2490.80 Safari/537.36"
150.135.210.82 - - [05/Nov/2015:05:17:20 +0000] "POST /user/updateUser HTTP/1.1" 500 798 "-" "Mozilla/5.0 (Macintosh; Intel Mac OS X 10_10_5) AppleWebKit/537.36 (KHTML, like Gecko) Chrome/46.0.2490.80 Safari/537.36"
150.135.210.82 - - [05/Nov/2015:05:17:25 +0000] "POST /user/updateUser HTTP/1.1" 500 798 "-" "Mozilla/5.0 (Macintosh; Intel Mac OS X 10_10_5) AppleWebKit/537.36 (KHTML, like Gecko) Chrome/46.0.2490.80 Safari/537.36"
150.135.210.82 - - [05/Nov/2015:05:17:28 +0000] "POST /client/nearbyAny HTTP/1.1" 200 22548 "-" "Mozilla/5.0 (Macintosh; Intel Mac OS X 10_10_5) AppleWebKit/537.36 (KHTML, like Gecko) Chrome/46.0.2490.80 Safari/537.36"
150.135.210.82 - - [05/Nov/2015:05:19:51 +0000] "POST /user/updateUser HTTP/1.1" 500 798 "-" "Mozilla/5.0 (Macintosh; Intel Mac OS X 10_10_5) AppleWebKit/537.36 (KHTML, like Gecko) Chrome/46.0.2490.80 Safari/537.36"
150.135.210.82 - - [05/Nov/2015:05:19:56 +0000] "POST /client/nearbyAny HTTP/1.1" 200 22548 "-" "Mozilla/5.0 (Macintosh; Intel Mac OS X 10_10_5) AppleWebKit/537.36 (KHTML, like Gecko) Chrome/46.0.2490.80 Safari/537.36"
150.135.210.82 - - [05/Nov/2015:05:19:59 +0000] "POST /user/updateUser HTTP/1.1" 500 798 "-" "Mozilla/5.0 (Macintosh; Intel Mac OS X 10_10_5) AppleWebKit/537.36 (KHTML, like Gecko) Chrome/46.0.2490.80 Safari/537.36"
150.135.210.82 - - [05/Nov/2015:05:20:47 +0000] "POST /user/updateUser HTTP/1.1" 500 798 "-" "Mozilla/5.0 (Macintosh; Intel Mac OS X 10_10_5) AppleWebKit/537.36 (KHTML, like Gecko) Chrome/46.0.2490.80 Safari/537.36"
150.135.210.82 - - [05/Nov/2015:05:20:51 +0000] "POST /client/nearbyAny HTTP/1.1" 200 22548 "-" "Mozilla/5.0 (Macintosh; Intel Mac OS X 10_10_5) AppleWebKit/537.36 (KHTML, like Gecko) Chrome/46.0.2490.80 Safari/537.36"
150.135.210.82 - - [05/Nov/2015:05:24:30 +0000] "POST /client/nearbyAny HTTP/1.1" 200 22548 "-" "Mozilla/5.0 (Macintosh; Intel Mac OS X 10_10_5) AppleWebKit/537.36 (KHTML, like Gecko) Chrome/46.0.2490.80 Safari/537.36"
150.135.210.82 - - [05/Nov/2015:05:24:33 +0000] "POST /user/updateUser HTTP/1.1" 500 798 "-" "Mozilla/5.0 (Macintosh; Intel Mac OS X 10_10_5) AppleWebKit/537.36 (KHTML, like Gecko) Chrome/46.0.2490.80 Safari/537.36"
150.135.210.82 - - [05/Nov/2015:05:30:30 +0000] "POST /client/nearbyAny HTTP/1.1" 200 22548 "-" "Mozilla/5.0 (Macintosh; Intel Mac OS X 10_10_5) AppleWebKit/537.36 (KHTML, like Gecko) Chrome/46.0.2490.80 Safari/537.36"
150.135.210.82 - - [05/Nov/2015:05:30:34 +0000] "POST /user/updateUser HTTP/1.1" 500 798 "-" "Mozilla/5.0 (Macintosh; Intel Mac OS X 10_10_5) AppleWebKit/537.36 (KHTML, like Gecko) Chrome/46.0.2490.80 Safari/537.36"
150.135.210.82 - - [05/Nov/2015:05:32:30 +0000] "POST /user/updateUser HTTP/1.1" 500 798 "-" "Mozilla/5.0 (Macintosh; Intel Mac OS X 10_10_5) AppleWebKit/537.36 (KHTML, like Gecko) Chrome/46.0.2490.80 Safari/537.36"
150.135.210.82 - - [05/Nov/2015:05:38:02 +0000] "-" 408 0 "-" "-"
150.135.210.82 - - [05/Nov/2015:05:39:15 +0000] "POST /user/updateUser HTTP/1.1" 500 798 "-" "Mozilla/5.0 (Macintosh; Intel Mac OS X 10_10_5) AppleWebKit/537.36 (KHTML, like Gecko) Chrome/46.0.2490.80 Safari/537.36"
150.135.210.82 - - [05/Nov/2015:05:39:20 +0000] "POST /user/updateUser HTTP/1.1" 500 798 "-" "Mozilla/5.0 (Macintosh; Intel Mac OS X 10_10_5) AppleWebKit/537.36 (KHTML, like Gecko) Chrome/46.0.2490.80 Safari/537.36"
150.135.210.82 - - [05/Nov/2015:05:42:47 +0000] "POST /user/updateUser HTTP/1.1" 500 798 "-" "Mozilla/5.0 (Macintosh; Intel Mac OS X 10_10_5) AppleWebKit/537.36 (KHTML, like Gecko) Chrome/46.0.2490.80 Safari/537.36"
150.135.210.82 - - [05/Nov/2015:05:44:04 +0000] "POST /user/updateUser HTTP/1.1" 500 798 "-" "Mozilla/5.0 (Macintosh; Intel Mac OS X 10_10_5) AppleWebKit/537.36 (KHTML, like Gecko) Chrome/46.0.2490.80 Safari/537.36"
150.135.210.82 - - [05/Nov/2015:05:50:21 +0000] "POST /client/nearbyAny HTTP/1.1" 200 22548 "-" "Mozilla/5.0 (Macintosh; Intel Mac OS X 10_10_5) AppleWebKit/537.36 (KHTML, like Gecko) Chrome/46.0.2490.80 Safari/537.36"
40.78.146.128 - - [05/Nov/2015:05:52:43 +0000] "GET /help HTTP/1.1" 200 4253 "-" "Mozilla/5.0 (Windows NT 6.1; WOW64) SkypeUriPreview Preview/0.5"
40.78.146.128 - - [05/Nov/2015:05:52:43 +0000] "GET /favicon.ico HTTP/1.1" 404 373 "-" "Mozilla/5.0 (Windows NT 6.1; WOW64) SkypeUriPreview Preview/0.5"
150.135.210.82 - - [05/Nov/2015:05:56:17 +0000] "POST /client/nearbyAny HTTP/1.1" 200 22548 "-" "Mozilla/5.0 (Macintosh; Intel Mac OS X 10_10_5) AppleWebKit/537.36 (KHTML, like Gecko) Chrome/46.0.2490.80 Safari/537.36"
150.135.210.82 - - [05/Nov/2015:05:56:21 +0000] "POST /user/updateUser HTTP/1.1" 500 798 "-" "Mozilla/5.0 (Macintosh; Intel Mac OS X 10_10_5) AppleWebKit/537.36 (KHTML, like Gecko) Chrome/46.0.2490.80 Safari/537.36"
150.135.210.82 - - [05/Nov/2015:06:00:48 +0000] "POST /client/nearbyAny HTTP/1.1" 200 22549 "-" "Mozilla/5.0 (Macintosh; Intel Mac OS X 10_10_5) AppleWebKit/537.36 (KHTML, like Gecko) Chrome/46.0.2490.80 Safari/537.36"
150.135.210.82 - - [05/Nov/2015:06:00:52 +0000] "POST /user/updateUser HTTP/1.1" 500 798 "-" "Mozilla/5.0 (Macintosh; Intel Mac OS X 10_10_5) AppleWebKit/537.36 (KHTML, like Gecko) Chrome/46.0.2490.80 Safari/537.36"
150.135.210.82 - - [05/Nov/2015:06:07:34 +0000] "POST /client/nearbyAny HTTP/1.1" 200 22549 "-" "Mozilla/5.0 (Macintosh; Intel Mac OS X 10_10_5) AppleWebKit/537.36 (KHTML, like Gecko) Chrome/46.0.2490.80 Safari/537.36"
150.135.210.82 - - [05/Nov/2015:06:07:40 +0000] "POST /user/updateUser HTTP/1.1" 500 798 "-" "Mozilla/5.0 (Macintosh; Intel Mac OS X 10_10_5) AppleWebKit/537.36 (KHTML, like Gecko) Chrome/46.0.2490.80 Safari/537.36"
150.135.210.82 - - [05/Nov/2015:06:10:50 +0000] "POST /user/updateUser HTTP/1.1" 400 353 "-" "Mozilla/5.0 (Macintosh; Intel Mac OS X 10_10_5) AppleWebKit/537.36 (KHTML, like Gecko) Chrome/46.0.2490.80 Safari/537.36"
150.135.210.82 - - [05/Nov/2015:06:12:03 +0000] "POST /user/updateUser HTTP/1.1" 401 538 "-" "Mozilla/5.0 (Macintosh; Intel Mac OS X 10_10_5) AppleWebKit/537.36 (KHTML, like Gecko) Chrome/46.0.2490.80 Safari/537.36"
150.135.210.82 - - [05/Nov/2015:06:13:51 +0000] "POST /user/updateUser HTTP/1.1" 500 798 "-" "Mozilla/5.0 (Macintosh; Intel Mac OS X 10_10_5) AppleWebKit/537.36 (KHTML, like Gecko) Chrome/46.0.2490.80 Safari/537.36"
150.135.210.82 - - [05/Nov/2015:06:16:09 +0000] "POST /user/updateUser HTTP/1.1" 500 798 "-" "Mozilla/5.0 (Macintosh; Intel Mac OS X 10_10_5) AppleWebKit/537.36 (KHTML, like Gecko) Chrome/46.0.2490.80 Safari/537.36"
150.135.210.82 - - [05/Nov/2015:06:16:14 +0000] "POST /client/nearbyAny HTTP/1.1" 200 22549 "-" "Mozilla/5.0 (Macintosh; Intel Mac OS X 10_10_5) AppleWebKit/537.36 (KHTML, like Gecko) Chrome/46.0.2490.80 Safari/537.36"
150.135.210.82 - - [05/Nov/2015:06:20:47 +0000] "POST /user/updateUser HTTP/1.1" 500 798 "-" "Mozilla/5.0 (Macintosh; Intel Mac OS X 10_10_5) AppleWebKit/537.36 (KHTML, like Gecko) Chrome/46.0.2490.80 Safari/537.36"
150.135.210.82 - - [05/Nov/2015:06:26:27 +0000] "POST /user/updateUser HTTP/1.1" 500 798 "-" "Mozilla/5.0 (Macintosh; Intel Mac OS X 10_10_5) AppleWebKit/537.36 (KHTML, like Gecko) Chrome/46.0.2490.80 Safari/537.36"
150.135.210.82 - - [05/Nov/2015:06:27:49 +0000] "POST /user/updateUser HTTP/1.1" 500 798 "-" "Mozilla/5.0 (Macintosh; Intel Mac OS X 10_10_5) AppleWebKit/537.36 (KHTML, like Gecko) Chrome/46.0.2490.80 Safari/537.36"
150.135.210.82 - - [05/Nov/2015:06:28:52 +0000] "POST /user/updateUser HTTP/1.1" 500 798 "-" "Mozilla/5.0 (Macintosh; Intel Mac OS X 10_10_5) AppleWebKit/537.36 (KHTML, like Gecko) Chrome/46.0.2490.80 Safari/537.36"
150.135.210.82 - - [05/Nov/2015:06:36:17 +0000] "POST /user/updateUser HTTP/1.1" 500 798 "-" "Mozilla/5.0 (Macintosh; Intel Mac OS X 10_10_5) AppleWebKit/537.36 (KHTML, like Gecko) Chrome/46.0.2490.80 Safari/537.36"
150.135.210.82 - - [05/Nov/2015:06:37:41 +0000] "POST /user/updateUser HTTP/1.1" 500 798 "-" "Mozilla/5.0 (Macintosh; Intel Mac OS X 10_10_5) AppleWebKit/537.36 (KHTML, like Gecko) Chrome/46.0.2490.80 Safari/537.36"
150.135.210.82 - - [05/Nov/2015:06:43:11 +0000] "POST /user/updateUser HTTP/1.1" 500 798 "-" "Mozilla/5.0 (Macintosh; Intel Mac OS X 10_10_5) AppleWebKit/537.36 (KHTML, like Gecko) Chrome/46.0.2490.80 Safari/537.36"
150.135.210.82 - - [05/Nov/2015:06:46:34 +0000] "POST /user/updateUser HTTP/1.1" 500 798 "-" "Mozilla/5.0 (Macintosh; Intel Mac OS X 10_10_5) AppleWebKit/537.36 (KHTML, like Gecko) Chrome/46.0.2490.80 Safari/537.36"
150.135.210.82 - - [05/Nov/2015:06:48:17 +0000] "POST /user/updateUser HTTP/1.1" 500 798 "-" "Mozilla/5.0 (Macintosh; Intel Mac OS X 10_10_5) AppleWebKit/537.36 (KHTML, like Gecko) Chrome/46.0.2490.80 Safari/537.36"
150.135.210.82 - - [05/Nov/2015:06:54:23 +0000] "POST /user/updateUser HTTP/1.1" 500 798 "-" "Mozilla/5.0 (Macintosh; Intel Mac OS X 10_10_5) AppleWebKit/537.36 (KHTML, like Gecko) Chrome/46.0.2490.80 Safari/537.36"
150.135.210.82 - - [05/Nov/2015:06:58:21 +0000] "POST /user/updateUser HTTP/1.1" 500 798 "-" "Mozilla/5.0 (Macintosh; Intel Mac OS X 10_10_5) AppleWebKit/537.36 (KHTML, like Gecko) Chrome/46.0.2490.80 Safari/537.36"
150.135.210.82 - - [05/Nov/2015:06:59:17 +0000] "POST /user/updateUser HTTP/1.1" 500 798 "-" "Mozilla/5.0 (Macintosh; Intel Mac OS X 10_10_5) AppleWebKit/537.36 (KHTML, like Gecko) Chrome/46.0.2490.80 Safari/537.36"
150.135.210.82 - - [05/Nov/2015:07:00:59 +0000] "POST /user/updateUser HTTP/1.1" 200 214 "-" "Mozilla/5.0 (Macintosh; Intel Mac OS X 10_10_5) AppleWebKit/537.36 (KHTML, like Gecko) Chrome/46.0.2490.80 Safari/537.36"
150.135.210.82 - - [05/Nov/2015:07:07:16 +0000] "POST /user/updateUser HTTP/1.1" 500 798 "-" "Mozilla/5.0 (Macintosh; Intel Mac OS X 10_10_5) AppleWebKit/537.36 (KHTML, like Gecko) Chrome/46.0.2490.80 Safari/537.36"
150.135.210.82 - - [05/Nov/2015:07:08:38 +0000] "POST /user/updateUser HTTP/1.1" 200 337 "-" "Mozilla/5.0 (Macintosh; Intel Mac OS X 10_10_5) AppleWebKit/537.36 (KHTML, like Gecko) Chrome/46.0.2490.80 Safari/537.36"
70.162.89.164 - - [05/Nov/2015:07:50:35 +0000] "POST /client/nearbyAny HTTP/1.1" 500 798 "-" "Mozilla/5.0 (Windows NT 10.0; WOW64) AppleWebKit/537.36 (KHTML, like Gecko) Chrome/46.0.2490.80 Safari/537.36"
70.162.89.164 - - [05/Nov/2015:07:51:20 +0000] "POST /client/nearbyAny HTTP/1.1" 500 798 "-" "Mozilla/5.0 (Windows NT 10.0; WOW64) AppleWebKit/537.36 (KHTML, like Gecko) Chrome/46.0.2490.80 Safari/537.36"
70.162.89.164 - - [05/Nov/2015:07:52:47 +0000] "POST /group/updateGroup HTTP/1.1" 500 798 "-" "Mozilla/5.0 (Windows NT 10.0; WOW64) AppleWebKit/537.36 (KHTML, like Gecko) Chrome/46.0.2490.80 Safari/537.36"
70.162.89.164 - - [05/Nov/2015:07:54:59 +0000] "POST /group/updateGroup HTTP/1.1" 500 798 "-" "Mozilla/5.0 (Windows NT 10.0; WOW64) AppleWebKit/537.36 (KHTML, like Gecko) Chrome/46.0.2490.80 Safari/537.36"
70.162.89.164 - - [05/Nov/2015:07:55:04 +0000] "POST /client/nearbyAny HTTP/1.1" 500 798 "-" "Mozilla/5.0 (Windows NT 10.0; WOW64) AppleWebKit/537.36 (KHTML, like Gecko) Chrome/46.0.2490.80 Safari/537.36"
70.162.89.164 - - [05/Nov/2015:07:56:52 +0000] "POST /client/nearbyAny HTTP/1.1" 200 22549 "-" "Mozilla/5.0 (Windows NT 10.0; WOW64) AppleWebKit/537.36 (KHTML, like Gecko) Chrome/46.0.2490.80 Safari/537.36"
70.162.89.164 - - [05/Nov/2015:07:56:55 +0000] "POST /group/updateGroup HTTP/1.1" 500 798 "-" "Mozilla/5.0 (Windows NT 10.0; WOW64) AppleWebKit/537.36 (KHTML, like Gecko) Chrome/46.0.2490.80 Safari/537.36"
70.162.89.164 - - [05/Nov/2015:08:01:09 +0000] "POST /group/updateGroup HTTP/1.1" 200 319 "-" "Mozilla/5.0 (Windows NT 10.0; WOW64) AppleWebKit/537.36 (KHTML, like Gecko) Chrome/46.0.2490.80 Safari/537.36"
68.226.111.133 - - [05/Nov/2015:08:15:44 +0000] "POST /user/updateUser HTTP/1.1" 500 798 "-" "Mozilla/5.0 (Windows NT 10.0; WOW64; rv:42.0) Gecko/20100101 Firefox/42.0"
68.226.111.133 - - [05/Nov/2015:08:17:33 +0000] "POST /user/updateUser HTTP/1.1" 400 353 "-" "Mozilla/5.0 (Windows NT 10.0; WOW64; rv:42.0) Gecko/20100101 Firefox/42.0"
68.226.111.133 - - [05/Nov/2015:08:18:14 +0000] "POST /user/updateUser HTTP/1.1" 400 353 "-" "Mozilla/5.0 (Windows NT 10.0; WOW64; rv:42.0) Gecko/20100101 Firefox/42.0"
68.226.111.133 - - [05/Nov/2015:08:19:31 +0000] "POST /user/updateUser HTTP/1.1" 400 353 "-" "Mozilla/5.0 (Windows NT 10.0; WOW64; rv:42.0) Gecko/20100101 Firefox/42.0"
68.226.111.133 - - [05/Nov/2015:08:19:52 +0000] "POST /user/updateUser HTTP/1.1" 500 798 "-" "Mozilla/5.0 (Windows NT 10.0; WOW64; rv:42.0) Gecko/20100101 Firefox/42.0"
68.226.111.133 - - [05/Nov/2015:08:20:00 +0000] "POST /user/updateUser HTTP/1.1" 400 353 "-" "Mozilla/5.0 (Windows NT 10.0; WOW64; rv:42.0) Gecko/20100101 Firefox/42.0"
70.162.89.164 - - [05/Nov/2015:08:21:52 +0000] "POST /user/updateUser HTTP/1.1" 400 353 "-" "Mozilla/5.0 (Windows NT 10.0; WOW64) AppleWebKit/537.36 (KHTML, like Gecko) Chrome/46.0.2490.80 Safari/537.36"
70.162.89.164 - - [05/Nov/2015:08:22:45 +0000] "POST /user/updateUser HTTP/1.1" 200 364 "-" "Mozilla/5.0 (Windows NT 10.0; WOW64) AppleWebKit/537.36 (KHTML, like Gecko) Chrome/46.0.2490.80 Safari/537.36"
68.226.111.133 - - [05/Nov/2015:08:23:14 +0000] "POST /user/updateUser HTTP/1.1" 200 515 "-" "Mozilla/5.0 (Windows NT 10.0; WOW64; rv:42.0) Gecko/20100101 Firefox/42.0"
68.226.111.133 - - [05/Nov/2015:08:23:38 +0000] "POST /user/updateUser HTTP/1.1" 200 667 "-" "Mozilla/5.0 (Windows NT 10.0; WOW64; rv:42.0) Gecko/20100101 Firefox/42.0"
70.162.89.164 - - [05/Nov/2015:08:24:07 +0000] "POST /user/updateUser HTTP/1.1" 200 818 "-" "Mozilla/5.0 (Windows NT 10.0; WOW64) AppleWebKit/537.36 (KHTML, like Gecko) Chrome/46.0.2490.80 Safari/537.36"
68.226.111.133 - - [05/Nov/2015:08:24:51 +0000] "POST /user/updateUser HTTP/1.1" 200 366 "-" "Mozilla/5.0 (Windows NT 10.0; WOW64; rv:42.0) Gecko/20100101 Firefox/42.0"
70.162.89.164 - - [05/Nov/2015:08:24:54 +0000] "POST /user/updateUser HTTP/1.1" 200 363 "-" "Mozilla/5.0 (Windows NT 10.0; WOW64) AppleWebKit/537.36 (KHTML, like Gecko) Chrome/46.0.2490.80 Safari/537.36"
68.226.111.133 - - [05/Nov/2015:08:25:15 +0000] "POST /user/getData HTTP/1.1" 200 368 "-" "Mozilla/5.0 (Windows NT 10.0; WOW64; rv:42.0) Gecko/20100101 Firefox/42.0"
68.226.111.133 - - [05/Nov/2015:08:25:20 +0000] "POST /user/getData HTTP/1.1" 200 366 "-" "Mozilla/5.0 (Windows NT 10.0; WOW64; rv:42.0) Gecko/20100101 Firefox/42.0"
68.226.111.133 - - [05/Nov/2015:08:26:27 +0000] "POST /user/updateUser HTTP/1.1" 200 344 "-" "Mozilla/5.0 (Windows NT 10.0; WOW64; rv:42.0) Gecko/20100101 Firefox/42.0"
68.226.111.133 - - [05/Nov/2015:08:26:28 +0000] "POST /user/updateUser HTTP/1.1" 200 343 "-" "Mozilla/5.0 (Windows NT 10.0; WOW64; rv:42.0) Gecko/20100101 Firefox/42.0"
68.226.111.133 - - [05/Nov/2015:08:26:29 +0000] "POST /user/updateUser HTTP/1.1" 200 343 "-" "Mozilla/5.0 (Windows NT 10.0; WOW64; rv:42.0) Gecko/20100101 Firefox/42.0"
68.226.111.133 - - [05/Nov/2015:08:28:08 +0000] "POST /user/updateUser HTTP/1.1" 200 344 "-" "Mozilla/5.0 (Windows NT 10.0; WOW64; rv:42.0) Gecko/20100101 Firefox/42.0"
68.226.111.133 - - [05/Nov/2015:08:28:09 +0000] "POST /user/updateUser HTTP/1.1" 200 343 "-" "Mozilla/5.0 (Windows NT 10.0; WOW64; rv:42.0) Gecko/20100101 Firefox/42.0"
68.226.111.133 - - [05/Nov/2015:08:28:10 +0000] "POST /user/updateUser HTTP/1.1" 200 343 "-" "Mozilla/5.0 (Windows NT 10.0; WOW64; rv:42.0) Gecko/20100101 Firefox/42.0"
68.226.111.133 - - [05/Nov/2015:08:29:15 +0000] "POST /user/updateGroup HTTP/1.1" 404 429 "-" "Mozilla/5.0 (Windows NT 10.0; WOW64; rv:42.0) Gecko/20100101 Firefox/42.0"
68.226.111.133 - - [05/Nov/2015:08:29:22 +0000] "POST /group/updateGroup HTTP/1.1" 200 318 "-" "Mozilla/5.0 (Windows NT 10.0; WOW64; rv:42.0) Gecko/20100101 Firefox/42.0"
68.226.111.133 - - [05/Nov/2015:08:29:41 +0000] "POST /group/getData HTTP/1.1" 400 353 "-" "Mozilla/5.0 (Windows NT 10.0; WOW64; rv:42.0) Gecko/20100101 Firefox/42.0"
68.226.111.133 - - [05/Nov/2015:08:29:48 +0000] "POST /group/getData HTTP/1.1" 200 320 "-" "Mozilla/5.0 (Windows NT 10.0; WOW64; rv:42.0) Gecko/20100101 Firefox/42.0"
68.226.111.133 - - [05/Nov/2015:09:06:39 +0000] "POST /group/getData HTTP/1.1" 200 211 "-" "Mozilla/5.0 (Windows NT 10.0; WOW64; rv:42.0) Gecko/20100101 Firefox/42.0"
68.226.111.133 - - [05/Nov/2015:09:13:20 +0000] "POST /user/getData HTTP/1.1" 500 798 "-" "Mozilla/5.0 (Windows NT 10.0; WOW64; rv:42.0) Gecko/20100101 Firefox/42.0"
68.226.111.133 - - [05/Nov/2015:09:13:27 +0000] "POST /user/getData HTTP/1.1" 500 798 "-" "Mozilla/5.0 (Windows NT 10.0; WOW64; rv:42.0) Gecko/20100101 Firefox/42.0"
68.226.111.133 - - [05/Nov/2015:09:14:27 +0000] "POST /user/updateUser HTTP/1.1" 500 798 "-" "Mozilla/5.0 (Windows NT 10.0; WOW64; rv:42.0) Gecko/20100101 Firefox/42.0"
68.226.111.133 - - [05/Nov/2015:09:14:28 +0000] "POST /user/updateUser HTTP/1.1" 500 798 "-" "Mozilla/5.0 (Windows NT 10.0; WOW64; rv:42.0) Gecko/20100101 Firefox/42.0"
68.226.111.133 - - [05/Nov/2015:09:15:28 +0000] "POST /user/updateUser HTTP/1.1" 200 344 "-" "Mozilla/5.0 (Windows NT 10.0; WOW64; rv:42.0) Gecko/20100101 Firefox/42.0"
68.226.111.133 - - [05/Nov/2015:09:15:48 +0000] "POST /user/login HTTP/1.1" 500 798 "-" "Mozilla/5.0 (Windows NT 10.0; WOW64; rv:42.0) Gecko/20100101 Firefox/42.0"
68.226.111.133 - - [05/Nov/2015:09:16:56 +0000] "POST /user/updateUser HTTP/1.1" 200 344 "-" "Mozilla/5.0 (Windows NT 10.0; WOW64; rv:42.0) Gecko/20100101 Firefox/42.0"
68.226.111.133 - - [05/Nov/2015:09:17:08 +0000] "POST /user/login HTTP/1.1" 200 232 "-" "Mozilla/5.0 (Windows NT 10.0; WOW64; rv:42.0) Gecko/20100101 Firefox/42.0"
68.226.111.133 - - [05/Nov/2015:09:17:21 +0000] "POST /user/login HTTP/1.1" 200 232 "-" "Mozilla/5.0 (Windows NT 10.0; WOW64; rv:42.0) Gecko/20100101 Firefox/42.0"
68.226.111.133 - - [05/Nov/2015:09:18:27 +0000] "POST /user/login HTTP/1.1" 200 235 "-" "Mozilla/5.0 (Windows NT 10.0; WOW64; rv:42.0) Gecko/20100101 Firefox/42.0"
68.226.111.133 - - [05/Nov/2015:09:18:36 +0000] "POST /user/updateUser HTTP/1.1" 200 344 "-" "Mozilla/5.0 (Windows NT 10.0; WOW64; rv:42.0) Gecko/20100101 Firefox/42.0"
68.226.111.133 - - [05/Nov/2015:09:18:43 +0000] "POST /user/login HTTP/1.1" 200 235 "-" "Mozilla/5.0 (Windows NT 10.0; WOW64; rv:42.0) Gecko/20100101 Firefox/42.0"
68.226.111.133 - - [05/Nov/2015:09:18:45 +0000] "POST /user/login HTTP/1.1" 200 234 "-" "Mozilla/5.0 (Windows NT 10.0; WOW64; rv:42.0) Gecko/20100101 Firefox/42.0"
68.226.111.133 - - [05/Nov/2015:09:23:14 +0000] "POST /user/login HTTP/1.1" 200 235 "-" "Mozilla/5.0 (Windows NT 10.0; WOW64; rv:42.0) Gecko/20100101 Firefox/42.0"
68.226.111.133 - - [05/Nov/2015:09:23:24 +0000] "POST /user/updateUser HTTP/1.1" 200 344 "-" "Mozilla/5.0 (Windows NT 10.0; WOW64; rv:42.0) Gecko/20100101 Firefox/42.0"
68.226.111.133 - - [05/Nov/2015:09:23:30 +0000] "POST /user/login HTTP/1.1" 200 235 "-" "Mozilla/5.0 (Windows NT 10.0; WOW64; rv:42.0) Gecko/20100101 Firefox/42.0"
68.226.111.133 - - [05/Nov/2015:09:23:42 +0000] "POST /user/login HTTP/1.1" 200 235 "-" "Mozilla/5.0 (Windows NT 10.0; WOW64; rv:42.0) Gecko/20100101 Firefox/42.0"
70.162.89.164 - - [05/Nov/2015:09:24:16 +0000] "POST //userupdateUser HTTP/1.1" 404 429 "-" "Dalvik/2.1.0 (Linux; U; Android 5.1; XT1060 Build/LPA23.12-39.7)"
68.226.111.133 - - [05/Nov/2015:09:25:51 +0000] "POST /user/login HTTP/1.1" 200 211 "-" "Mozilla/5.0 (Windows NT 10.0; WOW64; rv:42.0) Gecko/20100101 Firefox/42.0"
68.226.111.133 - - [05/Nov/2015:09:25:53 +0000] "POST /user/login HTTP/1.1" 200 210 "-" "Mozilla/5.0 (Windows NT 10.0; WOW64; rv:42.0) Gecko/20100101 Firefox/42.0"
70.162.89.164 - - [05/Nov/2015:09:26:18 +0000] "POST /user/updateUser HTTP/1.1" 200 343 "-" "Mozilla/5.0 (Windows NT 10.0; WOW64) AppleWebKit/537.36 (KHTML, like Gecko) Chrome/46.0.2490.80 Safari/537.36"
68.226.111.133 - - [05/Nov/2015:09:26:28 +0000] "POST /user/updateUser HTTP/1.1" 200 346 "-" "Mozilla/5.0 (Windows NT 10.0; WOW64; rv:42.0) Gecko/20100101 Firefox/42.0"
70.162.89.164 - - [05/Nov/2015:09:26:29 +0000] "POST //userupdateUser HTTP/1.1" 404 429 "-" "Dalvik/2.1.0 (Linux; U; Android 5.1; XT1060 Build/LPA23.12-39.7)"
68.226.111.133 - - [05/Nov/2015:09:26:38 +0000] "POST /user/login HTTP/1.1" 200 211 "-" "Mozilla/5.0 (Windows NT 10.0; WOW64; rv:42.0) Gecko/20100101 Firefox/42.0"
70.162.89.164 - - [05/Nov/2015:09:27:42 +0000] "POST //userupdateUser HTTP/1.1" 404 429 "-" "Dalvik/2.1.0 (Linux; U; Android 5.1; XT1060 Build/LPA23.12-39.7)"
70.162.89.164 - - [05/Nov/2015:09:28:16 +0000] "POST //userupdateUser HTTP/1.1" 404 429 "-" "Dalvik/2.1.0 (Linux; U; Android 5.1; XT1060 Build/LPA23.12-39.7)"
70.162.89.164 - - [05/Nov/2015:09:30:34 +0000] "POST //userupdateUser HTTP/1.1" 404 429 "-" "Dalvik/2.1.0 (Linux; U; Android 5.1; XT1060 Build/LPA23.12-39.7)"
70.162.89.164 - - [05/Nov/2015:09:31:25 +0000] "POST //userupdateUser HTTP/1.1" 404 429 "-" "Dalvik/2.1.0 (Linux; U; Android 5.1; XT1060 Build/LPA23.12-39.7)"
68.226.111.133 - - [05/Nov/2015:09:31:35 +0000] "POST /user/login HTTP/1.1" 500 798 "-" "Mozilla/5.0 (Windows NT 10.0; WOW64; rv:42.0) Gecko/20100101 Firefox/42.0"
68.226.111.133 - - [05/Nov/2015:09:32:16 +0000] "POST /user/login HTTP/1.1" 200 211 "-" "Mozilla/5.0 (Windows NT 10.0; WOW64; rv:42.0) Gecko/20100101 Firefox/42.0"
70.162.89.164 - - [05/Nov/2015:09:32:17 +0000] "POST /user/updateUser HTTP/1.1" 500 798 "-" "Mozilla/5.0 (Windows NT 10.0; WOW64) AppleWebKit/537.36 (KHTML, like Gecko) Chrome/46.0.2490.80 Safari/537.36"
