70.162.89.164 - - [05/Nov/2015:09:32:45 +0000] "POST /user/updateUser HTTP/1.1" 200 343 "-" "Mozilla/5.0 (Windows NT 10.0; WOW64) AppleWebKit/537.36 (KHTML, like Gecko) Chrome/46.0.2490.80 Safari/537.36"
70.162.89.164 - - [05/Nov/2015:09:32:52 +0000] "POST /user/updateUser HTTP/1.1" 500 798 "-" "Mozilla/5.0 (Windows NT 10.0; WOW64) AppleWebKit/537.36 (KHTML, like Gecko) Chrome/46.0.2490.80 Safari/537.36"
70.162.89.164 - - [05/Nov/2015:09:34:54 +0000] "POST //userupdateUser HTTP/1.1" 404 429 "-" "Dalvik/2.1.0 (Linux; U; Android 5.1; XT1060 Build/LPA23.12-39.7)"
70.162.89.164 - - [05/Nov/2015:09:34:58 +0000] "POST //userupdateUser HTTP/1.1" 404 428 "-" "Dalvik/2.1.0 (Linux; U; Android 5.1; XT1060 Build/LPA23.12-39.7)"
70.162.89.164 - - [05/Nov/2015:09:35:03 +0000] "POST //userupdateUser HTTP/1.1" 404 429 "-" "Dalvik/2.1.0 (Linux; U; Android 5.1; XT1060 Build/LPA23.12-39.7)"
70.162.89.164 - - [05/Nov/2015:09:35:06 +0000] "POST //userupdateUser HTTP/1.1" 404 428 "-" "Dalvik/2.1.0 (Linux; U; Android 5.1; XT1060 Build/LPA23.12-39.7)"
70.162.89.164 - - [05/Nov/2015:09:35:10 +0000] "POST //userupdateUser HTTP/1.1" 404 428 "-" "Dalvik/2.1.0 (Linux; U; Android 5.1; XT1060 Build/LPA23.12-39.7)"
70.162.89.164 - - [05/Nov/2015:09:35:14 +0000] "POST //userupdateUser HTTP/1.1" 404 428 "-" "Dalvik/2.1.0 (Linux; U; Android 5.1; XT1060 Build/LPA23.12-39.7)"
70.162.89.164 - - [05/Nov/2015:09:35:18 +0000] "POST //userupdateUser HTTP/1.1" 404 428 "-" "Dalvik/2.1.0 (Linux; U; Android 5.1; XT1060 Build/LPA23.12-39.7)"
70.162.89.164 - - [05/Nov/2015:09:35:21 +0000] "POST //userupdateUser HTTP/1.1" 404 428 "-" "Dalvik/2.1.0 (Linux; U; Android 5.1; XT1060 Build/LPA23.12-39.7)"
70.162.89.164 - - [05/Nov/2015:09:35:26 +0000] "POST //userupdateUser HTTP/1.1" 404 428 "-" "Dalvik/2.1.0 (Linux; U; Android 5.1; XT1060 Build/LPA23.12-39.7)"
70.162.89.164 - - [05/Nov/2015:09:35:30 +0000] "POST //userupdateUser HTTP/1.1" 404 428 "-" "Dalvik/2.1.0 (Linux; U; Android 5.1; XT1060 Build/LPA23.12-39.7)"
70.162.89.164 - - [05/Nov/2015:09:35:34 +0000] "POST //userupdateUser HTTP/1.1" 404 428 "-" "Dalvik/2.1.0 (Linux; U; Android 5.1; XT1060 Build/LPA23.12-39.7)"
68.226.111.133 - - [05/Nov/2015:09:35:51 +0000] "POST /user/login HTTP/1.1" 200 211 "-" "Mozilla/5.0 (Windows NT 10.0; WOW64; rv:42.0) Gecko/20100101 Firefox/42.0"
68.226.111.133 - - [05/Nov/2015:09:36:13 +0000] "POST /user/updateUser HTTP/1.1" 200 346 "-" "Mozilla/5.0 (Windows NT 10.0; WOW64; rv:42.0) Gecko/20100101 Firefox/42.0"
70.162.89.164 - - [05/Nov/2015:09:36:29 +0000] "POST //userupdateUser HTTP/1.1" 404 429 "-" "Dalvik/2.1.0 (Linux; U; Android 5.1; XT1060 Build/LPA23.12-39.7)"
70.162.89.164 - - [05/Nov/2015:09:36:32 +0000] "POST //userupdateUser HTTP/1.1" 404 428 "-" "Dalvik/2.1.0 (Linux; U; Android 5.1; XT1060 Build/LPA23.12-39.7)"
70.162.89.164 - - [05/Nov/2015:09:36:36 +0000] "POST //userupdateUser HTTP/1.1" 404 428 "-" "Dalvik/2.1.0 (Linux; U; Android 5.1; XT1060 Build/LPA23.12-39.7)"
70.162.89.164 - - [05/Nov/2015:09:36:40 +0000] "POST //userupdateUser HTTP/1.1" 404 428 "-" "Dalvik/2.1.0 (Linux; U; Android 5.1; XT1060 Build/LPA23.12-39.7)"
70.162.89.164 - - [05/Nov/2015:09:37:20 +0000] "POST //user/updateUser HTTP/1.1" 200 343 "-" "Dalvik/2.1.0 (Linux; U; Android 5.1; XT1060 Build/LPA23.12-39.7)"
70.162.89.164 - - [05/Nov/2015:09:38:16 +0000] "POST //user/updateUser HTTP/1.1" 200 343 "-" "Dalvik/2.1.0 (Linux; U; Android 5.1; XT1060 Build/LPA23.12-39.7)"
70.162.89.164 - - [05/Nov/2015:09:38:20 +0000] "POST //user/updateUser HTTP/1.1" 200 342 "-" "Dalvik/2.1.0 (Linux; U; Android 5.1; XT1060 Build/LPA23.12-39.7)"
68.226.111.133 - - [05/Nov/2015:09:38:29 +0000] "POST /user/updateUser HTTP/1.1" 200 346 "-" "Mozilla/5.0 (Windows NT 10.0; WOW64; rv:42.0) Gecko/20100101 Firefox/42.0"
68.226.111.133 - - [05/Nov/2015:09:38:35 +0000] "POST /user/login HTTP/1.1" 200 211 "-" "Mozilla/5.0 (Windows NT 10.0; WOW64; rv:42.0) Gecko/20100101 Firefox/42.0"
70.162.89.164 - - [05/Nov/2015:09:38:46 +0000] "POST //user/updateUser HTTP/1.1" 200 343 "-" "Dalvik/2.1.0 (Linux; U; Android 5.1; XT1060 Build/LPA23.12-39.7)"
68.226.111.133 - - [05/Nov/2015:09:40:10 +0000] "POST /user/login HTTP/1.1" 200 271 "-" "Mozilla/5.0 (Windows NT 10.0; WOW64; rv:42.0) Gecko/20100101 Firefox/42.0"
68.226.111.133 - - [05/Nov/2015:09:41:10 +0000] "POST /user/login HTTP/1.1" 200 329 "-" "Mozilla/5.0 (Windows NT 10.0; WOW64; rv:42.0) Gecko/20100101 Firefox/42.0"
68.226.111.133 - - [05/Nov/2015:09:41:24 +0000] "POST /user/updateUser HTTP/1.1" 200 346 "-" "Mozilla/5.0 (Windows NT 10.0; WOW64; rv:42.0) Gecko/20100101 Firefox/42.0"
68.226.111.133 - - [05/Nov/2015:09:41:32 +0000] "POST /user/login HTTP/1.1" 200 445 "-" "Mozilla/5.0 (Windows NT 10.0; WOW64; rv:42.0) Gecko/20100101 Firefox/42.0"
68.226.111.133 - - [05/Nov/2015:09:42:54 +0000] "POST /user/login HTTP/1.1" 200 211 "-" "Mozilla/5.0 (Windows NT 10.0; WOW64; rv:42.0) Gecko/20100101 Firefox/42.0"
68.226.111.133 - - [05/Nov/2015:09:42:56 +0000] "POST /user/login HTTP/1.1" 200 210 "-" "Mozilla/5.0 (Windows NT 10.0; WOW64; rv:42.0) Gecko/20100101 Firefox/42.0"
68.226.111.133 - - [05/Nov/2015:09:42:57 +0000] "POST /user/login HTTP/1.1" 200 210 "-" "Mozilla/5.0 (Windows NT 10.0; WOW64; rv:42.0) Gecko/20100101 Firefox/42.0"
68.226.111.133 - - [05/Nov/2015:09:42:58 +0000] "POST /user/login HTTP/1.1" 200 210 "-" "Mozilla/5.0 (Windows NT 10.0; WOW64; rv:42.0) Gecko/20100101 Firefox/42.0"
70.162.89.164 - - [05/Nov/2015:09:52:22 +0000] "POST //user/updateUser HTTP/1.1" 200 312 "-" "Dalvik/2.1.0 (Linux; U; Android 5.1; XT1060 Build/LPA23.12-39.7)"
70.162.89.164 - - [05/Nov/2015:10:00:39 +0000] "POST //user/updateUser HTTP/1.1" 200 312 "-" "Dalvik/2.1.0 (Linux; U; Android 5.1; XT1060 Build/LPA23.12-39.7)"
70.162.89.164 - - [05/Nov/2015:10:04:36 +0000] "POST /user/login HTTP/1.1" 500 798 "-" "Mozilla/5.0 (Windows NT 10.0; WOW64) AppleWebKit/537.36 (KHTML, like Gecko) Chrome/46.0.2490.80 Safari/537.36"
24.251.21.155 - - [05/Nov/2015:10:04:47 +0000] "GET /help HTTP/1.1" 200 1310 "-" "Mozilla/5.0 (Windows NT 10.0; WOW64) AppleWebKit/537.36 (KHTML, like Gecko) Chrome/46.0.2490.80 Safari/537.36"
24.251.21.155 - - [05/Nov/2015:10:04:47 +0000] "GET /static/apipage.css HTTP/1.1" 200 1223 "http://52.8.67.183/help" "Mozilla/5.0 (Windows NT 10.0; WOW64) AppleWebKit/537.36 (KHTML, like Gecko) Chrome/46.0.2490.80 Safari/537.36"
70.162.89.164 - - [05/Nov/2015:10:16:15 +0000] "POST /client/nearbyAny HTTP/1.1" 200 22549 "-" "Mozilla/5.0 (Windows NT 10.0; WOW64) AppleWebKit/537.36 (KHTML, like Gecko) Chrome/46.0.2490.80 Safari/537.36"
70.162.89.164 - - [05/Nov/2015:10:20:00 +0000] "POST /group/updateGroup HTTP/1.1" 200 319 "-" "Mozilla/5.0 (Windows NT 10.0; WOW64) AppleWebKit/537.36 (KHTML, like Gecko) Chrome/46.0.2490.80 Safari/537.36"
70.162.89.164 - - [05/Nov/2015:10:22:13 +0000] "POST /user/updateUser HTTP/1.1" 400 353 "-" "Mozilla/5.0 (Windows NT 10.0; WOW64) AppleWebKit/537.36 (KHTML, like Gecko) Chrome/46.0.2490.80 Safari/537.36"
70.162.89.164 - - [05/Nov/2015:10:22:13 +0000] "POST /user/updateUser HTTP/1.1" 400 353 "-" "Mozilla/5.0 (Windows NT 10.0; WOW64) AppleWebKit/537.36 (KHTML, like Gecko) Chrome/46.0.2490.80 Safari/537.36"
70.162.89.164 - - [05/Nov/2015:10:22:56 +0000] "POST /user/updateUser HTTP/1.1" 200 316 "-" "Mozilla/5.0 (Windows NT 10.0; WOW64) AppleWebKit/537.36 (KHTML, like Gecko) Chrome/46.0.2490.80 Safari/537.36"
70.162.89.164 - - [05/Nov/2015:10:22:59 +0000] "POST /user/updateUser HTTP/1.1" 200 315 "-" "Mozilla/5.0 (Windows NT 10.0; WOW64) AppleWebKit/537.36 (KHTML, like Gecko) Chrome/46.0.2490.80 Safari/537.36"
70.162.89.164 - - [05/Nov/2015:10:27:49 +0000] "GET /help HTTP/1.1" 200 1310 "-" "Mozilla/5.0 (Windows NT 10.0; WOW64) AppleWebKit/537.36 (KHTML, like Gecko) Chrome/46.0.2490.80 Safari/537.36"
70.162.89.164 - - [05/Nov/2015:10:27:49 +0000] "GET /static/apipage.css HTTP/1.1" 200 1223 "http://52.8.67.183/help" "Mozilla/5.0 (Windows NT 10.0; WOW64) AppleWebKit/537.36 (KHTML, like Gecko) Chrome/46.0.2490.80 Safari/537.36"
70.162.89.164 - - [05/Nov/2015:10:27:49 +0000] "GET /favicon.ico HTTP/1.1" 404 428 "http://52.8.67.183/help" "Mozilla/5.0 (Windows NT 10.0; WOW64) AppleWebKit/537.36 (KHTML, like Gecko) Chrome/46.0.2490.80 Safari/537.36"
70.162.89.164 - - [05/Nov/2015:10:44:42 +0000] "POST //client/nearbyAny HTTP/1.1" 500 798 "-" "Dalvik/2.1.0 (Linux; U; Android 5.1; XT1060 Build/LPA23.12-39.7)"
70.162.89.164 - - [05/Nov/2015:10:44:53 +0000] "POST /client/nearbyAny HTTP/1.1" 200 22549 "-" "Mozilla/5.0 (Windows NT 10.0; WOW64) AppleWebKit/537.36 (KHTML, like Gecko) Chrome/46.0.2490.80 Safari/537.36"
70.162.89.164 - - [05/Nov/2015:10:45:58 +0000] "POST /client/nearbyAny HTTP/1.1" 500 798 "-" "Dalvik/2.1.0 (Linux; U; Android 5.1; XT1060 Build/LPA23.12-39.7)"
70.162.89.164 - - [05/Nov/2015:10:46:32 +0000] "POST /client/nearbyAny HTTP/1.1" 200 22549 "-" "Mozilla/5.0 (Windows NT 10.0; WOW64) AppleWebKit/537.36 (KHTML, like Gecko) Chrome/46.0.2490.80 Safari/537.36"
70.162.89.164 - - [05/Nov/2015:10:46:45 +0000] "POST /client/nearbyAny HTTP/1.1" 500 798 "-" "Dalvik/2.1.0 (Linux; U; Android 5.1; XT1060 Build/LPA23.12-39.7)"
70.162.89.164 - - [05/Nov/2015:10:47:35 +0000] "POST /client/nearbyAny HTTP/1.1" 200 22549 "-" "Dalvik/2.1.0 (Linux; U; Android 5.1; XT1060 Build/LPA23.12-39.7)"
70.162.89.164 - - [05/Nov/2015:10:51:13 +0000] "POST /user/login HTTP/1.1" 500 798 "-" "Mozilla/5.0 (Windows NT 10.0; WOW64) AppleWebKit/537.36 (KHTML, like Gecko) Chrome/46.0.2490.80 Safari/537.36"
70.162.89.164 - - [05/Nov/2015:10:51:32 +0000] "POST /user/login HTTP/1.1" 500 798 "-" "Mozilla/5.0 (Windows NT 10.0; WOW64) AppleWebKit/537.36 (KHTML, like Gecko) Chrome/46.0.2490.80 Safari/537.36"
70.162.89.164 - - [05/Nov/2015:11:46:37 +0000] "POST /user/updateUser HTTP/1.1" 200 316 "-" "Mozilla/5.0 (Windows NT 10.0; WOW64) AppleWebKit/537.36 (KHTML, like Gecko) Chrome/46.0.2490.80 Safari/537.36"
70.162.89.164 - - [05/Nov/2015:11:53:44 +0000] "POST //user/updateUser HTTP/1.1" 200 315 "-" "Dalvik/2.1.0 (Linux; U; Android 5.1; XT1060 Build/LPA23.12-39.7)"
70.162.89.164 - - [05/Nov/2015:12:03:11 +0000] "POST /client/nearbyAny HTTP/1.1" 200 22546 "-" "Dalvik/2.1.0 (Linux; U; Android 5.1; XT1060 Build/LPA23.12-39.7)"
24.251.21.155 - - [05/Nov/2015:12:11:09 +0000] "POST //user/updateUser HTTP/1.1" 200 313 "-" "Dalvik/2.1.0 (Linux; U; Android 5.1; XT1095 Build/LPE23.32-21.6)"
24.251.21.155 - - [05/Nov/2015:12:21:46 +0000] "GET /help HTTP/1.1" 200 1310 "-" "Mozilla/5.0 (Windows NT 10.0; WOW64) AppleWebKit/537.36 (KHTML, like Gecko) Chrome/46.0.2490.80 Safari/537.36"
24.251.21.155 - - [05/Nov/2015:12:21:46 +0000] "GET /static/apipage.css HTTP/1.1" 200 1223 "http://52.8.67.183/help" "Mozilla/5.0 (Windows NT 10.0; WOW64) AppleWebKit/537.36 (KHTML, like Gecko) Chrome/46.0.2490.80 Safari/537.36"
68.226.111.133 - - [05/Nov/2015:12:59:01 +0000] "POST /user/login HTTP/1.1" 200 211 "-" "Mozilla/5.0 (Windows NT 10.0; WOW64; rv:42.0) Gecko/20100101 Firefox/42.0"
68.226.111.133 - - [05/Nov/2015:12:59:02 +0000] "POST /user/login HTTP/1.1" 200 210 "-" "Mozilla/5.0 (Windows NT 10.0; WOW64; rv:42.0) Gecko/20100101 Firefox/42.0"
180.97.106.37 - - [05/Nov/2015:13:08:26 +0000] "GET HTTP://www.baidu.com/ HTTP/1.1" 200 4197 "-" "-"
68.226.111.133 - - [05/Nov/2015:13:08:59 +0000] "POST /user/updateUser HTTP/1.1" 200 318 "-" "Mozilla/5.0 (Windows NT 10.0; WOW64; rv:42.0) Gecko/20100101 Firefox/42.0"
68.226.111.133 - - [05/Nov/2015:13:09:07 +0000] "POST /user/login HTTP/1.1" 200 271 "-" "Mozilla/5.0 (Windows NT 10.0; WOW64; rv:42.0) Gecko/20100101 Firefox/42.0"
68.226.111.133 - - [05/Nov/2015:13:29:17 +0000] "POST /user/updateUser HTTP/1.1" 200 318 "-" "Mozilla/5.0 (Windows NT 10.0; WOW64; rv:42.0) Gecko/20100101 Firefox/42.0"
68.226.111.133 - - [05/Nov/2015:13:29:23 +0000] "POST /user/login HTTP/1.1" 200 271 "-" "Mozilla/5.0 (Windows NT 10.0; WOW64; rv:42.0) Gecko/20100101 Firefox/42.0"
68.226.111.133 - - [05/Nov/2015:13:30:49 +0000] "POST /user/updatePreferences HTTP/1.1" 500 798 "-" "Mozilla/5.0 (Windows NT 10.0; WOW64; rv:42.0) Gecko/20100101 Firefox/42.0"
68.226.111.133 - - [05/Nov/2015:13:31:21 +0000] "POST /user/updatePreferences HTTP/1.1" 500 798 "-" "Mozilla/5.0 (Windows NT 10.0; WOW64; rv:42.0) Gecko/20100101 Firefox/42.0"
68.226.111.133 - - [05/Nov/2015:13:32:04 +0000] "POST /user/updatePreferences HTTP/1.1" 500 798 "-" "Mozilla/5.0 (Windows NT 10.0; WOW64; rv:42.0) Gecko/20100101 Firefox/42.0"
68.226.111.133 - - [05/Nov/2015:13:32:32 +0000] "POST /user/updatePreferences HTTP/1.1" 500 798 "-" "Mozilla/5.0 (Windows NT 10.0; WOW64; rv:42.0) Gecko/20100101 Firefox/42.0"
68.226.111.133 - - [05/Nov/2015:13:32:46 +0000] "POST /user/updatePreferences HTTP/1.1" 500 798 "-" "Mozilla/5.0 (Windows NT 10.0; WOW64; rv:42.0) Gecko/20100101 Firefox/42.0"
68.226.111.133 - - [05/Nov/2015:13:33:24 +0000] "POST /user/updatePreferences HTTP/1.1" 500 798 "-" "Mozilla/5.0 (Windows NT 10.0; WOW64; rv:42.0) Gecko/20100101 Firefox/42.0"
68.226.111.133 - - [05/Nov/2015:13:35:06 +0000] "POST /user/updatePreferences HTTP/1.1" 500 798 "-" "Mozilla/5.0 (Windows NT 10.0; WOW64; rv:42.0) Gecko/20100101 Firefox/42.0"
68.226.111.133 - - [05/Nov/2015:13:35:35 +0000] "POST /user/updatePreferences HTTP/1.1" 500 798 "-" "Mozilla/5.0 (Windows NT 10.0; WOW64; rv:42.0) Gecko/20100101 Firefox/42.0"
68.226.111.133 - - [05/Nov/2015:13:37:25 +0000] "POST /user/updatePreferences HTTP/1.1" 500 798 "-" "Mozilla/5.0 (Windows NT 10.0; WOW64; rv:42.0) Gecko/20100101 Firefox/42.0"
68.226.111.133 - - [05/Nov/2015:13:39:01 +0000] "POST /user/updatePreferences HTTP/1.1" 200 226 "-" "Mozilla/5.0 (Windows NT 10.0; WOW64; rv:42.0) Gecko/20100101 Firefox/42.0"
68.226.111.133 - - [05/Nov/2015:13:39:03 +0000] "POST /user/updatePreferences HTTP/1.1" 200 225 "-" "Mozilla/5.0 (Windows NT 10.0; WOW64; rv:42.0) Gecko/20100101 Firefox/42.0"
68.226.111.133 - - [05/Nov/2015:13:39:04 +0000] "POST /user/updatePreferences HTTP/1.1" 200 225 "-" "Mozilla/5.0 (Windows NT 10.0; WOW64; rv:42.0) Gecko/20100101 Firefox/42.0"
68.226.111.133 - - [05/Nov/2015:13:43:37 +0000] "POST /user/updatePreferences HTTP/1.1" 500 798 "-" "Mozilla/5.0 (Windows NT 10.0; WOW64; rv:42.0) Gecko/20100101 Firefox/42.0"
68.226.111.133 - - [05/Nov/2015:13:44:21 +0000] "POST /user/updatePreferences HTTP/1.1" 500 798 "-" "Mozilla/5.0 (Windows NT 10.0; WOW64; rv:42.0) Gecko/20100101 Firefox/42.0"
68.226.111.133 - - [05/Nov/2015:13:45:21 +0000] "POST /user/updatePreferences HTTP/1.1" 500 798 "-" "Mozilla/5.0 (Windows NT 10.0; WOW64; rv:42.0) Gecko/20100101 Firefox/42.0"
68.226.111.133 - - [05/Nov/2015:13:46:09 +0000] "POST /user/updatePreferences HTTP/1.1" 500 798 "-" "Mozilla/5.0 (Windows NT 10.0; WOW64; rv:42.0) Gecko/20100101 Firefox/42.0"
68.226.111.133 - - [05/Nov/2015:13:48:26 +0000] "POST /user/updatePreferences HTTP/1.1" 500 798 "-" "Mozilla/5.0 (Windows NT 10.0; WOW64; rv:42.0) Gecko/20100101 Firefox/42.0"
68.226.111.133 - - [05/Nov/2015:13:49:38 +0000] "POST /user/updatePreferences HTTP/1.1" 500 798 "-" "Mozilla/5.0 (Windows NT 10.0; WOW64; rv:42.0) Gecko/20100101 Firefox/42.0"
68.226.111.133 - - [05/Nov/2015:13:50:10 +0000] "POST /user/updatePreferences HTTP/1.1" 200 236 "-" "Mozilla/5.0 (Windows NT 10.0; WOW64; rv:42.0) Gecko/20100101 Firefox/42.0"
68.226.111.133 - - [05/Nov/2015:13:50:12 +0000] "POST /user/updatePreferences HTTP/1.1" 200 235 "-" "Mozilla/5.0 (Windows NT 10.0; WOW64; rv:42.0) Gecko/20100101 Firefox/42.0"
68.226.111.133 - - [05/Nov/2015:14:02:48 +0000] "POST /user/getPreferences HTTP/1.1" 500 798 "-" "Mozilla/5.0 (Windows NT 10.0; WOW64; rv:42.0) Gecko/20100101 Firefox/42.0"
68.226.111.133 - - [05/Nov/2015:14:05:34 +0000] "POST /user/getPreferences HTTP/1.1" 200 347 "-" "Mozilla/5.0 (Windows NT 10.0; WOW64; rv:42.0) Gecko/20100101 Firefox/42.0"
70.162.89.164 - - [05/Nov/2015:17:00:46 +0000] "POST /user/login HTTP/1.1" 200 211 "-" "Mozilla/5.0 (Windows NT 10.0; WOW64) AppleWebKit/537.36 (KHTML, like Gecko) Chrome/46.0.2490.80 Safari/537.36"
70.162.89.164 - - [05/Nov/2015:17:00:52 +0000] "POST /user/login HTTP/1.1" 200 211 "-" "Mozilla/5.0 (Windows NT 10.0; WOW64) AppleWebKit/537.36 (KHTML, like Gecko) Chrome/46.0.2490.80 Safari/537.36"
70.162.89.164 - - [05/Nov/2015:17:01:10 +0000] "POST /user/updateUser HTTP/1.1" 200 317 "-" "Mozilla/5.0 (Windows NT 10.0; WOW64) AppleWebKit/537.36 (KHTML, like Gecko) Chrome/46.0.2490.80 Safari/537.36"
70.162.89.164 - - [05/Nov/2015:17:01:23 +0000] "POST /user/login HTTP/1.1" 200 271 "-" "Mozilla/5.0 (Windows NT 10.0; WOW64) AppleWebKit/537.36 (KHTML, like Gecko) Chrome/46.0.2490.80 Safari/537.36"
70.162.89.164 - - [05/Nov/2015:17:01:36 +0000] "POST /user/login HTTP/1.1" 200 271 "-" "Mozilla/5.0 (Windows NT 10.0; WOW64) AppleWebKit/537.36 (KHTML, like Gecko) Chrome/46.0.2490.80 Safari/537.36"
70.162.89.164 - - [05/Nov/2015:17:01:47 +0000] "POST /user/login HTTP/1.1" 400 353 "-" "Mozilla/5.0 (Windows NT 10.0; WOW64) AppleWebKit/537.36 (KHTML, like Gecko) Chrome/46.0.2490.80 Safari/537.36"
70.162.89.164 - - [05/Nov/2015:17:02:03 +0000] "POST /user/login HTTP/1.1" 500 798 "-" "Mozilla/5.0 (Windows NT 10.0; WOW64) AppleWebKit/537.36 (KHTML, like Gecko) Chrome/46.0.2490.80 Safari/537.36"
70.162.89.164 - - [05/Nov/2015:17:05:53 +0000] "POST /user/login HTTP/1.1" 200 271 "-" "Mozilla/5.0 (Windows NT 10.0; WOW64) AppleWebKit/537.36 (KHTML, like Gecko) Chrome/46.0.2490.80 Safari/537.36"
70.162.89.164 - - [05/Nov/2015:17:06:00 +0000] "POST /user/login HTTP/1.1" 200 211 "-" "Mozilla/5.0 (Windows NT 10.0; WOW64) AppleWebKit/537.36 (KHTML, like Gecko) Chrome/46.0.2490.80 Safari/537.36"
70.162.89.164 - - [05/Nov/2015:17:06:06 +0000] "POST /user/login HTTP/1.1" 200 271 "-" "Mozilla/5.0 (Windows NT 10.0; WOW64) AppleWebKit/537.36 (KHTML, like Gecko) Chrome/46.0.2490.80 Safari/537.36"
70.162.89.164 - - [05/Nov/2015:17:06:12 +0000] "POST /user/login HTTP/1.1" 200 271 "-" "Mozilla/5.0 (Windows NT 10.0; WOW64) AppleWebKit/537.36 (KHTML, like Gecko) Chrome/46.0.2490.80 Safari/537.36"
150.135.210.72 - - [05/Nov/2015:18:10:51 +0000] "POST /user/login HTTP/1.1" 200 271 "-" "Mozilla/5.0 (Windows NT 10.0; WOW64) AppleWebKit/537.36 (KHTML, like Gecko) Chrome/46.0.2490.80 Safari/537.36"
150.135.210.72 - - [05/Nov/2015:18:11:03 +0000] "POST /user/login HTTP/1.1" 200 271 "-" "Mozilla/5.0 (Windows NT 10.0; WOW64) AppleWebKit/537.36 (KHTML, like Gecko) Chrome/46.0.2490.80 Safari/537.36"
150.135.210.72 - - [05/Nov/2015:18:11:11 +0000] "POST /user/login HTTP/1.1" 200 271 "-" "Mozilla/5.0 (Windows NT 10.0; WOW64) AppleWebKit/537.36 (KHTML, like Gecko) Chrome/46.0.2490.80 Safari/537.36"
150.135.210.72 - - [05/Nov/2015:18:11:16 +0000] "POST /user/login HTTP/1.1" 200 211 "-" "Mozilla/5.0 (Windows NT 10.0; WOW64) AppleWebKit/537.36 (KHTML, like Gecko) Chrome/46.0.2490.80 Safari/537.36"
150.135.210.72 - - [05/Nov/2015:18:11:20 +0000] "POST /user/login HTTP/1.1" 200 270 "-" "Mozilla/5.0 (Windows NT 10.0; WOW64) AppleWebKit/537.36 (KHTML, like Gecko) Chrome/46.0.2490.80 Safari/537.36"
150.135.210.67 - - [05/Nov/2015:18:22:58 +0000] "POST //user/updateUser HTTP/1.1" 500 798 "-" "Dalvik/2.1.0 (Linux; U; Android 5.1; XT1060 Build/LPA23.12-39.7)"
150.135.210.67 - - [05/Nov/2015:18:23:23 +0000] "POST //user/updateUser HTTP/1.1" 500 798 "-" "Dalvik/2.1.0 (Linux; U; Android 5.1; XT1060 Build/LPA23.12-39.7)"
150.135.210.72 - - [05/Nov/2015:18:23:45 +0000] "POST /user/updateUser HTTP/1.1" 500 798 "-" "Mozilla/5.0 (Windows NT 10.0; WOW64) AppleWebKit/537.36 (KHTML, like Gecko) Chrome/46.0.2490.80 Safari/537.36"
150.135.210.72 - - [05/Nov/2015:18:24:00 +0000] "POST /user/updateUser HTTP/1.1" 500 798 "-" "Mozilla/5.0 (Windows NT 10.0; WOW64) AppleWebKit/537.36 (KHTML, like Gecko) Chrome/46.0.2490.80 Safari/537.36"
150.135.210.72 - - [05/Nov/2015:18:24:00 +0000] "POST /user/updateUser HTTP/1.1" 500 798 "-" "Mozilla/5.0 (Windows NT 10.0; WOW64) AppleWebKit/537.36 (KHTML, like Gecko) Chrome/46.0.2490.80 Safari/537.36"
150.135.210.72 - - [05/Nov/2015:18:24:07 +0000] "POST /client/nearbyAny HTTP/1.1" 500 798 "-" "Mozilla/5.0 (Windows NT 10.0; WOW64) AppleWebKit/537.36 (KHTML, like Gecko) Chrome/46.0.2490.80 Safari/537.36"
150.135.210.72 - - [05/Nov/2015:18:26:01 +0000] "POST /client/nearbyAny HTTP/1.1" 200 22540 "-" "Mozilla/5.0 (Windows NT 10.0; WOW64) AppleWebKit/537.36 (KHTML, like Gecko) Chrome/46.0.2490.80 Safari/537.36"
150.135.210.72 - - [05/Nov/2015:18:26:05 +0000] "POST /user/login HTTP/1.1" 200 210 "-" "Mozilla/5.0 (Windows NT 10.0; WOW64) AppleWebKit/537.36 (KHTML, like Gecko) Chrome/46.0.2490.80 Safari/537.36"
150.135.210.72 - - [05/Nov/2015:18:26:08 +0000] "POST /user/login HTTP/1.1" 200 210 "-" "Mozilla/5.0 (Windows NT 10.0; WOW64) AppleWebKit/537.36 (KHTML, like Gecko) Chrome/46.0.2490.80 Safari/537.36"
150.135.210.67 - - [05/Nov/2015:18:26:26 +0000] "POST //user/updateUser HTTP/1.1" 200 293 "-" "Dalvik/2.1.0 (Linux; U; Android 5.1; XT1060 Build/LPA23.12-39.7)"
150.135.210.67 - - [05/Nov/2015:18:27:06 +0000] "POST //user/updateUser HTTP/1.1" 200 309 "-" "Dalvik/2.1.0 (Linux; U; Android 5.1; XT1060 Build/LPA23.12-39.7)"
150.135.210.67 - - [05/Nov/2015:18:27:37 +0000] "POST //user/updateUser HTTP/1.1" 200 312 "-" "Dalvik/2.1.0 (Linux; U; Android 5.1; XT1060 Build/LPA23.12-39.7)"
150.135.210.67 - - [05/Nov/2015:18:28:41 +0000] "POST //user/updateUser HTTP/1.1" 200 332 "-" "Dalvik/2.1.0 (Linux; U; Android 5.1; XT1060 Build/LPA23.12-39.7)"
150.135.210.72 - - [05/Nov/2015:18:33:46 +0000] "POST /user/getGroups HTTP/1.1" 200 211 "-" "Mozilla/5.0 (Windows NT 10.0; WOW64) AppleWebKit/537.36 (KHTML, like Gecko) Chrome/46.0.2490.80 Safari/537.36"
150.135.210.67 - - [05/Nov/2015:18:41:05 +0000] "POST //user/updateUser HTTP/1.1" 200 293 "-" "Dalvik/2.1.0 (Linux; U; Android 5.1; XT1060 Build/LPA23.12-39.7)"
68.226.111.133 - - [05/Nov/2015:18:41:05 +0000] "POST /user/updateGroup HTTP/1.1" 404 429 "-" "Mozilla/5.0 (Windows NT 10.0; WOW64; rv:42.0) Gecko/20100101 Firefox/42.0"
150.135.210.67 - - [05/Nov/2015:18:41:12 +0000] "POST //user/login HTTP/1.1" 200 268 "-" "Dalvik/2.1.0 (Linux; U; Android 5.1; XT1060 Build/LPA23.12-39.7)"
68.226.111.133 - - [05/Nov/2015:18:41:12 +0000] "POST /group/updateGroup HTTP/1.1" 200 314 "-" "Mozilla/5.0 (Windows NT 10.0; WOW64; rv:42.0) Gecko/20100101 Firefox/42.0"
68.226.111.133 - - [05/Nov/2015:18:41:28 +0000] "POST /group/getData HTTP/1.1" 200 316 "-" "Mozilla/5.0 (Windows NT 10.0; WOW64; rv:42.0) Gecko/20100101 Firefox/42.0"
68.226.111.133 - - [05/Nov/2015:18:41:52 +0000] "POST /user/getGroups HTTP/1.1" 200 268 "-" "Mozilla/5.0 (Windows NT 10.0; WOW64; rv:42.0) Gecko/20100101 Firefox/42.0"
150.135.210.67 - - [05/Nov/2015:18:42:36 +0000] "POST //user/login HTTP/1.1" 200 268 "-" "Dalvik/2.1.0 (Linux; U; Android 5.1; XT1060 Build/LPA23.12-39.7)"
150.135.210.67 - - [05/Nov/2015:18:43:34 +0000] "POST /client/nearbyAny HTTP/1.1" 200 22540 "-" "Dalvik/2.1.0 (Linux; U; Android 5.1; XT1060 Build/LPA23.12-39.7)"
150.135.210.72 - - [05/Nov/2015:18:52:24 +0000] "POST /admin/getUsers HTTP/1.1" 500 798 "-" "Mozilla/5.0 (Windows NT 10.0; WOW64) AppleWebKit/537.36 (KHTML, like Gecko) Chrome/46.0.2490.80 Safari/537.36"
150.135.210.72 - - [05/Nov/2015:18:52:28 +0000] "POST /admin/getUsers HTTP/1.1" 500 798 "-" "Mozilla/5.0 (Windows NT 10.0; WOW64) AppleWebKit/537.36 (KHTML, like Gecko) Chrome/46.0.2490.80 Safari/537.36"
68.226.111.133 - - [05/Nov/2015:18:52:44 +0000] "POST /admin/getUsers HTTP/1.1" 500 798 "-" "Mozilla/5.0 (Windows NT 10.0; WOW64; rv:42.0) Gecko/20100101 Firefox/42.0"
68.226.111.133 - - [05/Nov/2015:18:53:57 +0000] "POST /admin/getUsers HTTP/1.1" 200 789 "-" "Mozilla/5.0 (Windows NT 10.0; WOW64; rv:42.0) Gecko/20100101 Firefox/42.0"
150.135.210.72 - - [05/Nov/2015:18:53:59 +0000] "POST /admin/getUsers HTTP/1.1" 200 789 "-" "Mozilla/5.0 (Windows NT 10.0; WOW64) AppleWebKit/537.36 (KHTML, like Gecko) Chrome/46.0.2490.80 Safari/537.36"
68.226.111.133 - - [05/Nov/2015:18:57:37 +0000] "POST /user/updateUser HTTP/1.1" 400 353 "-" "Mozilla/5.0 (Windows NT 10.0; WOW64; rv:42.0) Gecko/20100101 Firefox/42.0"
68.226.111.133 - - [05/Nov/2015:18:57:54 +0000] "POST /user/updateUser HTTP/1.1" 400 353 "-" "Mozilla/5.0 (Windows NT 10.0; WOW64; rv:42.0) Gecko/20100101 Firefox/42.0"
68.226.111.133 - - [05/Nov/2015:18:58:27 +0000] "POST /user/updateUser HTTP/1.1" 200 316 "-" "Mozilla/5.0 (Windows NT 10.0; WOW64; rv:42.0) Gecko/20100101 Firefox/42.0"
150.135.210.72 - - [05/Nov/2015:18:58:37 +0000] "POST /user/login HTTP/1.1" 200 268 "-" "Mozilla/5.0 (Windows NT 10.0; WOW64) AppleWebKit/537.36 (KHTML, like Gecko) Chrome/46.0.2490.80 Safari/537.36"
208.54.4.232 - - [05/Nov/2015:18:58:43 +0000] "POST //user/login HTTP/1.1" 200 268 "-" "Dalvik/2.1.0 (Linux; U; Android 5.1; XT1095 Build/LPE23.32-21.6)"
208.54.4.232 - - [05/Nov/2015:19:00:54 +0000] "POST //user/login HTTP/1.1" 200 268 "-" "Dalvik/2.1.0 (Linux; U; Android 5.1; XT1095 Build/LPE23.32-21.6)"
208.54.4.232 - - [05/Nov/2015:19:00:58 +0000] "POST //user/login HTTP/1.1" 500 798 "-" "Dalvik/2.1.0 (Linux; U; Android 5.1; XT1095 Build/LPE23.32-21.6)"
150.135.210.72 - - [05/Nov/2015:19:01:11 +0000] "POST /admin/getUsers HTTP/1.1" 200 912 "-" "Mozilla/5.0 (Windows NT 10.0; WOW64) AppleWebKit/537.36 (KHTML, like Gecko) Chrome/46.0.2490.80 Safari/537.36"
150.135.210.72 - - [05/Nov/2015:19:01:14 +0000] "POST /admin/getUsers HTTP/1.1" 200 911 "-" "Mozilla/5.0 (Windows NT 10.0; WOW64) AppleWebKit/537.36 (KHTML, like Gecko) Chrome/46.0.2490.80 Safari/537.36"
150.135.210.72 - - [05/Nov/2015:19:01:37 +0000] "POST /admin/getUsers HTTP/1.1" 200 912 "-" "Mozilla/5.0 (Windows NT 10.0; WOW64) AppleWebKit/537.36 (KHTML, like Gecko) Chrome/46.0.2490.80 Safari/537.36"
208.54.4.232 - - [05/Nov/2015:19:03:29 +0000] "POST //user/login HTTP/1.1" 200 268 "-" "Dalvik/2.1.0 (Linux; U; Android 5.1; XT1095 Build/LPE23.32-21.6)"
208.54.4.232 - - [05/Nov/2015:19:03:36 +0000] "POST //admin/getUsers HTTP/1.1" 200 912 "-" "Dalvik/2.1.0 (Linux; U; Android 5.1; XT1095 Build/LPE23.32-21.6)"
208.54.4.232 - - [05/Nov/2015:19:03:53 +0000] "POST //admin/getUsers HTTP/1.1" 200 912 "-" "Dalvik/2.1.0 (Linux; U; Android 5.1; XT1095 Build/LPE23.32-21.6)"
208.54.4.232 - - [05/Nov/2015:19:04:07 +0000] "POST //admin/getUsers HTTP/1.1" 200 912 "-" "Dalvik/2.1.0 (Linux; U; Android 5.1; XT1095 Build/LPE23.32-21.6)"
208.54.4.232 - - [05/Nov/2015:19:04:08 +0000] "POST //admin/getUsers HTTP/1.1" 200 912 "-" "Dalvik/2.1.0 (Linux; U; Android 5.1; XT1095 Build/LPE23.32-21.6)"
208.54.4.232 - - [05/Nov/2015:19:11:05 +0000] "POST //user/login HTTP/1.1" 200 268 "-" "Dalvik/2.1.0 (Linux; U; Android 5.1; XT1095 Build/LPE23.32-21.6)"
208.54.4.232 - - [05/Nov/2015:19:11:53 +0000] "POST //admin/getUsers HTTP/1.1" 200 912 "-" "Dalvik/2.1.0 (Linux; U; Android 5.1; XT1095 Build/LPE23.32-21.6)"
208.54.4.232 - - [05/Nov/2015:19:12:05 +0000] "POST //admin/getUsers HTTP/1.1" 200 912 "-" "Dalvik/2.1.0 (Linux; U; Android 5.1; XT1095 Build/LPE23.32-21.6)"
208.54.4.232 - - [05/Nov/2015:19:13:49 +0000] "POST //user/login HTTP/1.1" 200 268 "-" "Dalvik/2.1.0 (Linux; U; Android 5.1; XT1095 Build/LPE23.32-21.6)"
208.54.4.232 - - [05/Nov/2015:19:14:00 +0000] "POST //admin/getUsers HTTP/1.1" 200 912 "-" "Dalvik/2.1.0 (Linux; U; Android 5.1; XT1095 Build/LPE23.32-21.6)"
208.54.4.232 - - [05/Nov/2015:19:14:05 +0000] "POST //admin/getUsers HTTP/1.1" 200 912 "-" "Dalvik/2.1.0 (Linux; U; Android 5.1; XT1095 Build/LPE23.32-21.6)"
208.54.4.232 - - [05/Nov/2015:19:15:05 +0000] "POST //admin/getUsers HTTP/1.1" 200 912 "-" "Dalvik/2.1.0 (Linux; U; Android 5.1; XT1095 Build/LPE23.32-21.6)"
208.54.4.232 - - [05/Nov/2015:19:15:32 +0000] "POST //user/login HTTP/1.1" 200 268 "-" "Dalvik/2.1.0 (Linux; U; Android 5.1; XT1095 Build/LPE23.32-21.6)"
208.54.4.232 - - [05/Nov/2015:19:15:38 +0000] "POST //admin/getUsers HTTP/1.1" 200 912 "-" "Dalvik/2.1.0 (Linux; U; Android 5.1; XT1095 Build/LPE23.32-21.6)"
208.54.4.232 - - [05/Nov/2015:19:15:51 +0000] "POST //admin/getUsers HTTP/1.1" 200 912 "-" "Dalvik/2.1.0 (Linux; U; Android 5.1; XT1095 Build/LPE23.32-21.6)"
208.54.4.232 - - [05/Nov/2015:19:17:11 +0000] "POST //user/login HTTP/1.1" 200 268 "-" "Dalvik/2.1.0 (Linux; U; Android 5.1; XT1095 Build/LPE23.32-21.6)"
208.54.4.232 - - [05/Nov/2015:19:17:15 +0000] "POST //admin/getUsers HTTP/1.1" 200 911 "-" "Dalvik/2.1.0 (Linux; U; Android 5.1; XT1095 Build/LPE23.32-21.6)"
208.54.4.232 - - [05/Nov/2015:19:18:31 +0000] "POST //user/login HTTP/1.1" 200 268 "-" "Dalvik/2.1.0 (Linux; U; Android 5.1; XT1095 Build/LPE23.32-21.6)"
150.135.210.72 - - [05/Nov/2015:19:19:19 +0000] "POST /admin/getUsers HTTP/1.1" 200 912 "-" "Mozilla/5.0 (Windows NT 10.0; WOW64) AppleWebKit/537.36 (KHTML, like Gecko) Chrome/46.0.2490.80 Safari/537.36"
208.54.4.232 - - [05/Nov/2015:19:20:41 +0000] "POST //user/login HTTP/1.1" 200 268 "-" "Dalvik/2.1.0 (Linux; U; Android 5.1; XT1095 Build/LPE23.32-21.6)"
208.54.4.232 - - [05/Nov/2015:19:20:46 +0000] "POST //admin/getUsers HTTP/1.1" 200 911 "-" "Dalvik/2.1.0 (Linux; U; Android 5.1; XT1095 Build/LPE23.32-21.6)"
208.54.4.232 - - [05/Nov/2015:19:21:01 +0000] "POST //admin/getUsers HTTP/1.1" 200 912 "-" "Dalvik/2.1.0 (Linux; U; Android 5.1; XT1095 Build/LPE23.32-21.6)"
150.135.210.72 - - [05/Nov/2015:19:31:44 +0000] "POST /user/getGroups HTTP/1.1" 200 268 "-" "Mozilla/5.0 (Windows NT 10.0; WOW64) AppleWebKit/537.36 (KHTML, like Gecko) Chrome/46.0.2490.80 Safari/537.36"
150.135.210.72 - - [05/Nov/2015:19:31:56 +0000] "POST /user/getGroups HTTP/1.1" 200 211 "-" "Mozilla/5.0 (Windows NT 10.0; WOW64) AppleWebKit/537.36 (KHTML, like Gecko) Chrome/46.0.2490.80 Safari/537.36"
150.135.210.72 - - [05/Nov/2015:19:32:00 +0000] "POST /user/getGroups HTTP/1.1" 200 267 "-" "Mozilla/5.0 (Windows NT 10.0; WOW64) AppleWebKit/537.36 (KHTML, like Gecko) Chrome/46.0.2490.80 Safari/537.36"
150.135.210.72 - - [05/Nov/2015:19:32:19 +0000] "POST /user/getGroups HTTP/1.1" 200 268 "-" "Mozilla/5.0 (Windows NT 10.0; WOW64) AppleWebKit/537.36 (KHTML, like Gecko) Chrome/46.0.2490.80 Safari/537.36"
172.56.16.37 - - [05/Nov/2015:19:33:39 +0000] "POST //user/updateUser HTTP/1.1" 200 303 "-" "Dalvik/2.1.0 (Linux; U; Android 5.1; XT1095 Build/LPE23.32-21.6)"
172.56.16.37 - - [05/Nov/2015:19:34:13 +0000] "POST //admin/getUsers HTTP/1.1" 200 1022 "-" "Dalvik/2.1.0 (Linux; U; Android 5.1; XT1095 Build/LPE23.32-21.6)"
172.56.16.37 - - [05/Nov/2015:19:34:51 +0000] "POST /client/nearbyAny HTTP/1.1" 200 28520 "-" "Dalvik/2.1.0 (Linux; U; Android 5.1; XT1095 Build/LPE23.32-21.6)"
172.56.16.37 - - [05/Nov/2015:19:37:26 +0000] "POST /client/nearbyAny HTTP/1.1" 200 28520 "-" "Dalvik/2.1.0 (Linux; U; Android 5.1; XT1095 Build/LPE23.32-21.6)"
172.56.16.37 - - [05/Nov/2015:19:37:27 +0000] "POST /client/nearbyAny HTTP/1.1" 200 28520 "-" "Dalvik/2.1.0 (Linux; U; Android 5.1; XT1095 Build/LPE23.32-21.6)"
150.135.210.67 - - [05/Nov/2015:19:51:58 +0000] "POST /client/nearbyAny HTTP/1.1" 200 22539 "-" "Dalvik/2.1.0 (Linux; U; Android 5.1; XT1060 Build/LPA23.12-39.7)"
150.135.210.67 - - [05/Nov/2015:19:51:59 +0000] "POST /client/nearbyAny HTTP/1.1" 200 22538 "-" "Dalvik/2.1.0 (Linux; U; Android 5.1; XT1060 Build/LPA23.12-39.7)"
117.247.14.161 - - [05/Nov/2015:21:21:41 +0000] "GET / HTTP/1.1" 200 4216 "-" "-"
62.210.88.201 - - [06/Nov/2015:00:53:05 +0000] "GET http://51.254.206.142/httptest.php HTTP/1.1" 404 373 "-" "-"
62.210.88.201 - - [06/Nov/2015:00:54:52 +0000] "GET http://www.google.pl/search?q=praca&num=100&start=100 HTTP/1.1" 404 373 "-" "-"
141.212.122.64 - - [06/Nov/2015:01:29:20 +0000] "GET /x HTTP/1.1" 400 0 "-" "Telesphoreo"
62.210.88.201 - - [06/Nov/2015:01:51:05 +0000] "GET http://www.google.pl/search?q=onet.pl&num=100&start=100 HTTP/1.1" 404 373 "-" "-"
62.210.88.201 - - [06/Nov/2015:01:51:07 +0000] "GET http://51.254.206.142/httptest.php HTTP/1.1" 404 373 "-" "-"
202.109.143.18 - - [06/Nov/2015:03:15:10 +0000] "GET /manager/html HTTP/1.1" 404 373 "-" "Mozilla/3.0 (compatible; Indy Library)"
182.118.60.19 - - [06/Nov/2015:03:30:04 +0000] "GET / HTTP/1.1" 200 1254 "-" "Mozilla/5.0 (Macintosh; Intel Mac OS X 10_10_1) AppleWebKit/537.36 (KHTML, like Gecko) Chrome/41.0.2251.0 Safari/537.36"
185.25.151.159 - - [06/Nov/2015:05:45:49 +0000] "GET http://testp2.czar.bielawa.pl/testproxy.php HTTP/1.1" 404 373 "-" "Mozilla/5.0 (Windows NT 5.1; rv:32.0) Gecko/20100101 Firefox/31.0"
222.186.34.229 - - [06/Nov/2015:11:54:59 +0000] "GET /manager/html HTTP/1.1" 404 373 "-" "Mozilla/5.0 (compatible; MSIE 10.0; Windows NT 6.2; WOW64; Trident/6.0)"
185.25.151.159 - - [06/Nov/2015:17:33:01 +0000] "GET http://testp3.pospr.waw.pl/testproxy.php HTTP/1.1" 404 373 "-" "Mozilla/5.0 (Windows NT 5.1; rv:32.0) Gecko/20100101 Firefox/31.0"
182.118.60.83 - - [06/Nov/2015:18:34:40 +0000] "GET / HTTP/1.1" 200 1254 "-" "Mozilla/5.0 (Macintosh; Intel Mac OS X 10_10_1) AppleWebKit/537.36 (KHTML, like Gecko) Chrome/41.0.2251.0 Safari/537.36"
185.25.151.159 - - [06/Nov/2015:20:24:36 +0000] "GET http://testp2.czar.bielawa.pl/testproxy.php HTTP/1.1" 404 373 "-" "Mozilla/5.0 (Windows NT 5.1; rv:32.0) Gecko/20100101 Firefox/31.0"
62.210.88.201 - - [06/Nov/2015:21:02:08 +0000] "GET http://www.google.pl/search?q=onet.pl&num=100&start=100 HTTP/1.1" 404 373 "-" "-"
62.210.88.201 - - [06/Nov/2015:21:02:19 +0000] "GET http://51.254.206.142/httptest.php HTTP/1.1" 404 373 "-" "-"
62.210.88.201 - - [07/Nov/2015:04:18:44 +0000] "GET http://www.google.pl/search?q=ostro%C5%82%C4%99ka&num=100&start=100 HTTP/1.1" 404 373 "-" "-"
62.210.88.201 - - [07/Nov/2015:04:19:21 +0000] "GET http://51.254.206.142/httptest.php HTTP/1.1" 404 373 "-" "-"
54.189.173.226 - - [07/Nov/2015:10:50:49 +0000] "GET http://www.wikipedia.org/ HTTP/1.1" 200 4197 "-" "-"
62.210.88.201 - - [07/Nov/2015:11:22:46 +0000] "GET http://51.254.206.142/httptest.php HTTP/1.1" 404 373 "-" "-"
62.210.88.201 - - [07/Nov/2015:11:22:57 +0000] "GET http://www.google.pl/search?q=google&num=100&start=100 HTTP/1.1" 404 373 "-" "-"
178.158.228.136 - - [07/Nov/2015:12:12:35 +0000] "POST /tmUnblock.cgi HTTP/1.1" 404 373 "-" "-"
94.102.49.122 - - [07/Nov/2015:12:41:22 +0000] "GET / HTTP/1.0" 200 4216 "-" "Mozilla/5.0 (Windows NT 6.1; rv:31.0) Gecko/20100101 Firefox/31.0"
91.196.50.33 - - [07/Nov/2015:13:13:29 +0000] "GET http://testp2.czar.bielawa.pl/testproxy.php HTTP/1.1" 404 373 "-" "Mozilla/5.0 (Windows NT 5.1; rv:32.0) Gecko/20100101 Firefox/31.0"
113.204.53.134 - - [07/Nov/2015:17:55:44 +0000] "GET /web-console/ServerInfo.jsp HTTP/1.1" 404 373 "52.8.67.183:80/web-console/ServerInfo.jsp" "Mozilla/4.0 (compatible; MSIE 9.0; Windows NT 6.1; 2Pac; .NET CLR 2.0.50727; .NET CLR 3.0.04506.648; .NET CLR 3.5.21022)"
113.204.53.134 - - [07/Nov/2015:17:55:48 +0000] "GET /jmx-console/HtmlAdaptor?action=inspectMBean&name=jboss.system:type=ServerInfo HTTP/1.1" 404 373 "http://52.8.67.183:80/jmx-console/HtmlAdaptor?action=inspectMBean&name=jboss.system:type=ServerInfo" "Mozilla/4.0 (compatible; MSIE 9.0; Windows NT 6.1; 2Pac; .NET CLR 2.0.50727; .NET CLR 3.0.04506.648; .NET CLR 3.5.21022)"
113.204.53.134 - - [07/Nov/2015:17:55:53 +0000] "GET /invoker/JMXInvokerServlet HTTP/1.1" 404 373 "52.8.67.183:80/invoker/JMXInvokerServlet" "Mozilla/4.0 (compatible; MSIE 9.0; Windows NT 6.1; 2Pac; .NET CLR 2.0.50727; .NET CLR 3.0.04506.648; .NET CLR 3.5.21022)"
202.109.143.18 - - [08/Nov/2015:04:32:02 +0000] "GET /manager/html HTTP/1.1" 404 373 "-" "Mozilla/3.0 (compatible; Indy Library)"
202.109.143.18 - - [08/Nov/2015:04:34:05 +0000] "GET /manager/html HTTP/1.1" 404 373 "-" "Mozilla/3.0 (compatible; Indy Library)"
202.109.143.18 - - [08/Nov/2015:04:36:39 +0000] "GET /manager/html HTTP/1.1" 404 373 "-" "Mozilla/3.0 (compatible; Indy Library)"
188.138.9.50 - - [08/Nov/2015:05:39:06 +0000] "GET / HTTP/1.1" 200 4197 "-" "-"
188.138.9.50 - - [08/Nov/2015:05:39:07 +0000] "GET /robots.txt HTTP/1.1" 404 373 "-" "-"
188.138.9.50 - - [08/Nov/2015:05:39:07 +0000] "GET /sitemap.xml HTTP/1.1" 404 373 "-" "-"
91.196.50.33 - - [08/Nov/2015:10:18:57 +0000] "GET http://testp2.czar.bielawa.pl/testproxy.php HTTP/1.1" 404 373 "-" "Mozilla/5.0 (Windows NT 5.1; rv:32.0) Gecko/20100101 Firefox/31.0"
167.88.10.197 - - [08/Nov/2015:15:27:44 +0000] "GET / HTTP/1.1" 200 4197 "-" "Mozilla/4.0 (compatible; MSIE 8.0; Windows NT 6.1; Trident/4.0; SLCC2; .NET CLR 2.0.50727; .NET CLR 3.5.30729; .NET CLR 3.0.30729; Media Center PC 6.0)"
62.210.88.201 - - [08/Nov/2015:15:45:01 +0000] "GET http://www.google.pl/search?q=polska+najlepsza&num=100&start=100 HTTP/1.1" 404 373 "-" "-"
62.210.88.201 - - [08/Nov/2015:15:45:48 +0000] "GET http://51.254.206.142/httptest.php HTTP/1.1" 404 373 "-" "-"
172.56.17.56 - - [08/Nov/2015:19:38:43 +0000] "POST //user/login HTTP/1.1" 200 268 "-" "Dalvik/2.1.0 (Linux; U; Android 5.1; XT1095 Build/LPE23.32-21.6)"
172.56.17.56 - - [08/Nov/2015:19:39:06 +0000] "POST //admin/getUsers HTTP/1.1" 200 1022 "-" "Dalvik/2.1.0 (Linux; U; Android 5.1; XT1095 Build/LPE23.32-21.6)"
167.114.246.182 - - [09/Nov/2015:03:22:32 +0000] "GET /CFIDE/administrator/ HTTP/1.1" 404 429 "-" "-"
198.52.110.89 - - [09/Nov/2015:10:42:09 +0000] "GET //zecmd/zecmd.jsp?comment=whoami HTTP/1.1" 404 392 "-" "Mozilla/5.0 (Windows NT 6.1; WOW64) AppleWebKit/537.36 (KHTML, like Gecko) Chrome/30.0.1599.101 Safari/537.36"
198.52.110.89 - - [09/Nov/2015:10:42:09 +0000] "GET //CluJaNuL/cmd.jsp?cmd=whoami HTTP/1.1" 404 392 "-" "Mozilla/5.0 (Windows NT 6.1; WOW64) AppleWebKit/537.36 (KHTML, like Gecko) Chrome/30.0.1599.101 Safari/537.36"
198.52.110.89 - - [09/Nov/2015:10:42:09 +0000] "GET //wstats/wstats.jsp?comment=whoami HTTP/1.1" 404 392 "-" "Mozilla/5.0 (Windows NT 6.1; WOW64) AppleWebKit/537.36 (KHTML, like Gecko) Chrome/30.0.1599.101 Safari/537.36"
198.52.110.89 - - [09/Nov/2015:10:42:09 +0000] "GET //jmx-console/jmx.jsp HTTP/1.1" 404 392 "-" "Mozilla/5.0 (Windows NT 6.1; WOW64) AppleWebKit/537.36 (KHTML, like Gecko) Chrome/30.0.1599.101 Safari/537.36"
198.52.110.89 - - [09/Nov/2015:10:42:09 +0000] "GET //_tomcat/index.jsp HTTP/1.1" 404 392 "-" "Mozilla/5.0 (Windows NT 6.1; WOW64) AppleWebKit/537.36 (KHTML, like Gecko) Chrome/30.0.1599.101 Safari/537.36"
198.52.110.89 - - [09/Nov/2015:10:42:09 +0000] "HEAD //jmx-console/HtmlAdaptor?action=inspectMBean&name=jboss.system:type=ServerInfo HTTP/1.1" 404 159 "-" "Mozilla/5.0 (Windows NT 6.1; WOW64) AppleWebKit/537.36 (KHTML, like Gecko) Chrome/30.0.1599.101 Safari/537.36"
198.52.110.89 - - [09/Nov/2015:10:42:09 +0000] "HEAD //invoker/JMXInvokerServlet HTTP/1.1" 404 159 "-" "Mozilla/5.0 (Windows NT 6.1; WOW64) AppleWebKit/537.36 (KHTML, like Gecko) Chrome/30.0.1599.101 Safari/537.36"
5.8.66.78 - - [09/Nov/2015:11:56:30 +0000] "GET /muieblackcat HTTP/1.1" 404 392 "-" "-"
5.8.66.78 - - [09/Nov/2015:11:56:30 +0000] "GET //phpMyAdmin/scripts/setup.php HTTP/1.1" 404 392 "-" "-"
5.8.66.78 - - [09/Nov/2015:11:56:31 +0000] "GET //phpmyadmin/scripts/setup.php HTTP/1.1" 404 392 "-" "-"
5.8.66.78 - - [09/Nov/2015:11:56:31 +0000] "GET //pma/scripts/setup.php HTTP/1.1" 404 392 "-" "-"
5.8.66.78 - - [09/Nov/2015:11:56:31 +0000] "GET //myadmin/scripts/setup.php HTTP/1.1" 404 392 "-" "-"
5.8.66.78 - - [09/Nov/2015:11:56:32 +0000] "GET //MyAdmin/scripts/setup.php HTTP/1.1" 404 392 "-" "-"
116.31.119.138 - - [09/Nov/2015:13:59:36 +0000] "GET /invoker/JMXInvokerServlet HTTP/1.1" 404 429 "-" "Java/1.8.0_60"
91.196.50.33 - - [09/Nov/2015:16:52:53 +0000] "GET http://testp2.czar.bielawa.pl/testproxy.php HTTP/1.1" 404 373 "-" "Mozilla/5.0 (Windows NT 5.1; rv:32.0) Gecko/20100101 Firefox/31.0"
198.52.110.89 - - [09/Nov/2015:17:15:48 +0000] "GET //zecmd/zecmd.jsp?comment=whoami HTTP/1.1" 404 392 "-" "Mozilla/5.0 (Windows NT 6.1; WOW64) AppleWebKit/537.36 (KHTML, like Gecko) Chrome/30.0.1599.101 Safari/537.36"
198.52.110.89 - - [09/Nov/2015:17:15:49 +0000] "GET //CluJaNuL/cmd.jsp?cmd=whoami HTTP/1.1" 404 392 "-" "Mozilla/5.0 (Windows NT 6.1; WOW64) AppleWebKit/537.36 (KHTML, like Gecko) Chrome/30.0.1599.101 Safari/537.36"
198.52.110.89 - - [09/Nov/2015:17:15:49 +0000] "GET //wstats/wstats.jsp?comment=whoami HTTP/1.1" 404 392 "-" "Mozilla/5.0 (Windows NT 6.1; WOW64) AppleWebKit/537.36 (KHTML, like Gecko) Chrome/30.0.1599.101 Safari/537.36"
198.52.110.89 - - [09/Nov/2015:17:15:49 +0000] "GET //jmx-console/jmx.jsp HTTP/1.1" 404 392 "-" "Mozilla/5.0 (Windows NT 6.1; WOW64) AppleWebKit/537.36 (KHTML, like Gecko) Chrome/30.0.1599.101 Safari/537.36"
198.52.110.89 - - [09/Nov/2015:17:15:49 +0000] "GET //_tomcat/index.jsp HTTP/1.1" 404 392 "-" "Mozilla/5.0 (Windows NT 6.1; WOW64) AppleWebKit/537.36 (KHTML, like Gecko) Chrome/30.0.1599.101 Safari/537.36"
198.52.110.89 - - [09/Nov/2015:17:15:49 +0000] "HEAD //jmx-console/HtmlAdaptor?action=inspectMBean&name=jboss.system:type=ServerInfo HTTP/1.1" 404 159 "-" "Mozilla/5.0 (Windows NT 6.1; WOW64) AppleWebKit/537.36 (KHTML, like Gecko) Chrome/30.0.1599.101 Safari/537.36"
198.52.110.89 - - [09/Nov/2015:17:15:49 +0000] "HEAD //invoker/JMXInvokerServlet HTTP/1.1" 404 159 "-" "Mozilla/5.0 (Windows NT 6.1; WOW64) AppleWebKit/537.36 (KHTML, like Gecko) Chrome/30.0.1599.101 Safari/537.36"
222.186.21.195 - - [09/Nov/2015:21:19:00 +0000] "GET /manager/html HTTP/1.1" 404 373 "-" "Mozilla/5.0 (compatible; MSIE 10.0; Windows NT 6.2; WOW64; Trident/6.0)"
5.8.66.129 - - [09/Nov/2015:23:11:00 +0000] "GET /muieblackcat HTTP/1.1" 404 392 "-" "-"
5.8.66.129 - - [09/Nov/2015:23:11:01 +0000] "GET //phpMyAdmin/scripts/setup.php HTTP/1.1" 404 392 "-" "-"
5.8.66.129 - - [09/Nov/2015:23:11:02 +0000] "GET //phpmyadmin/scripts/setup.php HTTP/1.1" 404 392 "-" "-"
5.8.66.129 - - [09/Nov/2015:23:11:03 +0000] "GET //pma/scripts/setup.php HTTP/1.1" 404 392 "-" "-"
5.8.66.129 - - [09/Nov/2015:23:11:03 +0000] "GET //myadmin/scripts/setup.php HTTP/1.1" 404 392 "-" "-"
5.8.66.129 - - [09/Nov/2015:23:11:03 +0000] "GET //MyAdmin/scripts/setup.php HTTP/1.1" 404 392 "-" "-"
185.49.14.190 - - [10/Nov/2015:01:13:32 +0000] "GET http://testp4.pospr.waw.pl/testproxy.php HTTP/1.1" 404 373 "-" "Mozilla/5.0 (Windows NT 5.1; rv:32.0) Gecko/20100101 Firefox/31.0"
52.33.178.130 - - [10/Nov/2015:12:19:56 +0000] "GET / HTTP/1.1" 200 4216 "-" "Mozilla/4.0 (compatible; MSIE 6.0; Windows NT 5.1; SV1; InfoPath.2)"
91.196.50.33 - - [10/Nov/2015:12:20:13 +0000] "GET http://testp4.pospr.waw.pl/testproxy.php HTTP/1.1" 404 373 "-" "Mozilla/5.0 (Windows NT 5.1; rv:32.0) Gecko/20100101 Firefox/31.0"
137.189.98.10 - - [10/Nov/2015:13:25:26 +0000] "GET /ver1.0/Content/images/store/14/4/ae766e6e-e1ca-41f0-a46f-969d451bf225.Small.jpg HTTP/1.1" 404 429 "http://www.ehow.com/how_5054884_calculate-net-credit-sales.html" "Mozilla/5.0 (Windows NT 6.1; WOW64) AppleWebKit/537.36 (KHTML, like Gecko) Chrome/38.0.2125.111 Safari/537.36"
137.189.98.10 - - [10/Nov/2015:13:25:26 +0000] "GET /150X100/ds-photo/getty/article/77/27/89686952_XS.jpg HTTP/1.1" 404 429 "http://www.ehow.com/how_5054884_calculate-net-credit-sales.html" "Mozilla/5.0 (Windows NT 6.1; WOW64) AppleWebKit/537.36 (KHTML, like Gecko) Chrome/38.0.2125.111 Safari/537.36"
89.248.171.139 - - [10/Nov/2015:15:44:30 +0000] "GET /phpmyadmin/scripts/setup.php HTTP/1.0" 404 392 "-" "-"
107.150.43.202 - - [10/Nov/2015:16:29:14 +0000] "GET / HTTP/1.1" 200 4197 "-" "Mozilla/4.0 (compatible; MSIE 8.0; Windows NT 6.1; Trident/4.0; SLCC2; .NET CLR 2.0.50727; .NET CLR 3.5.30729; .NET CLR 3.0.30729; Media Center PC 6.0)"
5.8.66.78 - - [10/Nov/2015:16:39:54 +0000] "GET /muieblackcat HTTP/1.1" 404 392 "-" "-"
5.8.66.78 - - [10/Nov/2015:16:39:54 +0000] "GET //phpMyAdmin/scripts/setup.php HTTP/1.1" 404 392 "-" "-"
5.8.66.78 - - [10/Nov/2015:16:39:55 +0000] "GET //phpmyadmin/scripts/setup.php HTTP/1.1" 404 392 "-" "-"
5.8.66.78 - - [10/Nov/2015:16:39:55 +0000] "GET //pma/scripts/setup.php HTTP/1.1" 404 392 "-" "-"
5.8.66.78 - - [10/Nov/2015:16:39:55 +0000] "GET //myadmin/scripts/setup.php HTTP/1.1" 404 392 "-" "-"
5.8.66.78 - - [10/Nov/2015:16:39:56 +0000] "GET //MyAdmin/scripts/setup.php HTTP/1.1" 404 392 "-" "-"
61.186.245.211 - - [10/Nov/2015:17:51:53 +0000] "GET /web-console/ServerInfo.jsp HTTP/1.1" 404 373 "52.8.67.183:80/web-console/ServerInfo.jsp" "Mozilla/4.0 (compatible; MSIE 9.0; Windows NT 6.1; 2Pac; .NET CLR 2.0.50727; .NET CLR 3.0.04506.648; .NET CLR 3.5.21022)"
61.186.245.211 - - [10/Nov/2015:17:52:23 +0000] "GET /jmx-console/HtmlAdaptor?action=inspectMBean&name=jboss.system:type=ServerInfo HTTP/1.1" 404 373 "http://52.8.67.183:80/jmx-console/HtmlAdaptor?action=inspectMBean&name=jboss.system:type=ServerInfo" "Mozilla/4.0 (compatible; MSIE 9.0; Windows NT 6.1; 2Pac; .NET CLR 2.0.50727; .NET CLR 3.0.04506.648; .NET CLR 3.5.21022)"
61.186.245.211 - - [10/Nov/2015:17:52:55 +0000] "GET /invoker/JMXInvokerServlet HTTP/1.1" 404 373 "52.8.67.183:80/invoker/JMXInvokerServlet" "Mozilla/4.0 (compatible; MSIE 9.0; Windows NT 6.1; 2Pac; .NET CLR 2.0.50727; .NET CLR 3.0.04506.648; .NET CLR 3.5.21022)"
182.118.53.252 - - [10/Nov/2015:18:59:24 +0000] "GET / HTTP/1.1" 200 1254 "-" "Mozilla/5.0 (Macintosh; Intel Mac OS X 10_10_1) AppleWebKit/537.36 (KHTML, like Gecko) Chrome/41.0.2251.0 Safari/537.36"
222.186.34.229 - - [10/Nov/2015:23:06:28 +0000] "GET /manager/html HTTP/1.1" 404 373 "-" "Mozilla/5.0 (compatible; MSIE 10.0; Windows NT 6.2; WOW64; Trident/6.0)"
203.67.9.74 - - [10/Nov/2015:23:54:31 +0000] "-" 408 0 "-" "-"
185.49.14.190 - - [11/Nov/2015:09:01:27 +0000] "GET http://testp3.pospr.waw.pl/testproxy.php HTTP/1.1" 404 373 "-" "Mozilla/5.0 (Windows NT 5.1; rv:32.0) Gecko/20100101 Firefox/31.0"
201.212.8.212 - - [11/Nov/2015:10:34:02 +0000] "GET /w00tw00t.at.ISC.SANS.DFind:) HTTP/1.1" 400 0 "-" "-"
203.67.9.74 - - [11/Nov/2015:12:28:55 +0000] "-" 408 0 "-" "-"
141.212.122.112 - - [11/Nov/2015:13:03:27 +0000] "CONNECT proxytest.zmap.io:80 HTTP/1.1" 405 354 "-" "Mozilla/5.0 zgrab/0.x"
94.102.52.44 - - [11/Nov/2015:17:55:21 +0000] "GET / HTTP/1.0" 200 4216 "-" "-"
5.189.171.97 - - [12/Nov/2015:03:49:38 +0000] "GET /muieblackcat HTTP/1.1" 404 392 "-" "-"
5.189.171.97 - - [12/Nov/2015:03:49:39 +0000] "GET //phpMyAdmin/scripts/setup.php HTTP/1.1" 404 392 "-" "-"
5.189.171.97 - - [12/Nov/2015:03:49:39 +0000] "GET //phpmyadmin/scripts/setup.php HTTP/1.1" 404 392 "-" "-"
5.189.171.97 - - [12/Nov/2015:03:49:40 +0000] "GET //pma/scripts/setup.php HTTP/1.1" 404 392 "-" "-"
5.189.171.97 - - [12/Nov/2015:03:49:40 +0000] "GET //myadmin/scripts/setup.php HTTP/1.1" 404 392 "-" "-"
5.189.171.97 - - [12/Nov/2015:03:49:40 +0000] "GET //MyAdmin/scripts/setup.php HTTP/1.1" 404 392 "-" "-"
91.196.50.33 - - [12/Nov/2015:05:06:43 +0000] "GET http://testp5.mielno.lubin.pl/testproxy.php HTTP/1.1" 404 373 "-" "Mozilla/5.0 (Windows NT 5.1; rv:32.0) Gecko/20100101 Firefox/31.0"
217.31.48.13 - - [12/Nov/2015:10:03:49 +0000] "HEAD /rom-0 HTTP/1.1" 404 159 "-" "Python-httplib2/0.9 (gzip)"
173.193.157.42 - - [12/Nov/2015:10:30:41 +0000] "GET /muieblackcat HTTP/1.1" 404 392 "-" "-"
173.193.157.42 - - [12/Nov/2015:10:30:41 +0000] "GET //phpMyAdmin/scripts/setup.php HTTP/1.1" 404 392 "-" "-"
173.193.157.42 - - [12/Nov/2015:10:30:41 +0000] "GET //phpmyadmin/scripts/setup.php HTTP/1.1" 404 392 "-" "-"
173.193.157.42 - - [12/Nov/2015:10:30:42 +0000] "GET //pma/scripts/setup.php HTTP/1.1" 404 392 "-" "-"
173.193.157.42 - - [12/Nov/2015:10:30:42 +0000] "GET //myadmin/scripts/setup.php HTTP/1.1" 404 392 "-" "-"
173.193.157.42 - - [12/Nov/2015:10:30:42 +0000] "GET //MyAdmin/scripts/setup.php HTTP/1.1" 404 392 "-" "-"
203.67.9.74 - - [12/Nov/2015:11:13:13 +0000] "-" 408 0 "-" "-"
141.212.122.80 - - [12/Nov/2015:15:38:40 +0000] "GET /x HTTP/1.1" 400 0 "-" "Telesphoreo"
203.67.9.75 - - [12/Nov/2015:16:18:26 +0000] "-" 408 0 "-" "-"
222.186.21.195 - - [12/Nov/2015:17:35:22 +0000] "GET /manager/html HTTP/1.1" 404 373 "-" "Mozilla/5.0 (compatible; MSIE 10.0; Windows NT 6.2; WOW64; Trident/6.0)"
176.14.96.191 - - [12/Nov/2015:17:40:02 +0000] "POST /tmUnblock.cgi HTTP/1.1" 404 373 "-" "-"
149.202.42.42 - - [12/Nov/2015:20:06:10 +0000] "GET /muieblackcat HTTP/1.1" 404 392 "-" "-"
149.202.42.42 - - [12/Nov/2015:20:06:10 +0000] "GET //scripts/setup.php HTTP/1.1" 404 392 "-" "-"
149.202.42.42 - - [12/Nov/2015:20:06:11 +0000] "GET //admin/scripts/setup.php HTTP/1.1" 404 392 "-" "-"
149.202.42.42 - - [12/Nov/2015:20:06:11 +0000] "GET //admin/pma/scripts/setup.php HTTP/1.1" 404 392 "-" "-"
149.202.42.42 - - [12/Nov/2015:20:06:11 +0000] "GET //admin/phpmyadmin/scripts/setup.php HTTP/1.1" 404 392 "-" "-"
149.202.42.42 - - [12/Nov/2015:20:06:12 +0000] "GET //db/scripts/setup.php HTTP/1.1" 404 392 "-" "-"
149.202.42.42 - - [12/Nov/2015:20:06:12 +0000] "GET //dbadmin/scripts/setup.php HTTP/1.1" 404 392 "-" "-"
149.202.42.42 - - [12/Nov/2015:20:06:12 +0000] "GET //myadmin/scripts/setup.php HTTP/1.1" 404 392 "-" "-"
149.202.42.42 - - [12/Nov/2015:20:06:13 +0000] "GET //mysql/scripts/setup.php HTTP/1.1" 404 392 "-" "-"
149.202.42.42 - - [12/Nov/2015:20:06:13 +0000] "GET //mysqladmin/scripts/setup.php HTTP/1.1" 404 392 "-" "-"
149.202.42.42 - - [12/Nov/2015:20:06:13 +0000] "GET //typo3/phpmyadmin/scripts/setup.php HTTP/1.1" 404 392 "-" "-"
149.202.42.42 - - [12/Nov/2015:20:06:13 +0000] "GET //phpadmin/scripts/setup.php HTTP/1.1" 404 392 "-" "-"
149.202.42.42 - - [12/Nov/2015:20:06:14 +0000] "GET //pma/scripts/setup.php HTTP/1.1" 404 392 "-" "-"
149.202.42.42 - - [12/Nov/2015:20:06:14 +0000] "GET //web/phpMyAdmin/scripts/setup.php HTTP/1.1" 404 392 "-" "-"
149.202.42.42 - - [12/Nov/2015:20:06:14 +0000] "GET //xampp/phpmyadmin/scripts/setup.php HTTP/1.1" 404 392 "-" "-"
149.202.42.42 - - [12/Nov/2015:20:06:15 +0000] "GET //web/scripts/setup.php HTTP/1.1" 404 392 "-" "-"
149.202.42.42 - - [12/Nov/2015:20:06:15 +0000] "GET //php-my-admin/scripts/setup.php HTTP/1.1" 404 392 "-" "-"
149.202.42.42 - - [12/Nov/2015:20:06:15 +0000] "GET //websql/scripts/setup.php HTTP/1.1" 404 392 "-" "-"
149.202.42.42 - - [12/Nov/2015:20:06:16 +0000] "GET //phpMyAdmin-2/scripts/setup.php HTTP/1.1" 404 392 "-" "-"
149.202.42.42 - - [12/Nov/2015:20:06:16 +0000] "GET //_phpmyadmin/scripts/setup.php HTTP/1.1" 404 392 "-" "-"
149.202.42.42 - - [12/Nov/2015:20:06:16 +0000] "GET //administrator/components/com_joommyadmin/phpmyadmin/scripts/setup.php HTTP/1.1" 404 392 "-" "-"
